Archive member included to satisfy reference by file (symbol)

/home/fuj/.platformio/packages/framework-arduinoasrmicro650x/cores/asr650x/projects/CubeCellLib.a(AT_Command.o)
                              .pio/build/cubecell_board/src/main.ino.cpp.o (enableAt)
/home/fuj/.platformio/packages/framework-arduinoasrmicro650x/cores/asr650x/projects/CubeCellLib.a(UART_1.o)
                              /home/fuj/.platformio/packages/framework-arduinoasrmicro650x/cores/asr650x/projects/CubeCellLib.a(AT_Command.o) (UART_1_Start)
/home/fuj/.platformio/packages/framework-arduinoasrmicro650x/cores/asr650x/projects/CubeCellLib.a(ASR_Arduino.o)
                              /home/fuj/.platformio/packages/framework-arduinoasrmicro650x/cores/asr650x/projects/CubeCellLib.a(AT_Command.o) (license_check)
/home/fuj/.platformio/packages/framework-arduinoasrmicro650x/cores/asr650x/projects/CubeCellLib.a(timeServer.o)
                              /home/fuj/.platformio/packages/framework-arduinoasrmicro650x/cores/asr650x/projects/CubeCellLib.a(AT_Command.o) (TimerInit)
/home/fuj/.platformio/packages/framework-arduinoasrmicro650x/cores/asr650x/projects/CubeCellLib.a(lorawan_port.o)
                              /home/fuj/.platformio/packages/framework-arduinoasrmicro650x/cores/asr650x/projects/CubeCellLib.a(timeServer.o) (aos_lrwan_time_itf)
/home/fuj/.platformio/packages/framework-arduinoasrmicro650x/cores/asr650x/projects/CubeCellLib.a(asr_timer.o)
                              /home/fuj/.platformio/packages/framework-arduinoasrmicro650x/cores/asr650x/projects/CubeCellLib.a(lorawan_port.o) (Asr_Timer_RegisterAlarmCallback)
/home/fuj/.platformio/packages/framework-arduinoasrmicro650x/cores/asr650x/projects/CubeCellLib.a(cyfitter_cfg.o)
                              /home/fuj/.platformio/packages/framework-arduinoasrmicro650x/cores/asr650x/projects/CubeCellLib.a(ASR_Arduino.o) (systime)
.pio/build/cubecell_board/libea6/libGrove - Barometer Sensor BME280.a(Seeed_BME280.cpp.o)
                              .pio/build/cubecell_board/src/main.ino.cpp.o (BME280::init())
.pio/build/cubecell_board/libf04/libLoRa.a(LoRaWan_APP.cpp.o)
                              .pio/build/cubecell_board/src/main.ino.cpp.o (getBatteryVoltage)
.pio/build/cubecell_board/libf04/libLoRa.a(LoRa_APP.cpp.o)
                              /home/fuj/.platformio/packages/framework-arduinoasrmicro650x/cores/asr650x/projects/CubeCellLib.a(AT_Command.o) (LoraRxTimeout)
.pio/build/cubecell_board/libFrameworkArduino.a(HardwareSerial.cpp.o)
                              .pio/build/cubecell_board/src/main.ino.cpp.o (HardwareSerial::begin(unsigned long, signed char, unsigned long, bool, unsigned long))
.pio/build/cubecell_board/libFrameworkArduino.a(Wire.cpp.o)
                              .pio/build/cubecell_board/libea6/libGrove - Barometer Sensor BME280.a(Seeed_BME280.cpp.o) (TwoWire::available())
.pio/build/cubecell_board/libFrameworkArduino.a(asr_board.c.o)
                              .pio/build/cubecell_board/src/main.ino.cpp.o (boardInitMcu)
.pio/build/cubecell_board/libFrameworkArduino.a(gpio.c.o)
                              .pio/build/cubecell_board/libFrameworkArduino.a(asr_board.c.o) (GpioInit)
.pio/build/cubecell_board/libFrameworkArduino.a(spi-board.c.o)
                              .pio/build/cubecell_board/libFrameworkArduino.a(asr_board.c.o) (SpiInit)
.pio/build/cubecell_board/libFrameworkArduino.a(ADC_SAR_Seq.c.o)
                              /home/fuj/.platformio/packages/framework-arduinoasrmicro650x/cores/asr650x/projects/CubeCellLib.a(ASR_Arduino.o) (ADC_SAR_Seq_Start)
.pio/build/cubecell_board/libFrameworkArduino.a(ADC_SAR_Seq_INT.c.o)
                              .pio/build/cubecell_board/libFrameworkArduino.a(ADC_SAR_Seq.c.o) (ADC_SAR_Seq_ISR)
.pio/build/cubecell_board/libFrameworkArduino.a(I2C_1_I2C_MASTER.c.o)
                              .pio/build/cubecell_board/libFrameworkArduino.a(Wire.cpp.o) (I2C_1_I2CMasterSendStart)
.pio/build/cubecell_board/libFrameworkArduino.a(I2C_I2C_MASTER.c.o)
                              .pio/build/cubecell_board/libFrameworkArduino.a(Wire.cpp.o) (I2C_I2CMasterSendStart)
.pio/build/cubecell_board/libFrameworkArduino.a(PWM1.c.o)
                              /home/fuj/.platformio/packages/framework-arduinoasrmicro650x/cores/asr650x/projects/CubeCellLib.a(ASR_Arduino.o) (PWM1_Stop)
.pio/build/cubecell_board/libFrameworkArduino.a(PWM2.c.o)
                              /home/fuj/.platformio/packages/framework-arduinoasrmicro650x/cores/asr650x/projects/CubeCellLib.a(ASR_Arduino.o) (PWM2_Stop)
.pio/build/cubecell_board/libFrameworkArduino.a(Print.cpp.o)
                              .pio/build/cubecell_board/libf04/libLoRa.a(LoRaWan_APP.cpp.o) (Print::printf(char const*, ...))
.pio/build/cubecell_board/libFrameworkArduino.a(Stream.cpp.o)
                              .pio/build/cubecell_board/libFrameworkArduino.a(HardwareSerial.cpp.o) (Stream::readBytes(char*, unsigned int))
[...]
Memory Configuration

Name             Origin             Length             Attributes
rom              0x0000000000000000 0x0000000000020000 xr
ram              0x0000000020000000 0x0000000000004000 xrw
*default*        0x0000000000000000 0xffffffffffffffff

Linker script and memory map

LOAD /home/fuj/.platformio/packages/toolchain-gccarmnoneeabi/bin/../lib/gcc/arm-none-eabi/9.2.1/thumb/v6-m/nofp/crti.o
LOAD /home/fuj/.platformio/packages/toolchain-gccarmnoneeabi/bin/../lib/gcc/arm-none-eabi/9.2.1/thumb/v6-m/nofp/crtbegin.o
LOAD /home/fuj/.platformio/packages/toolchain-gccarmnoneeabi/bin/../lib/gcc/arm-none-eabi/9.2.1/../../../../arm-none-eabi/lib/thumb/v6-m/nofp/crt0.o
LOAD .pio/build/cubecell_board/src/main.ino.cpp.o
START GROUP
LOAD /home/fuj/.platformio/packages/framework-arduinoasrmicro650x/cores/asr650x/projects/CubeCellLib.a
LOAD .pio/build/cubecell_board/libea6/libGrove - Barometer Sensor BME280.a
LOAD .pio/build/cubecell_board/lib815/libRGB.a
LOAD .pio/build/cubecell_board/lib0ab/libOLED.a
LOAD .pio/build/cubecell_board/libf04/libLoRa.a
LOAD .pio/build/cubecell_board/libFrameworkArduinoVariant.a
LOAD .pio/build/cubecell_board/libFrameworkArduino.a
LOAD /home/fuj/.platformio/packages/toolchain-gccarmnoneeabi/bin/../lib/gcc/arm-none-eabi/9.2.1/../../../../arm-none-eabi/lib/thumb/v6-m/nofp/libstdc++_nano.a
END GROUP
LOAD /home/fuj/.platformio/packages/toolchain-gccarmnoneeabi/bin/../lib/gcc/arm-none-eabi/9.2.1/../../../../arm-none-eabi/lib/thumb/v6-m/nofp/libstdc++_nano.a
LOAD /home/fuj/.platformio/packages/toolchain-gccarmnoneeabi/bin/../lib/gcc/arm-none-eabi/9.2.1/../../../../arm-none-eabi/lib/thumb/v6-m/nofp/libm.a
START GROUP
LOAD /home/fuj/.platformio/packages/toolchain-gccarmnoneeabi/bin/../lib/gcc/arm-none-eabi/9.2.1/thumb/v6-m/nofp/libgcc.a
LOAD /home/fuj/.platformio/packages/toolchain-gccarmnoneeabi/bin/../lib/gcc/arm-none-eabi/9.2.1/../../../../arm-none-eabi/lib/thumb/v6-m/nofp/libc_nano.a
END GROUP
START GROUP
LOAD /home/fuj/.platformio/packages/toolchain-gccarmnoneeabi/bin/../lib/gcc/arm-none-eabi/9.2.1/thumb/v6-m/nofp/libgcc.a
LOAD /home/fuj/.platformio/packages/toolchain-gccarmnoneeabi/bin/../lib/gcc/arm-none-eabi/9.2.1/../../../../arm-none-eabi/lib/thumb/v6-m/nofp/libc_nano.a
END GROUP
LOAD /home/fuj/.platformio/packages/toolchain-gccarmnoneeabi/bin/../lib/gcc/arm-none-eabi/9.2.1/thumb/v6-m/nofp/crtend.o
LOAD /home/fuj/.platformio/packages/toolchain-gccarmnoneeabi/bin/../lib/gcc/arm-none-eabi/9.2.1/thumb/v6-m/nofp/crtn.o
START GROUP
LOAD /home/fuj/.platformio/packages/toolchain-gccarmnoneeabi/bin/../lib/gcc/arm-none-eabi/9.2.1/thumb/v6-m/nofp/libgcc.a
LOAD /home/fuj/.platformio/packages/toolchain-gccarmnoneeabi/bin/../lib/gcc/arm-none-eabi/9.2.1/../../../../arm-none-eabi/lib/thumb/v6-m/nofp/libc.a
LOAD /home/fuj/.platformio/packages/toolchain-gccarmnoneeabi/bin/../lib/gcc/arm-none-eabi/9.2.1/../../../../arm-none-eabi/lib/thumb/v6-m/nofp/libnosys.a
END GROUP
                0x0000000000000000                CY_APPL_ORIGIN = 0x0
                0x0000000000000100                CY_FLASH_ROW_SIZE = 0x100
                0x0000000000000001                CY_APPL_NUM = 0x1
                0x0000000000000001                CY_APPL_MAX = 0x1
                0x0000000000000040                CY_METADATA_SIZE = 0x40
                0x0000000000000001                CY_APPL_LOADABLE = 0x1
                0x0000000000000000                CY_CHECKSUM_EXCLUDE_SIZE = ALIGN (0x0, CY_FLASH_ROW_SIZE)
                0x0000000000000000                CY_APP_FOR_STACK_AND_COPIER = 0x0
                [!provide]                        PROVIDE (__cy_heap_start = _end)
                0x0000000000000001                PROVIDE (__cy_region_num = ((__cy_regions_end - __cy_regions) / 0x10))
                0x0000000020004000                PROVIDE (__cy_stack = (ORIGIN (ram) + LENGTH (ram)))
                [!provide]                        PROVIDE (__cy_heap_end = (__cy_stack - 0x800))

.cybootloader   0x0000000000000000     0x2200
 *(.cybootloader)
 .cybootloader  0x0000000000000000     0x2200 .pio/build/cubecell_board/libFrameworkArduino.a(cybootloader.c.o)
                0x0000000000000000                cy_bootloader
                0x0000000000002200                appl1_start = CY_APPL_ORIGIN?CY_APPL_ORIGIN:ALIGN (CY_FLASH_ROW_SIZE)
                0x0000000000011000                appl2_start = (appl1_start + ALIGN ((((LENGTH (rom) - appl1_start) - (0x2 * CY_FLASH_ROW_SIZE)) / 0x2), CY_FLASH_ROW_SIZE))
                0x0000000000002200                appl_start = (CY_APPL_NUM == 0x1)?appl1_start:appl2_start
                0x0000000000000000                cy_project_type_bootloader = (appl_start == 0x0)?0x1:0x0
                0x0000000000000000                cy_project_type_app_for_stack_and_copier = (CY_APP_FOR_STACK_AND_COPIER == 0x1)?0x1:0x0

.text           0x0000000000002200    0x11e58
 CREATE_OBJECT_SYMBOLS
                0x0000000000002200                PROVIDE (__cy_interrupt_vector = RomVectors)
 *(.romvectors)
 .romvectors    0x0000000000002200       0x10 .pio/build/cubecell_board/libFrameworkArduino.a(Cm0plusStart.c.o)
                0x0000000000002200                RomVectors
                0x0000000000000001                ASSERT ((. != __cy_interrupt_vector), No interrupt vector)
                0x0000000000000001                ASSERT (CY_APPL_ORIGIN?(SIZEOF (.cybootloader) <= CY_APPL_ORIGIN):0x1, Wrong image location)
                0x0000000000002210                PROVIDE (__cy_reset = Reset)
 *(.text.Reset)
 .text.Reset    0x0000000000002210       0x18 .pio/build/cubecell_board/libFrameworkArduino.a(Cm0plusStart.c.o)
                0x0000000000002210                Reset
                0x0000000000000001                ASSERT ((. != __cy_reset), No reset code)
 *(.psocinit)
 .psocinit      0x0000000000002228      0x1b4 /home/fuj/.platformio/packages/framework-arduinoasrmicro650x/cores/asr650x/projects/CubeCellLib.a(cyfitter_cfg.o)
                0x0000000000002228                cyfitter_cfg
                0x00000000000023dc                . = MAX (., 0x100)
 *(.text .text.* .gnu.linkonce.t.*)
 .text.__do_global_dtors_aux
                0x00000000000023dc       0x28 /home/fuj/.platformio/packages/toolchain-gccarmnoneeabi/bin/../lib/gcc/arm-none-eabi/9.2.1/thumb/v6-m/nofp/crtbegin.o
 .text.frame_dummy
                0x0000000000002404       0x20 /home/fuj/.platformio/packages/toolchain-gccarmnoneeabi/bin/../lib/gcc/arm-none-eabi/9.2.1/thumb/v6-m/nofp/crtbegin.o
 .text._Z5setupv
                0x0000000000002424       0x4c .pio/build/cubecell_board/src/main.ino.cpp.o
                0x0000000000002424                setup()
 .text._Z4loopv
                0x0000000000002470      0x154 .pio/build/cubecell_board/src/main.ino.cpp.o
                0x0000000000002470                loop()
 .text.unlikely.printLoraPara
                0x00000000000025c4       0x5c /home/fuj/.platformio/packages/framework-arduinoasrmicro650x/cores/asr650x/projects/CubeCellLib.a(AT_Command.o)
 .text.getLoraPara
                0x0000000000002620       0xb0 /home/fuj/.platformio/packages/framework-arduinoasrmicro650x/cores/asr650x/projects/CubeCellLib.a(AT_Command.o)
 .text.saveLoraPara
                0x00000000000026d0       0xb0 /home/fuj/.platformio/packages/framework-arduinoasrmicro650x/cores/asr650x/projects/CubeCellLib.a(AT_Command.o)
 .text.unlikely.updateLicence
                0x0000000000002780       0x68 /home/fuj/.platformio/packages/framework-arduinoasrmicro650x/cores/asr650x/projects/CubeCellLib.a(AT_Command.o)
 .text.initAt   0x00000000000027e8       0x30 /home/fuj/.platformio/packages/framework-arduinoasrmicro650x/cores/asr650x/projects/CubeCellLib.a(AT_Command.o)
 .text.onAutoLpm
                0x0000000000002818       0x58 /home/fuj/.platformio/packages/framework-arduinoasrmicro650x/cores/asr650x/projects/CubeCellLib.a(AT_Command.o)
 .text.unlikely.print_Para.isra.1
                0x0000000000002870      0x130 /home/fuj/.platformio/packages/framework-arduinoasrmicro650x/cores/asr650x/projects/CubeCellLib.a(AT_Command.o)
 .text.unlikely.checkLoraParaformat.isra.2
                0x00000000000029a0       0x84 /home/fuj/.platformio/packages/framework-arduinoasrmicro650x/cores/asr650x/projects/CubeCellLib.a(AT_Command.o)
 .text.unlikely.check_content.isra.5
                0x0000000000002a24      0x390 /home/fuj/.platformio/packages/framework-arduinoasrmicro650x/cores/asr650x/projects/CubeCellLib.a(AT_Command.o)
 .text.wakefromUart
                0x0000000000002db4       0xa4 /home/fuj/.platformio/packages/framework-arduinoasrmicro650x/cores/asr650x/projects/CubeCellLib.a(AT_Command.o)
 .text.ReceiveCommand
                0x0000000000002e58       0x64 /home/fuj/.platformio/packages/framework-arduinoasrmicro650x/cores/asr650x/projects/CubeCellLib.a(AT_Command.o)
 .text.updatePrintCopyright
                0x0000000000002ebc       0x3c /home/fuj/.platformio/packages/framework-arduinoasrmicro650x/cores/asr650x/projects/CubeCellLib.a(AT_Command.o)
                0x0000000000002ebc                updatePrintCopyright
 .text.checkUserAt
                0x0000000000002ef8        0x4 /home/fuj/.platformio/packages/framework-arduinoasrmicro650x/cores/asr650x/projects/CubeCellLib.a(AT_Command.o)
                0x0000000000002ef8                checkUserAt
 .text.enableAt
                0x0000000000002efc       0x2c /home/fuj/.platformio/packages/framework-arduinoasrmicro650x/cores/asr650x/projects/CubeCellLib.a(AT_Command.o)
                0x0000000000002efc                enableAt
 .text.print_para_1
                0x0000000000002f28       0x20 /home/fuj/.platformio/packages/framework-arduinoasrmicro650x/cores/asr650x/projects/CubeCellLib.a(AT_Command.o)
                0x0000000000002f28                print_para_1
 .text.getDevParam
                0x0000000000002f48      0x208 /home/fuj/.platformio/packages/framework-arduinoasrmicro650x/cores/asr650x/projects/CubeCellLib.a(AT_Command.o)
                0x0000000000002f48                getDevParam
 .text.netInfoDisable
                0x0000000000003150       0x1a /home/fuj/.platformio/packages/framework-arduinoasrmicro650x/cores/asr650x/projects/CubeCellLib.a(AT_Command.o)
                0x0000000000003150                netInfoDisable
 *fill*         0x000000000000316a        0x2 
 .text.onUartEvent
                0x000000000000316c      0xc4c /home/fuj/.platformio/packages/framework-arduinoasrmicro650x/cores/asr650x/projects/CubeCellLib.a(AT_Command.o)
 .text.saveNetInfo
                0x0000000000003db8       0x58 /home/fuj/.platformio/packages/framework-arduinoasrmicro650x/cores/asr650x/projects/CubeCellLib.a(AT_Command.o)
                0x0000000000003db8                saveNetInfo
 .text.checkNetInfo
                0x0000000000003e10       0x28 /home/fuj/.platformio/packages/framework-arduinoasrmicro650x/cores/asr650x/projects/CubeCellLib.a(AT_Command.o)
                0x0000000000003e10                checkNetInfo
 .text.saveDownCnt
                0x0000000000003e38       0x40 /home/fuj/.platformio/packages/framework-arduinoasrmicro650x/cores/asr650x/projects/CubeCellLib.a(AT_Command.o)
                0x0000000000003e38                saveDownCnt
 .text.getNetInfo
                0x0000000000003e78      0x120 /home/fuj/.platformio/packages/framework-arduinoasrmicro650x/cores/asr650x/projects/CubeCellLib.a(AT_Command.o)
                0x0000000000003e78                getNetInfo
 .text.printDevParam
                0x0000000000003f98      0x224 /home/fuj/.platformio/packages/framework-arduinoasrmicro650x/cores/asr650x/projects/CubeCellLib.a(AT_Command.o)
                0x0000000000003f98                printDevParam
 .text.UART_1_Enable
                0x00000000000041bc       0x20 /home/fuj/.platformio/packages/framework-arduinoasrmicro650x/cores/asr650x/projects/CubeCellLib.a(UART_1.o)
                0x00000000000041bc                UART_1_Enable
 .text.UART_1_Start
                0x00000000000041dc       0x54 /home/fuj/.platformio/packages/framework-arduinoasrmicro650x/cores/asr650x/projects/CubeCellLib.a(UART_1.o)
                0x00000000000041dc                UART_1_Start
 .text.UART_1_Stop
                0x0000000000004230       0x54 /home/fuj/.platformio/packages/framework-arduinoasrmicro650x/cores/asr650x/projects/CubeCellLib.a(UART_1.o)
                0x0000000000004230                UART_1_Stop
 .text.globalGpioIsrEntry
                0x0000000000004284       0x58 /home/fuj/.platformio/packages/framework-arduinoasrmicro650x/cores/asr650x/projects/CubeCellLib.a(ASR_Arduino.o)
                0x0000000000004284                globalGpioIsrEntry
 .text.getID    0x00000000000042dc       0x18 /home/fuj/.platformio/packages/framework-arduinoasrmicro650x/cores/asr650x/projects/CubeCellLib.a(ASR_Arduino.o)
                0x00000000000042dc                getID
 .text.license_check
                0x00000000000042f4      0x268 /home/fuj/.platformio/packages/framework-arduinoasrmicro650x/cores/asr650x/projects/CubeCellLib.a(ASR_Arduino.o)
                0x00000000000042f4                license_check
 .text.pinMode  0x000000000000455c       0x6c /home/fuj/.platformio/packages/framework-arduinoasrmicro650x/cores/asr650x/projects/CubeCellLib.a(ASR_Arduino.o)
                0x000000000000455c                pinMode
 .text.digitalWrite
                0x00000000000045c8       0x68 /home/fuj/.platformio/packages/framework-arduinoasrmicro650x/cores/asr650x/projects/CubeCellLib.a(ASR_Arduino.o)
                0x00000000000045c8                digitalWrite
 .text.digitalRead
                0x0000000000004630       0x20 /home/fuj/.platformio/packages/framework-arduinoasrmicro650x/cores/asr650x/projects/CubeCellLib.a(ASR_Arduino.o)
                0x0000000000004630                digitalRead
 .text.ClearPinInterrupt
                0x0000000000004650       0x1c /home/fuj/.platformio/packages/framework-arduinoasrmicro650x/cores/asr650x/projects/CubeCellLib.a(ASR_Arduino.o)
                0x0000000000004650                ClearPinInterrupt
 .text.attachInterrupt
                0x000000000000466c       0x7c /home/fuj/.platformio/packages/framework-arduinoasrmicro650x/cores/asr650x/projects/CubeCellLib.a(ASR_Arduino.o)
                0x000000000000466c                attachInterrupt
 .text.detachInterrupt
                0x00000000000046e8       0x6c /home/fuj/.platformio/packages/framework-arduinoasrmicro650x/cores/asr650x/projects/CubeCellLib.a(ASR_Arduino.o)
                0x00000000000046e8                detachInterrupt
 .text.analogRead
                0x0000000000004754       0x70 /home/fuj/.platformio/packages/framework-arduinoasrmicro650x/cores/asr650x/projects/CubeCellLib.a(ASR_Arduino.o)
                0x0000000000004754                analogRead
 .text.delay    0x00000000000047c4        0x8 /home/fuj/.platformio/packages/framework-arduinoasrmicro650x/cores/asr650x/projects/CubeCellLib.a(ASR_Arduino.o)
                0x00000000000047c4                delay
 .text.millis   0x00000000000047cc        0xc /home/fuj/.platformio/packages/framework-arduinoasrmicro650x/cores/asr650x/projects/CubeCellLib.a(ASR_Arduino.o)
                0x00000000000047cc                millis
 .text.SPI_BUSY_SetDriveMode
                0x00000000000047d8        0x2 /home/fuj/.platformio/packages/framework-arduinoasrmicro650x/cores/asr650x/projects/CubeCellLib.a(ASR_Arduino.o)
                0x00000000000047d8                SPI_BUSY_SetDriveMode
 .text.SPI_NRESET_SetDriveMode
                0x00000000000047da        0x2 /home/fuj/.platformio/packages/framework-arduinoasrmicro650x/cores/asr650x/projects/CubeCellLib.a(ASR_Arduino.o)
                0x00000000000047da                SPI_NRESET_SetDriveMode
 .text.antpow_SetDriveMode
                0x00000000000047dc        0x2 /home/fuj/.platformio/packages/framework-arduinoasrmicro650x/cores/asr650x/projects/CubeCellLib.a(ASR_Arduino.o)
                0x00000000000047dc                antpow_SetDriveMode
 .text.SPI_1_miso_m_SetDriveMode
                0x00000000000047de        0x2 /home/fuj/.platformio/packages/framework-arduinoasrmicro650x/cores/asr650x/projects/CubeCellLib.a(ASR_Arduino.o)
                0x00000000000047de                SPI_1_miso_m_SetDriveMode
 .text.SPI_1_mosi_m_SetDriveMode
                0x00000000000047e0        0x2 /home/fuj/.platformio/packages/framework-arduinoasrmicro650x/cores/asr650x/projects/CubeCellLib.a(ASR_Arduino.o)
                0x00000000000047e0                SPI_1_mosi_m_SetDriveMode
 .text.SPI_1_sclk_m_SetDriveMode
                0x00000000000047e2        0x2 /home/fuj/.platformio/packages/framework-arduinoasrmicro650x/cores/asr650x/projects/CubeCellLib.a(ASR_Arduino.o)
                0x00000000000047e2                SPI_1_sclk_m_SetDriveMode
 .text.TimeStampsUpdate
                0x00000000000047e4       0x38 /home/fuj/.platformio/packages/framework-arduinoasrmicro650x/cores/asr650x/projects/CubeCellLib.a(timeServer.o)
 .text.TimerSetTimeout
                0x000000000000481c       0x10 /home/fuj/.platformio/packages/framework-arduinoasrmicro650x/cores/asr650x/projects/CubeCellLib.a(timeServer.o)
 .text.TimerInsertNewHeadTimer
                0x000000000000482c       0x1c /home/fuj/.platformio/packages/framework-arduinoasrmicro650x/cores/asr650x/projects/CubeCellLib.a(timeServer.o)
 .text.TimerSetSysTime
                0x0000000000004848       0x10 /home/fuj/.platformio/packages/framework-arduinoasrmicro650x/cores/asr650x/projects/CubeCellLib.a(timeServer.o)
                0x0000000000004848                TimerSetSysTime
 .text.TimerGetSysTime
                0x0000000000004858       0x28 /home/fuj/.platformio/packages/framework-arduinoasrmicro650x/cores/asr650x/projects/CubeCellLib.a(timeServer.o)
                0x0000000000004858                TimerGetSysTime
 .text.TimerInit
                0x0000000000004880        0xe /home/fuj/.platformio/packages/framework-arduinoasrmicro650x/cores/asr650x/projects/CubeCellLib.a(timeServer.o)
                0x0000000000004880                TimerInit
 *fill*         0x000000000000488e        0x2 
 .text.TimerStart
                0x0000000000004890       0x88 /home/fuj/.platformio/packages/framework-arduinoasrmicro650x/cores/asr650x/projects/CubeCellLib.a(timeServer.o)
                0x0000000000004890                TimerStart
 .text.TimerIrqHandler
                0x0000000000004918       0x70 /home/fuj/.platformio/packages/framework-arduinoasrmicro650x/cores/asr650x/projects/CubeCellLib.a(timeServer.o)
                0x0000000000004918                TimerIrqHandler
 .text.TimerStop
                0x0000000000004988       0x68 /home/fuj/.platformio/packages/framework-arduinoasrmicro650x/cores/asr650x/projects/CubeCellLib.a(timeServer.o)
                0x0000000000004988                TimerStop
 .text.TimerSetValue
                0x00000000000049f0       0x1c /home/fuj/.platformio/packages/framework-arduinoasrmicro650x/cores/asr650x/projects/CubeCellLib.a(timeServer.o)
                0x00000000000049f0                TimerSetValue
 .text.TimerGetCurrentTime
                0x0000000000004a0c       0x10 /home/fuj/.platformio/packages/framework-arduinoasrmicro650x/cores/asr650x/projects/CubeCellLib.a(timeServer.o)
                0x0000000000004a0c                TimerGetCurrentTime
 .text.TimerGetElapsedTime
                0x0000000000004a1c       0x10 /home/fuj/.platformio/packages/framework-arduinoasrmicro650x/cores/asr650x/projects/CubeCellLib.a(timeServer.o)
                0x0000000000004a1c                TimerGetElapsedTime
 .text.TimerTempCompensation
                0x0000000000004a2c        0x2 /home/fuj/.platformio/packages/framework-arduinoasrmicro650x/cores/asr650x/projects/CubeCellLib.a(timeServer.o)
                0x0000000000004a2c                TimerTempCompensation
 *fill*         0x0000000000004a2e        0x2 
 .text.get_timer_context
                0x0000000000004a30        0xc /home/fuj/.platformio/packages/framework-arduinoasrmicro650x/cores/asr650x/projects/CubeCellLib.a(lorawan_port.o)
 .text.set_timer_val
                0x0000000000004a3c        0xc /home/fuj/.platformio/packages/framework-arduinoasrmicro650x/cores/asr650x/projects/CubeCellLib.a(lorawan_port.o)
 .text.radio_rw_dis
                0x0000000000004a48        0x2 /home/fuj/.platformio/packages/framework-arduinoasrmicro650x/cores/asr650x/projects/CubeCellLib.a(lorawan_port.o)
 .text.radio_rw
                0x0000000000004a4a        0x4 /home/fuj/.platformio/packages/framework-arduinoasrmicro650x/cores/asr650x/projects/CubeCellLib.a(lorawan_port.o)
 *fill*         0x0000000000004a4e        0x2 
 .text.RTC_Update_ASR
                0x0000000000004a50       0x28 /home/fuj/.platformio/packages/framework-arduinoasrmicro650x/cores/asr650x/projects/CubeCellLib.a(lorawan_port.o)
                0x0000000000004a50                RTC_Update_ASR
 .text.get_current_time
                0x0000000000004a78       0x54 /home/fuj/.platformio/packages/framework-arduinoasrmicro650x/cores/asr650x/projects/CubeCellLib.a(lorawan_port.o)
                0x0000000000004a78                get_current_time
 .text.get_sys_time
                0x0000000000004acc       0x28 /home/fuj/.platformio/packages/framework-arduinoasrmicro650x/cores/asr650x/projects/CubeCellLib.a(lorawan_port.o)
                0x0000000000004acc                get_sys_time
 .text.set_sys_time
                0x0000000000004af4       0x44 /home/fuj/.platformio/packages/framework-arduinoasrmicro650x/cores/asr650x/projects/CubeCellLib.a(lorawan_port.o)
                0x0000000000004af4                set_sys_time
 .text.compute_elapsed_time
                0x0000000000004b38       0x10 /home/fuj/.platformio/packages/framework-arduinoasrmicro650x/cores/asr650x/projects/CubeCellLib.a(lorawan_port.o)
 .text.get_timer_elapsed_time
                0x0000000000004b48       0x14 /home/fuj/.platformio/packages/framework-arduinoasrmicro650x/cores/asr650x/projects/CubeCellLib.a(lorawan_port.o)
 .text.set_timer_context
                0x0000000000004b5c       0x14 /home/fuj/.platformio/packages/framework-arduinoasrmicro650x/cores/asr650x/projects/CubeCellLib.a(lorawan_port.o)
 .text.enter_sleep_mode
                0x0000000000004b70        0x8 /home/fuj/.platformio/packages/framework-arduinoasrmicro650x/cores/asr650x/projects/CubeCellLib.a(lorawan_port.o)
 .text.set_alarm
                0x0000000000004b78       0x20 /home/fuj/.platformio/packages/framework-arduinoasrmicro650x/cores/asr650x/projects/CubeCellLib.a(lorawan_port.o)
 .text.set_timeout
                0x0000000000004b98       0x2e /home/fuj/.platformio/packages/framework-arduinoasrmicro650x/cores/asr650x/projects/CubeCellLib.a(lorawan_port.o)
 .text.AlarmBackHandler
                0x0000000000004bc6        0x8 /home/fuj/.platformio/packages/framework-arduinoasrmicro650x/cores/asr650x/projects/CubeCellLib.a(lorawan_port.o)
 .text.stop_alarm
                0x0000000000004bce        0x8 /home/fuj/.platformio/packages/framework-arduinoasrmicro650x/cores/asr650x/projects/CubeCellLib.a(lorawan_port.o)
 .text.delay_ms
                0x0000000000004bd6        0x8 /home/fuj/.platformio/packages/framework-arduinoasrmicro650x/cores/asr650x/projects/CubeCellLib.a(lorawan_port.o)
 .text.get_mft_baud
                0x0000000000004bde        0x8 /home/fuj/.platformio/packages/framework-arduinoasrmicro650x/cores/asr650x/projects/CubeCellLib.a(lorawan_port.o)
 .text.set_mft_baud
                0x0000000000004be6        0x8 /home/fuj/.platformio/packages/framework-arduinoasrmicro650x/cores/asr650x/projects/CubeCellLib.a(lorawan_port.o)
 .text.get_mft_sn
                0x0000000000004bee        0x8 /home/fuj/.platformio/packages/framework-arduinoasrmicro650x/cores/asr650x/projects/CubeCellLib.a(lorawan_port.o)
 .text.get_mft_rev
                0x0000000000004bf6        0x8 /home/fuj/.platformio/packages/framework-arduinoasrmicro650x/cores/asr650x/projects/CubeCellLib.a(lorawan_port.o)
 .text.get_mft_model
                0x0000000000004bfe        0x8 /home/fuj/.platformio/packages/framework-arduinoasrmicro650x/cores/asr650x/projects/CubeCellLib.a(lorawan_port.o)
 .text.get_mft_id
                0x0000000000004c06        0x8 /home/fuj/.platformio/packages/framework-arduinoasrmicro650x/cores/asr650x/projects/CubeCellLib.a(lorawan_port.o)
 .text.radio_rw_en
                0x0000000000004c0e        0x2 /home/fuj/.platformio/packages/framework-arduinoasrmicro650x/cores/asr650x/projects/CubeCellLib.a(lorawan_port.o)
 .text.exit_stop_mode
                0x0000000000004c10        0x2 /home/fuj/.platformio/packages/framework-arduinoasrmicro650x/cores/asr650x/projects/CubeCellLib.a(lorawan_port.o)
 .text.set_uc_wakeup_time
                0x0000000000004c12        0x2 /home/fuj/.platformio/packages/framework-arduinoasrmicro650x/cores/asr650x/projects/CubeCellLib.a(lorawan_port.o)
 .text.radio_reset
                0x0000000000004c14        0x2 /home/fuj/.platformio/packages/framework-arduinoasrmicro650x/cores/asr650x/projects/CubeCellLib.a(lorawan_port.o)
 .text.radio_reset_cfg_input
                0x0000000000004c16        0x2 /home/fuj/.platformio/packages/framework-arduinoasrmicro650x/cores/asr650x/projects/CubeCellLib.a(lorawan_port.o)
 .text.BackupGpioDriveMode
                0x0000000000004c18      0x114 /home/fuj/.platformio/packages/framework-arduinoasrmicro650x/cores/asr650x/projects/CubeCellLib.a(lorawan_port.o)
                0x0000000000004c18                BackupGpioDriveMode
 .text.RestoreGpioDriveMode
                0x0000000000004d2c      0x118 /home/fuj/.platformio/packages/framework-arduinoasrmicro650x/cores/asr650x/projects/CubeCellLib.a(lorawan_port.o)
                0x0000000000004d2c                RestoreGpioDriveMode
 .text.SetPinHIZ
                0x0000000000004e44       0x2e /home/fuj/.platformio/packages/framework-arduinoasrmicro650x/cores/asr650x/projects/CubeCellLib.a(lorawan_port.o)
                0x0000000000004e44                SetPinHIZ
 .text.UartDeepsleep
                0x0000000000004e72       0x28 /home/fuj/.platformio/packages/framework-arduinoasrmicro650x/cores/asr650x/projects/CubeCellLib.a(lorawan_port.o)
                0x0000000000004e72                UartDeepsleep
 *fill*         0x0000000000004e9a        0x2 
 .text.enter_stop_mode
                0x0000000000004e9c       0x3c /home/fuj/.platformio/packages/framework-arduinoasrmicro650x/cores/asr650x/projects/CubeCellLib.a(lorawan_port.o)
 .text.RtcInit  0x0000000000004ed8       0x3c /home/fuj/.platformio/packages/framework-arduinoasrmicro650x/cores/asr650x/projects/CubeCellLib.a(lorawan_port.o)
                0x0000000000004ed8                RtcInit
 .text.Asr_Timer_RegisterAlarmCallback
                0x0000000000004f14       0x10 /home/fuj/.platformio/packages/framework-arduinoasrmicro650x/cores/asr650x/projects/CubeCellLib.a(asr_timer.o)
                0x0000000000004f14                Asr_Timer_RegisterAlarmCallback
 .text.Asr_SetTimeout
                0x0000000000004f24       0xc4 /home/fuj/.platformio/packages/framework-arduinoasrmicro650x/cores/asr650x/projects/CubeCellLib.a(asr_timer.o)
                0x0000000000004f24                Asr_SetTimeout
 .text.Asr_Timer_Init
                0x0000000000004fe8       0x68 /home/fuj/.platformio/packages/framework-arduinoasrmicro650x/cores/asr650x/projects/CubeCellLib.a(asr_timer.o)
                0x0000000000004fe8                Asr_Timer_Init
 .text.Asr_Timer_Disable
                0x0000000000005050       0x18 /home/fuj/.platformio/packages/framework-arduinoasrmicro650x/cores/asr650x/projects/CubeCellLib.a(asr_timer.o)
                0x0000000000005050                Asr_Timer_Disable
 .text.Timer0IsrCallback
                0x0000000000005068       0x1c /home/fuj/.platformio/packages/framework-arduinoasrmicro650x/cores/asr650x/projects/CubeCellLib.a(asr_timer.o)
                0x0000000000005068                Timer0IsrCallback
 .text.Timer1IsrCallback
                0x0000000000005084       0x28 /home/fuj/.platformio/packages/framework-arduinoasrmicro650x/cores/asr650x/projects/CubeCellLib.a(asr_timer.o)
                0x0000000000005084                Timer1IsrCallback
 .text.systemTimer
                0x00000000000050ac       0x10 /home/fuj/.platformio/packages/framework-arduinoasrmicro650x/cores/asr650x/projects/CubeCellLib.a(cyfitter_cfg.o)
                0x00000000000050ac                systemTimer
 .text.SetAnalogRoutingPumps
                0x00000000000050bc       0x1c /home/fuj/.platformio/packages/framework-arduinoasrmicro650x/cores/asr650x/projects/CubeCellLib.a(cyfitter_cfg.o)
                0x00000000000050bc                SetAnalogRoutingPumps
 .text._ZN6BME28013writeRegisterEhh
                0x00000000000050d8       0x2c .pio/build/cubecell_board/libea6/libGrove - Barometer Sensor BME280.a(Seeed_BME280.cpp.o)
                0x00000000000050d8                BME280::writeRegister(unsigned char, unsigned char)
 .text._ZN6BME28011BME280Read8Eh
                0x0000000000005104       0x40 .pio/build/cubecell_board/libea6/libGrove - Barometer Sensor BME280.a(Seeed_BME280.cpp.o)
                0x0000000000005104                BME280::BME280Read8(unsigned char)
 .text._ZN6BME28012BME280Read16Eh
                0x0000000000005144       0x4c .pio/build/cubecell_board/libea6/libGrove - Barometer Sensor BME280.a(Seeed_BME280.cpp.o)
                0x0000000000005144                BME280::BME280Read16(unsigned char)
 .text._ZN6BME28014BME280Read16LEEh
                0x0000000000005190        0xc .pio/build/cubecell_board/libea6/libGrove - Barometer Sensor BME280.a(Seeed_BME280.cpp.o)
                0x0000000000005190                BME280::BME280Read16LE(unsigned char)
 .text._ZN6BME2804initEv
                0x000000000000519c      0x118 .pio/build/cubecell_board/libea6/libGrove - Barometer Sensor BME280.a(Seeed_BME280.cpp.o)
                0x000000000000519c                BME280::init()
 .text._ZN6BME28012BME280Read24Eh
                0x00000000000052b4       0x50 .pio/build/cubecell_board/libea6/libGrove - Barometer Sensor BME280.a(Seeed_BME280.cpp.o)
                0x00000000000052b4                BME280::BME280Read24(unsigned char)
 .text._ZN6BME28014getTemperatureEv
                0x0000000000005304       0x48 .pio/build/cubecell_board/libea6/libGrove - Barometer Sensor BME280.a(Seeed_BME280.cpp.o)
                0x0000000000005304                BME280::getTemperature()
 .text._ZN6BME28011getHumidityEv
                0x000000000000534c       0x9c .pio/build/cubecell_board/libea6/libGrove - Barometer Sensor BME280.a(Seeed_BME280.cpp.o)
                0x000000000000534c                BME280::getHumidity()
 .text._ZN6BME28011getPressureEv
                0x00000000000053e8      0x17c .pio/build/cubecell_board/libea6/libGrove - Barometer Sensor BME280.a(Seeed_BME280.cpp.o)
                0x00000000000053e8                BME280::getPressure()
 .text._ZL11McpsConfirmP12sMcpsConfirm
                0x0000000000005564        0xc .pio/build/cubecell_board/libf04/libLoRa.a(LoRaWan_APP.cpp.o)
 .text._ZL11MlmeConfirmP12sMlmeConfirm
                0x0000000000005570       0x54 .pio/build/cubecell_board/libf04/libLoRa.a(LoRaWan_APP.cpp.o)
 .text._ZL24OnTxNextPacketTimerEventv
                0x00000000000055c4       0x68 .pio/build/cubecell_board/libf04/libLoRa.a(LoRaWan_APP.cpp.o)
 .text._ZL14MlmeIndicationP15sMlmeIndication
                0x000000000000562c        0xe .pio/build/cubecell_board/libf04/libLoRa.a(LoRaWan_APP.cpp.o)
 .text.getBatteryVoltage
                0x000000000000563a       0x28 .pio/build/cubecell_board/libf04/libLoRa.a(LoRaWan_APP.cpp.o)
                0x000000000000563a                getBatteryVoltage
 *fill*         0x0000000000005662        0x2 
 .text.BoardGetBatteryLevel
                0x0000000000005664       0x7c .pio/build/cubecell_board/libf04/libLoRa.a(LoRaWan_APP.cpp.o)
                0x0000000000005664                BoardGetBatteryLevel
 .text.downLinkDataHandle
                0x00000000000056e0       0x58 .pio/build/cubecell_board/libf04/libLoRa.a(LoRaWan_APP.cpp.o)
                0x00000000000056e0                downLinkDataHandle
 .text._ZL14McpsIndicationP15sMcpsIndication
                0x0000000000005738       0x38 .pio/build/cubecell_board/libf04/libLoRa.a(LoRaWan_APP.cpp.o)
 .text.lwan_dev_params_update
                0x0000000000005770       0xa0 .pio/build/cubecell_board/libf04/libLoRa.a(LoRaWan_APP.cpp.o)
                0x0000000000005770                lwan_dev_params_update
 .text.SendFrame
                0x0000000000005810       0x8c .pio/build/cubecell_board/libf04/libLoRa.a(LoRaWan_APP.cpp.o)
                0x0000000000005810                SendFrame
 .text._ZN12LoRaWanClass4initE12eDeviceClass16eLoRaMacRegion_t
                0x000000000000589c      0x114 .pio/build/cubecell_board/libf04/libLoRa.a(LoRaWan_APP.cpp.o)
                0x000000000000589c                LoRaWanClass::init(eDeviceClass, eLoRaMacRegion_t)
 .text._ZN12LoRaWanClass4joinEv
                0x00000000000059b0       0xb0 .pio/build/cubecell_board/libf04/libLoRa.a(LoRaWan_APP.cpp.o)
                0x00000000000059b0                LoRaWanClass::join()
 .text._ZN12LoRaWanClass4sendEv
                0x0000000000005a60       0x3c .pio/build/cubecell_board/libf04/libLoRa.a(LoRaWan_APP.cpp.o)
                0x0000000000005a60                LoRaWanClass::send()
 .text._ZN12LoRaWanClass5cycleEm
                0x0000000000005a9c       0x18 .pio/build/cubecell_board/libf04/libLoRa.a(LoRaWan_APP.cpp.o)
                0x0000000000005a9c                LoRaWanClass::cycle(unsigned long)
 .text._ZN12LoRaWanClass5sleepEv
                0x0000000000005ab4       0x14 .pio/build/cubecell_board/libf04/libLoRa.a(LoRaWan_APP.cpp.o)
                0x0000000000005ab4                LoRaWanClass::sleep()
 .text._ZN12LoRaWanClass10ifskipjoinEv
                0x0000000000005ac8       0xfc .pio/build/cubecell_board/libf04/libLoRa.a(LoRaWan_APP.cpp.o)
                0x0000000000005ac8                LoRaWanClass::ifskipjoin()
 .text._ZN6Stream9readBytesEPhj
                0x0000000000005bc4        0xa .pio/build/cubecell_board/libFrameworkArduino.a(HardwareSerial.cpp.o)
                0x0000000000005bc4                Stream::readBytes(unsigned char*, unsigned int)
 .text._ZN14HardwareSerial17availableForWriteEv
                0x0000000000005bce        0x4 .pio/build/cubecell_board/libFrameworkArduino.a(HardwareSerial.cpp.o)
                0x0000000000005bce                HardwareSerial::peek()
                0x0000000000005bce                HardwareSerial::availableForWrite()
 .text._ZN14HardwareSerialD2Ev
                0x0000000000005bd2        0x2 .pio/build/cubecell_board/libFrameworkArduino.a(HardwareSerial.cpp.o)
                0x0000000000005bd2                HardwareSerial::~HardwareSerial()
                0x0000000000005bd2                HardwareSerial::~HardwareSerial()
 .text._ZN14HardwareSerial9availableEv
                0x0000000000005bd4       0x16 .pio/build/cubecell_board/libFrameworkArduino.a(HardwareSerial.cpp.o)
                0x0000000000005bd4                HardwareSerial::available()
 .text._ZN14HardwareSerial4readEv
                0x0000000000005bea       0x26 .pio/build/cubecell_board/libFrameworkArduino.a(HardwareSerial.cpp.o)
                0x0000000000005bea                HardwareSerial::read()
 .text._ZN14HardwareSerial5flushEv
                0x0000000000005c10       0x1c .pio/build/cubecell_board/libFrameworkArduino.a(HardwareSerial.cpp.o)
                0x0000000000005c10                HardwareSerial::flush()
 .text._ZN14HardwareSerial5writeEh
                0x0000000000005c2c       0x1a .pio/build/cubecell_board/libFrameworkArduino.a(HardwareSerial.cpp.o)
                0x0000000000005c2c                HardwareSerial::write(unsigned char)
 .text._ZN14HardwareSerial5writeEPKhj
                0x0000000000005c46       0x28 .pio/build/cubecell_board/libFrameworkArduino.a(HardwareSerial.cpp.o)
                0x0000000000005c46                HardwareSerial::write(unsigned char const*, unsigned int)
 .text._ZN14HardwareSerialD0Ev
                0x0000000000005c6e        0xe .pio/build/cubecell_board/libFrameworkArduino.a(HardwareSerial.cpp.o)
                0x0000000000005c6e                HardwareSerial::~HardwareSerial()
 .text._ZN14HardwareSerial5beginEmambm
                0x0000000000005c7c       0xb0 .pio/build/cubecell_board/libFrameworkArduino.a(HardwareSerial.cpp.o)
                0x0000000000005c7c                HardwareSerial::begin(unsigned long, signed char, unsigned long, bool, unsigned long)
 .text.startup._GLOBAL__sub_I_Serial
                0x0000000000005d2c       0x5c .pio/build/cubecell_board/libFrameworkArduino.a(HardwareSerial.cpp.o)
 .text._ZN7TwoWireD2Ev
                0x0000000000005d88        0x2 .pio/build/cubecell_board/libFrameworkArduino.a(Wire.cpp.o)
                0x0000000000005d88                TwoWire::~TwoWire()
                0x0000000000005d88                TwoWire::~TwoWire()
 .text._ZN7TwoWire5writeEPKhj
                0x0000000000005d8a       0x24 .pio/build/cubecell_board/libFrameworkArduino.a(Wire.cpp.o)
                0x0000000000005d8a                TwoWire::write(unsigned char const*, unsigned int)
 .text._ZN7TwoWire9availableEv
                0x0000000000005dae        0xe .pio/build/cubecell_board/libFrameworkArduino.a(Wire.cpp.o)
                0x0000000000005dae                TwoWire::available()
 .text._ZN7TwoWire4readEv
                0x0000000000005dbc       0x20 .pio/build/cubecell_board/libFrameworkArduino.a(Wire.cpp.o)
                0x0000000000005dbc                TwoWire::read()
 .text._ZN7TwoWire4peekEv
                0x0000000000005ddc       0x1c .pio/build/cubecell_board/libFrameworkArduino.a(Wire.cpp.o)
                0x0000000000005ddc                TwoWire::peek()
 .text._ZN7TwoWireD0Ev
                0x0000000000005df8       0x10 .pio/build/cubecell_board/libFrameworkArduino.a(Wire.cpp.o)
                0x0000000000005df8                TwoWire::~TwoWire()
 .text._ZN7TwoWire5writeEh
                0x0000000000005e08       0x40 .pio/build/cubecell_board/libFrameworkArduino.a(Wire.cpp.o)
                0x0000000000005e08                TwoWire::write(unsigned char)
 .text._ZN7TwoWire5flushEv
                0x0000000000005e48       0x78 .pio/build/cubecell_board/libFrameworkArduino.a(Wire.cpp.o)
                0x0000000000005e48                TwoWire::flush()
 .text._ZN7TwoWireC2Ea
                0x0000000000005ec0       0x3c .pio/build/cubecell_board/libFrameworkArduino.a(Wire.cpp.o)
                0x0000000000005ec0                TwoWire::TwoWire(signed char)
                0x0000000000005ec0                TwoWire::TwoWire(signed char)
 .text._ZN7TwoWire5beginEma
                0x0000000000005efc       0x6c .pio/build/cubecell_board/libFrameworkArduino.a(Wire.cpp.o)
                0x0000000000005efc                TwoWire::begin(unsigned long, signed char)
 .text._ZN7TwoWire3endEv
                0x0000000000005f68       0x16 .pio/build/cubecell_board/libFrameworkArduino.a(Wire.cpp.o)
                0x0000000000005f68                TwoWire::end()
 .text._ZN7TwoWire17writeTransmissionEtPhtb
                0x0000000000005f7e       0x88 .pio/build/cubecell_board/libFrameworkArduino.a(Wire.cpp.o)
                0x0000000000005f7e                TwoWire::writeTransmission(unsigned short, unsigned char*, unsigned short, bool)
 .text._ZN7TwoWire16readTransmissionEtPhtbPm
                0x0000000000006006       0xa0 .pio/build/cubecell_board/libFrameworkArduino.a(Wire.cpp.o)
                0x0000000000006006                TwoWire::readTransmission(unsigned short, unsigned char*, unsigned short, bool, unsigned long*)
 .text._ZN7TwoWire15endTransmissionEb
                0x00000000000060a6       0x68 .pio/build/cubecell_board/libFrameworkArduino.a(Wire.cpp.o)
                0x00000000000060a6                TwoWire::endTransmission(bool)
 .text._ZN7TwoWire11requestFromEthb
                0x000000000000610e       0x74 .pio/build/cubecell_board/libFrameworkArduino.a(Wire.cpp.o)
                0x000000000000610e                TwoWire::requestFrom(unsigned short, unsigned char, bool)
 .text._ZN7TwoWire11requestFromEii
                0x0000000000006182        0xe .pio/build/cubecell_board/libFrameworkArduino.a(Wire.cpp.o)
                0x0000000000006182                TwoWire::requestFrom(int, int)
 .text._ZN7TwoWire17beginTransmissionEi
                0x0000000000006190       0x12 .pio/build/cubecell_board/libFrameworkArduino.a(Wire.cpp.o)
                0x0000000000006190                TwoWire::beginTransmission(int)
 .text._ZN7TwoWire15endTransmissionEv
                0x00000000000061a2        0xa .pio/build/cubecell_board/libFrameworkArduino.a(Wire.cpp.o)
                0x00000000000061a2                TwoWire::endTransmission()
 .text.startup._GLOBAL__sub_I__ZN7TwoWireC2Ea
                0x00000000000061ac       0x40 .pio/build/cubecell_board/libFrameworkArduino.a(Wire.cpp.o)
 .text.SX126xIoInit
                0x00000000000061ec       0x44 .pio/build/cubecell_board/libFrameworkArduino.a(asr_board.c.o)
                0x00000000000061ec                SX126xIoInit
 .text.SX126xIoIrqInit
                0x0000000000006230       0x14 .pio/build/cubecell_board/libFrameworkArduino.a(asr_board.c.o)
                0x0000000000006230                SX126xIoIrqInit
 .text.SX126xGetBoardTcxoWakeupTime
                0x0000000000006244        0x4 .pio/build/cubecell_board/libFrameworkArduino.a(asr_board.c.o)
                0x0000000000006244                SX126xGetBoardTcxoWakeupTime
 .text.SX126xReset
                0x0000000000006248       0x50 .pio/build/cubecell_board/libFrameworkArduino.a(asr_board.c.o)
                0x0000000000006248                SX126xReset
 .text.SX126xWaitOnBusy
                0x0000000000006298       0x14 .pio/build/cubecell_board/libFrameworkArduino.a(asr_board.c.o)
                0x0000000000006298                SX126xWaitOnBusy
 .text.SX126xWakeup
                0x00000000000062ac       0x38 .pio/build/cubecell_board/libFrameworkArduino.a(asr_board.c.o)
                0x00000000000062ac                SX126xWakeup
 .text.SX126xWriteCommand
                0x00000000000062e4       0x50 .pio/build/cubecell_board/libFrameworkArduino.a(asr_board.c.o)
                0x00000000000062e4                SX126xWriteCommand
 .text.SX126xReadCommand
                0x0000000000006334       0x54 .pio/build/cubecell_board/libFrameworkArduino.a(asr_board.c.o)
                0x0000000000006334                SX126xReadCommand
 .text.SX126xWriteRegisters
                0x0000000000006388       0x5c .pio/build/cubecell_board/libFrameworkArduino.a(asr_board.c.o)
                0x0000000000006388                SX126xWriteRegisters
 .text.SX126xWriteRegister
                0x00000000000063e4       0x12 .pio/build/cubecell_board/libFrameworkArduino.a(asr_board.c.o)
                0x00000000000063e4                SX126xWriteRegister
 *fill*         0x00000000000063f6        0x2 
 .text.SX126xReadRegisters
                0x00000000000063f8       0x64 .pio/build/cubecell_board/libFrameworkArduino.a(asr_board.c.o)
                0x00000000000063f8                SX126xReadRegisters
 .text.SX126xReadRegister
                0x000000000000645c       0x12 .pio/build/cubecell_board/libFrameworkArduino.a(asr_board.c.o)
                0x000000000000645c                SX126xReadRegister
 *fill*         0x000000000000646e        0x2 
 .text.SX126xWriteBuffer
                0x0000000000006470       0x54 .pio/build/cubecell_board/libFrameworkArduino.a(asr_board.c.o)
                0x0000000000006470                SX126xWriteBuffer
 .text.SX126xReadBuffer
                0x00000000000064c4       0x5c .pio/build/cubecell_board/libFrameworkArduino.a(asr_board.c.o)
                0x00000000000064c4                SX126xReadBuffer
 .text.SX126xSetRfTxPower
                0x0000000000006520        0xa .pio/build/cubecell_board/libFrameworkArduino.a(asr_board.c.o)
                0x0000000000006520                SX126xSetRfTxPower
 .text.SX126xGetPaSelect
                0x000000000000652a        0x4 .pio/build/cubecell_board/libFrameworkArduino.a(asr_board.c.o)
                0x000000000000652a                SX126xGetPaSelect
 .text.SX126xAntSwOn
                0x000000000000652e        0x2 .pio/build/cubecell_board/libFrameworkArduino.a(asr_board.c.o)
                0x000000000000652e                SX126xAntSwOn
 .text.SX126xAntSwOff
                0x0000000000006530        0x2 .pio/build/cubecell_board/libFrameworkArduino.a(asr_board.c.o)
                0x0000000000006530                SX126xAntSwOff
 .text.BoardDisableIrq
                0x0000000000006532        0x4 .pio/build/cubecell_board/libFrameworkArduino.a(asr_board.c.o)
                0x0000000000006532                BoardDisableIrq
 .text.BoardEnableIrq
                0x0000000000006536        0x4 .pio/build/cubecell_board/libFrameworkArduino.a(asr_board.c.o)
                0x0000000000006536                BoardEnableIrq
 *fill*         0x000000000000653a        0x2 
 .text.boardInitMcu
                0x000000000000653c       0x54 .pio/build/cubecell_board/libFrameworkArduino.a(asr_board.c.o)
                0x000000000000653c                boardInitMcu
 .text.HW_Get_MFT_ID
                0x0000000000006590        0x8 .pio/build/cubecell_board/libFrameworkArduino.a(asr_board.c.o)
                0x0000000000006590                HW_Get_MFT_ID
 .text.HW_Get_MFT_Model
                0x0000000000006598        0x8 .pio/build/cubecell_board/libFrameworkArduino.a(asr_board.c.o)
                0x0000000000006598                HW_Get_MFT_Model
 .text.HW_Get_MFT_Rev
                0x00000000000065a0        0x8 .pio/build/cubecell_board/libFrameworkArduino.a(asr_board.c.o)
                0x00000000000065a0                HW_Get_MFT_Rev
 .text.HW_Get_MFT_SN
                0x00000000000065a8       0x24 .pio/build/cubecell_board/libFrameworkArduino.a(asr_board.c.o)
                0x00000000000065a8                HW_Get_MFT_SN
 .text.HW_Set_MFT_Baud
                0x00000000000065cc       0x64 .pio/build/cubecell_board/libFrameworkArduino.a(asr_board.c.o)
                0x00000000000065cc                HW_Set_MFT_Baud
 .text.HW_Get_MFT_Baud
                0x0000000000006630        0xc .pio/build/cubecell_board/libFrameworkArduino.a(asr_board.c.o)
                0x0000000000006630                HW_Get_MFT_Baud
 .text.GpioInit
                0x000000000000663c       0x12 .pio/build/cubecell_board/libFrameworkArduino.a(gpio.c.o)
                0x000000000000663c                GpioInit
 .text.GpioSetInterrupt
                0x000000000000664e        0x8 .pio/build/cubecell_board/libFrameworkArduino.a(gpio.c.o)
                0x000000000000664e                GpioSetInterrupt
 .text.GpioWrite
                0x0000000000006656        0x8 .pio/build/cubecell_board/libFrameworkArduino.a(gpio.c.o)
                0x0000000000006656                GpioWrite
 .text.GpioRead
                0x000000000000665e        0x8 .pio/build/cubecell_board/libFrameworkArduino.a(gpio.c.o)
                0x000000000000665e                GpioRead
 .text.SpiInit  0x0000000000006666        0x8 .pio/build/cubecell_board/libFrameworkArduino.a(spi-board.c.o)
                0x0000000000006666                SpiInit
 *fill*         0x000000000000666e        0x2 
 .text.SpiInOut
                0x0000000000006670       0x34 .pio/build/cubecell_board/libFrameworkArduino.a(spi-board.c.o)
                0x0000000000006670                SpiInOut
 .text.ADC_SAR_Seq_Init
                0x00000000000066a4       0xd8 .pio/build/cubecell_board/libFrameworkArduino.a(ADC_SAR_Seq.c.o)
                0x00000000000066a4                ADC_SAR_Seq_Init
 .text.ADC_SAR_Seq_Enable
                0x000000000000677c       0x2c .pio/build/cubecell_board/libFrameworkArduino.a(ADC_SAR_Seq.c.o)
                0x000000000000677c                ADC_SAR_Seq_Enable
 .text.ADC_SAR_Seq_Start
                0x00000000000067a8       0x1c .pio/build/cubecell_board/libFrameworkArduino.a(ADC_SAR_Seq.c.o)
                0x00000000000067a8                ADC_SAR_Seq_Start
 .text.ADC_SAR_Seq_Stop
                0x00000000000067c4       0x10 .pio/build/cubecell_board/libFrameworkArduino.a(ADC_SAR_Seq.c.o)
                0x00000000000067c4                ADC_SAR_Seq_Stop
 .text.ADC_SAR_Seq_StartConvert
                0x00000000000067d4        0xc .pio/build/cubecell_board/libFrameworkArduino.a(ADC_SAR_Seq.c.o)
                0x00000000000067d4                ADC_SAR_Seq_StartConvert
 .text.ADC_SAR_Seq_StopConvert
                0x00000000000067e0        0x2 .pio/build/cubecell_board/libFrameworkArduino.a(ADC_SAR_Seq.c.o)
                0x00000000000067e0                ADC_SAR_Seq_StopConvert
 *fill*         0x00000000000067e2        0x2 
 .text.ADC_SAR_Seq_IsEndConversion
                0x00000000000067e4       0x2c .pio/build/cubecell_board/libFrameworkArduino.a(ADC_SAR_Seq.c.o)
                0x00000000000067e4                ADC_SAR_Seq_IsEndConversion
 .text.ADC_SAR_Seq_GetResult16
                0x0000000000006810       0x20 .pio/build/cubecell_board/libFrameworkArduino.a(ADC_SAR_Seq.c.o)
                0x0000000000006810                ADC_SAR_Seq_GetResult16
 .text.ADC_SAR_Seq_CountsTo_mVolts
                0x0000000000006830       0x50 .pio/build/cubecell_board/libFrameworkArduino.a(ADC_SAR_Seq.c.o)
                0x0000000000006830                ADC_SAR_Seq_CountsTo_mVolts
 .text.ADC_SAR_Seq_ISR
                0x0000000000006880        0xc .pio/build/cubecell_board/libFrameworkArduino.a(ADC_SAR_Seq_INT.c.o)
                0x0000000000006880                ADC_SAR_Seq_ISR
 .text.I2C_1_I2CMasterHandleStatus
                0x000000000000688c       0x94 .pio/build/cubecell_board/libFrameworkArduino.a(I2C_1_I2C_MASTER.c.o)
 .text.I2C_1_I2CMasterWaitOneUnit
                0x0000000000006920       0x24 .pio/build/cubecell_board/libFrameworkArduino.a(I2C_1_I2C_MASTER.c.o)
 .text.I2C_1_I2CMasterSendStart
                0x0000000000006944       0xbc .pio/build/cubecell_board/libFrameworkArduino.a(I2C_1_I2C_MASTER.c.o)
                0x0000000000006944                I2C_1_I2CMasterSendStart
 .text.I2C_1_I2CMasterSendStop
                0x0000000000006a00       0x54 .pio/build/cubecell_board/libFrameworkArduino.a(I2C_1_I2C_MASTER.c.o)
                0x0000000000006a00                I2C_1_I2CMasterSendStop
 .text.I2C_1_I2CMasterWriteByte
                0x0000000000006a54       0x44 .pio/build/cubecell_board/libFrameworkArduino.a(I2C_1_I2C_MASTER.c.o)
                0x0000000000006a54                I2C_1_I2CMasterWriteByte
 .text.I2C_1_I2CMasterReadByte
                0x0000000000006a98       0x78 .pio/build/cubecell_board/libFrameworkArduino.a(I2C_1_I2C_MASTER.c.o)
                0x0000000000006a98                I2C_1_I2CMasterReadByte
 .text.I2C_1_I2CMasterClearReadBuf
                0x0000000000006b10       0x24 .pio/build/cubecell_board/libFrameworkArduino.a(I2C_1_I2C_MASTER.c.o)
                0x0000000000006b10                I2C_1_I2CMasterClearReadBuf
 .text.I2C_1_I2CMasterClearWriteBuf
                0x0000000000006b34       0x24 .pio/build/cubecell_board/libFrameworkArduino.a(I2C_1_I2C_MASTER.c.o)
                0x0000000000006b34                I2C_1_I2CMasterClearWriteBuf
 .text.I2C_1_I2CMasterClearStatus
                0x0000000000006b58       0x20 .pio/build/cubecell_board/libFrameworkArduino.a(I2C_1_I2C_MASTER.c.o)
                0x0000000000006b58                I2C_1_I2CMasterClearStatus
 .text.I2C_I2CMasterHandleStatus
                0x0000000000006b78       0x94 .pio/build/cubecell_board/libFrameworkArduino.a(I2C_I2C_MASTER.c.o)
 .text.I2C_I2CMasterWaitOneUnit
                0x0000000000006c0c       0x24 .pio/build/cubecell_board/libFrameworkArduino.a(I2C_I2C_MASTER.c.o)
 .text.I2C_I2CMasterSendStart
                0x0000000000006c30       0xbc .pio/build/cubecell_board/libFrameworkArduino.a(I2C_I2C_MASTER.c.o)
                0x0000000000006c30                I2C_I2CMasterSendStart
 .text.I2C_I2CMasterSendStop
                0x0000000000006cec       0x54 .pio/build/cubecell_board/libFrameworkArduino.a(I2C_I2C_MASTER.c.o)
                0x0000000000006cec                I2C_I2CMasterSendStop
 .text.I2C_I2CMasterWriteByte
                0x0000000000006d40       0x44 .pio/build/cubecell_board/libFrameworkArduino.a(I2C_I2C_MASTER.c.o)
                0x0000000000006d40                I2C_I2CMasterWriteByte
 .text.I2C_I2CMasterReadByte
                0x0000000000006d84       0x78 .pio/build/cubecell_board/libFrameworkArduino.a(I2C_I2C_MASTER.c.o)
                0x0000000000006d84                I2C_I2CMasterReadByte
 .text.I2C_I2CMasterClearReadBuf
                0x0000000000006dfc       0x24 .pio/build/cubecell_board/libFrameworkArduino.a(I2C_I2C_MASTER.c.o)
                0x0000000000006dfc                I2C_I2CMasterClearReadBuf
 .text.I2C_I2CMasterClearWriteBuf
                0x0000000000006e20       0x24 .pio/build/cubecell_board/libFrameworkArduino.a(I2C_I2C_MASTER.c.o)
                0x0000000000006e20                I2C_I2CMasterClearWriteBuf
 .text.I2C_I2CMasterClearStatus
                0x0000000000006e44       0x20 .pio/build/cubecell_board/libFrameworkArduino.a(I2C_I2C_MASTER.c.o)
                0x0000000000006e44                I2C_I2CMasterClearStatus
 .text.PWM1_Stop
                0x0000000000006e64       0x34 .pio/build/cubecell_board/libFrameworkArduino.a(PWM1.c.o)
                0x0000000000006e64                PWM1_Stop
 .text.PWM2_Stop
                0x0000000000006e98       0x34 .pio/build/cubecell_board/libFrameworkArduino.a(PWM2.c.o)
                0x0000000000006e98                PWM2_Stop
 .text._ZN5Print5writeEPKc
                0x0000000000006ecc       0x1c .pio/build/cubecell_board/libFrameworkArduino.a(Print.cpp.o)
                0x0000000000006ecc                Print::write(char const*)
 .text._ZN5Print6printfEPKcz
                0x0000000000006ee8       0x5a .pio/build/cubecell_board/libFrameworkArduino.a(Print.cpp.o)
                0x0000000000006ee8                Print::printf(char const*, ...)
 .text._ZN5Print5printEPKc
                0x0000000000006f42        0x8 .pio/build/cubecell_board/libFrameworkArduino.a(Print.cpp.o)
                0x0000000000006f42                Print::print(char const*)
 *fill*         0x0000000000006f4a        0x2 
 .text._ZN5Print7printlnEv
                0x0000000000006f4c       0x10 .pio/build/cubecell_board/libFrameworkArduino.a(Print.cpp.o)
                0x0000000000006f4c                Print::println()
 .text._ZN5Print7printlnEPKc
                0x0000000000006f5c       0x14 .pio/build/cubecell_board/libFrameworkArduino.a(Print.cpp.o)
                0x0000000000006f5c                Print::println(char const*)
 .text._ZN6Stream9timedReadEv
                0x0000000000006f70       0x2a .pio/build/cubecell_board/libFrameworkArduino.a(Stream.cpp.o)
                0x0000000000006f70                Stream::timedRead()
 .text._ZN6Stream9readBytesEPcj
                0x0000000000006f9a       0x22 .pio/build/cubecell_board/libFrameworkArduino.a(Stream.cpp.o)
                0x0000000000006f9a                Stream::readBytes(char*, unsigned int)
 .text._ZN6Stream10readStringEv
                0x0000000000006fbc       0x28 .pio/build/cubecell_board/libFrameworkArduino.a(Stream.cpp.o)
                0x0000000000006fbc                Stream::readString()
 .text._ZN6String10invalidateEv
                0x0000000000006fe4       0x18 .pio/build/cubecell_board/libFrameworkArduino.a(WString.cpp.o)
                0x0000000000006fe4                String::invalidate()
 .text._ZN6String12changeBufferEj
                0x0000000000006ffc       0x3a .pio/build/cubecell_board/libFrameworkArduino.a(WString.cpp.o)
                0x0000000000006ffc                String::changeBuffer(unsigned int)
 .text._ZN6String7reserveEj
                0x0000000000007036       0x2a .pio/build/cubecell_board/libFrameworkArduino.a(WString.cpp.o)
                0x0000000000007036                String::reserve(unsigned int)
 .text._ZN6String4copyEPKcj
                0x0000000000007060       0x28 .pio/build/cubecell_board/libFrameworkArduino.a(WString.cpp.o)
                0x0000000000007060                String::copy(char const*, unsigned int)
 .text._ZN6StringC2EPKc
                0x0000000000007088       0x26 .pio/build/cubecell_board/libFrameworkArduino.a(WString.cpp.o)
                0x0000000000007088                String::String(char const*)
                0x0000000000007088                String::String(char const*)
 .text._ZN6String6concatEPKcj
                0x00000000000070ae       0x32 .pio/build/cubecell_board/libFrameworkArduino.a(WString.cpp.o)
                0x00000000000070ae                String::concat(char const*, unsigned int)
 .text._ZN6String6concatEc
                0x00000000000070e0       0x16 .pio/build/cubecell_board/libFrameworkArduino.a(WString.cpp.o)
                0x00000000000070e0                String::concat(char)
 *fill*         0x00000000000070f6        0x2 
 .text.global_irq_SetPriority
                0x00000000000070f8       0x20 .pio/build/cubecell_board/libFrameworkArduino.a(irq.c.o)
                0x00000000000070f8                global_irq_SetPriority
 .text.global_irq_StartEx
                0x0000000000007118       0x24 .pio/build/cubecell_board/libFrameworkArduino.a(irq.c.o)
                0x0000000000007118                global_irq_StartEx
 .text.global_irq_Disable
                0x000000000000713c        0xc .pio/build/cubecell_board/libFrameworkArduino.a(irq.c.o)
                0x000000000000713c                global_irq_Disable
 .text.RadioCheckRfFrequency
                0x0000000000007148        0x4 .pio/build/cubecell_board/libFrameworkArduino.a(radio.c.o)
                0x0000000000007148                RadioCheckRfFrequency
 .text.RadioOnDioIrq
                0x000000000000714c        0xc .pio/build/cubecell_board/libFrameworkArduino.a(radio.c.o)
                0x000000000000714c                RadioOnDioIrq
 .text.RadioStandby
                0x0000000000007158        0xa .pio/build/cubecell_board/libFrameworkArduino.a(radio.c.o)
                0x0000000000007158                RadioStandby
 *fill*         0x0000000000007162        0x2 
 .text.RadioInit
                0x0000000000007164       0x6c .pio/build/cubecell_board/libFrameworkArduino.a(radio.c.o)
                0x0000000000007164                RadioInit
 .text.RadioGetStatus
                0x00000000000071d0       0x1a .pio/build/cubecell_board/libFrameworkArduino.a(radio.c.o)
                0x00000000000071d0                RadioGetStatus
 .text.RadioSetChannel
                0x00000000000071ea        0x8 .pio/build/cubecell_board/libFrameworkArduino.a(radio.c.o)
                0x00000000000071ea                RadioSetChannel
 .text.RadioRssi
                0x00000000000071f2        0xa .pio/build/cubecell_board/libFrameworkArduino.a(radio.c.o)
                0x00000000000071f2                RadioRssi
 .text.RadioSyncWord
                0x00000000000071fc       0x10 .pio/build/cubecell_board/libFrameworkArduino.a(radio.c.o)
                0x00000000000071fc                RadioSyncWord
 .text.RadioSend
                0x000000000000720c       0x58 .pio/build/cubecell_board/libFrameworkArduino.a(radio.c.o)
                0x000000000000720c                RadioSend
 .text.RadioSleep
                0x0000000000007264       0x10 .pio/build/cubecell_board/libFrameworkArduino.a(radio.c.o)
                0x0000000000007264                RadioSleep
 .text.RadioSetRxDutyCycle
                0x0000000000007274        0x8 .pio/build/cubecell_board/libFrameworkArduino.a(radio.c.o)
                0x0000000000007274                RadioSetRxDutyCycle
 .text.RadioStartCad
                0x000000000000727c       0x64 .pio/build/cubecell_board/libFrameworkArduino.a(radio.c.o)
                0x000000000000727c                RadioStartCad
 .text.RadioSetTxContinuousWave
                0x00000000000072e0       0x44 .pio/build/cubecell_board/libFrameworkArduino.a(radio.c.o)
                0x00000000000072e0                RadioSetTxContinuousWave
 .text.RadioWrite
                0x0000000000007324        0x8 .pio/build/cubecell_board/libFrameworkArduino.a(radio.c.o)
                0x0000000000007324                RadioWrite
 .text.RadioRead
                0x000000000000732c        0x8 .pio/build/cubecell_board/libFrameworkArduino.a(radio.c.o)
                0x000000000000732c                RadioRead
 .text.RadioWriteBuffer
                0x0000000000007334        0x8 .pio/build/cubecell_board/libFrameworkArduino.a(radio.c.o)
                0x0000000000007334                RadioWriteBuffer
 .text.RadioReadBuffer
                0x000000000000733c        0x8 .pio/build/cubecell_board/libFrameworkArduino.a(radio.c.o)
                0x000000000000733c                RadioReadBuffer
 .text.RadioGetWakeupTime
                0x0000000000007344        0xa .pio/build/cubecell_board/libFrameworkArduino.a(radio.c.o)
                0x0000000000007344                RadioGetWakeupTime
 *fill*         0x000000000000734e        0x2 
 .text.RadioOnTxTimeoutIrq
                0x0000000000007350       0x20 .pio/build/cubecell_board/libFrameworkArduino.a(radio.c.o)
                0x0000000000007350                RadioOnTxTimeoutIrq
 .text.RadioOnRxTimeoutIrq
                0x0000000000007370       0x20 .pio/build/cubecell_board/libFrameworkArduino.a(radio.c.o)
                0x0000000000007370                RadioOnRxTimeoutIrq
 .text.RadioOnCadTimeoutIrq
                0x0000000000007390       0x20 .pio/build/cubecell_board/libFrameworkArduino.a(radio.c.o)
                0x0000000000007390                RadioOnCadTimeoutIrq
 .text.RadioGetFskBandwidthRegValue
                0x00000000000073b0       0x34 .pio/build/cubecell_board/libFrameworkArduino.a(radio.c.o)
 .text.RadioSetMaxPayloadLength
                0x00000000000073e4       0x38 .pio/build/cubecell_board/libFrameworkArduino.a(radio.c.o)
                0x00000000000073e4                RadioSetMaxPayloadLength
 .text.RadioRx  0x000000000000741c       0x54 .pio/build/cubecell_board/libFrameworkArduino.a(radio.c.o)
                0x000000000000741c                RadioRx
 .text.RadioRxBoosted
                0x0000000000007470       0x48 .pio/build/cubecell_board/libFrameworkArduino.a(radio.c.o)
                0x0000000000007470                RadioRxBoosted
 .text.RadioIrqProcess
                0x00000000000074b8      0x13c .pio/build/cubecell_board/libFrameworkArduino.a(radio.c.o)
                0x00000000000074b8                RadioIrqProcess
 .text.RadioSetPublicNetwork
                0x00000000000075f4       0x40 .pio/build/cubecell_board/libFrameworkArduino.a(radio.c.o)
                0x00000000000075f4                RadioSetPublicNetwork
 .text.RadioSetModem.part.0
                0x0000000000007634       0x20 .pio/build/cubecell_board/libFrameworkArduino.a(radio.c.o)
 .text.RadioSetModem
                0x0000000000007654       0x20 .pio/build/cubecell_board/libFrameworkArduino.a(radio.c.o)
                0x0000000000007654                RadioSetModem
 .text.RadioIsChannelFree
                0x0000000000007674       0x50 .pio/build/cubecell_board/libFrameworkArduino.a(radio.c.o)
                0x0000000000007674                RadioIsChannelFree
 .text.RadioRandom
                0x00000000000076c4       0x38 .pio/build/cubecell_board/libFrameworkArduino.a(radio.c.o)
                0x00000000000076c4                RadioRandom
 .text.RadioSymbTime
                0x00000000000076fc       0x2c .pio/build/cubecell_board/libFrameworkArduino.a(radio.c.o)
                0x00000000000076fc                RadioSymbTime
 .text.RadioSetRxConfig
                0x0000000000007728      0x23c .pio/build/cubecell_board/libFrameworkArduino.a(radio.c.o)
                0x0000000000007728                RadioSetRxConfig
 .text.RadioSetTxConfig
                0x0000000000007964      0x1c4 .pio/build/cubecell_board/libFrameworkArduino.a(radio.c.o)
                0x0000000000007964                RadioSetTxConfig
 .text.RadioTimeOnAir
                0x0000000000007b28      0x198 .pio/build/cubecell_board/libFrameworkArduino.a(radio.c.o)
                0x0000000000007b28                RadioTimeOnAir
 .text.SX126xGetOperatingMode
                0x0000000000007cc0        0xc .pio/build/cubecell_board/libFrameworkArduino.a(sx126x.c.o)
                0x0000000000007cc0                SX126xGetOperatingMode
 .text.SX126xSetOperatingMode
                0x0000000000007ccc        0xc .pio/build/cubecell_board/libFrameworkArduino.a(sx126x.c.o)
                0x0000000000007ccc                SX126xSetOperatingMode
 .text.SX126xCheckDeviceReady
                0x0000000000007cd8       0x24 .pio/build/cubecell_board/libFrameworkArduino.a(sx126x.c.o)
                0x0000000000007cd8                SX126xCheckDeviceReady
 .text.SX126xSetPayload
                0x0000000000007cfc        0xe .pio/build/cubecell_board/libFrameworkArduino.a(sx126x.c.o)
                0x0000000000007cfc                SX126xSetPayload
 .text.SX126xSetSyncWord
                0x0000000000007d0a       0x10 .pio/build/cubecell_board/libFrameworkArduino.a(sx126x.c.o)
                0x0000000000007d0a                SX126xSetSyncWord
 *fill*         0x0000000000007d1a        0x2 
 .text.SX126xSetCrcSeed
                0x0000000000007d1c       0x24 .pio/build/cubecell_board/libFrameworkArduino.a(sx126x.c.o)
                0x0000000000007d1c                SX126xSetCrcSeed
 .text.SX126xSetCrcPolynomial
                0x0000000000007d40       0x24 .pio/build/cubecell_board/libFrameworkArduino.a(sx126x.c.o)
                0x0000000000007d40                SX126xSetCrcPolynomial
 .text.SX126xSetWhiteningSeed
                0x0000000000007d64       0x3c .pio/build/cubecell_board/libFrameworkArduino.a(sx126x.c.o)
                0x0000000000007d64                SX126xSetWhiteningSeed
 .text.SX126xSetSleep
                0x0000000000007da0       0x20 .pio/build/cubecell_board/libFrameworkArduino.a(sx126x.c.o)
                0x0000000000007da0                SX126xSetSleep
 .text.SX126xSetStandby
                0x0000000000007dc0       0x28 .pio/build/cubecell_board/libFrameworkArduino.a(sx126x.c.o)
                0x0000000000007dc0                SX126xSetStandby
 .text.SX126xSetTx
                0x0000000000007de8       0x24 .pio/build/cubecell_board/libFrameworkArduino.a(sx126x.c.o)
                0x0000000000007de8                SX126xSetTx
 .text.SX126xSendPayload
                0x0000000000007e0c       0x10 .pio/build/cubecell_board/libFrameworkArduino.a(sx126x.c.o)
                0x0000000000007e0c                SX126xSendPayload
 .text.SX126xSetRx
                0x0000000000007e1c       0x24 .pio/build/cubecell_board/libFrameworkArduino.a(sx126x.c.o)
                0x0000000000007e1c                SX126xSetRx
 .text.SX126xSetRxBoosted
                0x0000000000007e40       0x30 .pio/build/cubecell_board/libFrameworkArduino.a(sx126x.c.o)
                0x0000000000007e40                SX126xSetRxBoosted
 .text.SX126xSetRxDutyCycle
                0x0000000000007e70       0x2c .pio/build/cubecell_board/libFrameworkArduino.a(sx126x.c.o)
                0x0000000000007e70                SX126xSetRxDutyCycle
 .text.SX126xSetCad
                0x0000000000007e9c       0x18 .pio/build/cubecell_board/libFrameworkArduino.a(sx126x.c.o)
                0x0000000000007e9c                SX126xSetCad
 .text.SX126xSetTxContinuousWave
                0x0000000000007eb4        0xe .pio/build/cubecell_board/libFrameworkArduino.a(sx126x.c.o)
                0x0000000000007eb4                SX126xSetTxContinuousWave
 .text.SX126xSetStopRxTimerOnPreambleDetect
                0x0000000000007ec2       0x12 .pio/build/cubecell_board/libFrameworkArduino.a(sx126x.c.o)
                0x0000000000007ec2                SX126xSetStopRxTimerOnPreambleDetect
 .text.SX126xSetLoRaSymbNumTimeout
                0x0000000000007ed4       0x12 .pio/build/cubecell_board/libFrameworkArduino.a(sx126x.c.o)
                0x0000000000007ed4                SX126xSetLoRaSymbNumTimeout
 .text.SX126xSetRegulatorMode
                0x0000000000007ee6       0x12 .pio/build/cubecell_board/libFrameworkArduino.a(sx126x.c.o)
                0x0000000000007ee6                SX126xSetRegulatorMode
 .text.SX126xCalibrate
                0x0000000000007ef8       0x10 .pio/build/cubecell_board/libFrameworkArduino.a(sx126x.c.o)
                0x0000000000007ef8                SX126xCalibrate
 .text.SX126xCalibrateImage
                0x0000000000007f08       0x68 .pio/build/cubecell_board/libFrameworkArduino.a(sx126x.c.o)
                0x0000000000007f08                SX126xCalibrateImage
 .text.SX126xSetPaConfig
                0x0000000000007f70       0x18 .pio/build/cubecell_board/libFrameworkArduino.a(sx126x.c.o)
                0x0000000000007f70                SX126xSetPaConfig
 .text.SX126xSetDioIrqParams
                0x0000000000007f88       0x20 .pio/build/cubecell_board/libFrameworkArduino.a(sx126x.c.o)
                0x0000000000007f88                SX126xSetDioIrqParams
 .text.SX126xGetIrqStatus
                0x0000000000007fa8       0x1a .pio/build/cubecell_board/libFrameworkArduino.a(sx126x.c.o)
                0x0000000000007fa8                SX126xGetIrqStatus
 .text.SX126xSetDio2AsRfSwitchCtrl
                0x0000000000007fc2       0x12 .pio/build/cubecell_board/libFrameworkArduino.a(sx126x.c.o)
                0x0000000000007fc2                SX126xSetDio2AsRfSwitchCtrl
 .text.SX126xSetDio3AsTcxoCtrl
                0x0000000000007fd4       0x1e .pio/build/cubecell_board/libFrameworkArduino.a(sx126x.c.o)
                0x0000000000007fd4                SX126xSetDio3AsTcxoCtrl
 *fill*         0x0000000000007ff2        0x2 
 .text.SX126xInit
                0x0000000000007ff4       0x4c .pio/build/cubecell_board/libFrameworkArduino.a(sx126x.c.o)
                0x0000000000007ff4                SX126xInit
 .text.SX126xSetRfFrequency
                0x0000000000008040       0x40 .pio/build/cubecell_board/libFrameworkArduino.a(sx126x.c.o)
                0x0000000000008040                SX126xSetRfFrequency
 .text.SX126xSetPacketType
                0x0000000000008080       0x1c .pio/build/cubecell_board/libFrameworkArduino.a(sx126x.c.o)
                0x0000000000008080                SX126xSetPacketType
 .text.SX126xGetPacketType
                0x000000000000809c        0xc .pio/build/cubecell_board/libFrameworkArduino.a(sx126x.c.o)
                0x000000000000809c                SX126xGetPacketType
 .text.SX126xSetTxParams
                0x00000000000080a8       0xb4 .pio/build/cubecell_board/libFrameworkArduino.a(sx126x.c.o)
                0x00000000000080a8                SX126xSetTxParams
 .text.SX126xSetModulationParams
                0x000000000000815c       0xa0 .pio/build/cubecell_board/libFrameworkArduino.a(sx126x.c.o)
                0x000000000000815c                SX126xSetModulationParams
 .text.SX126xSetPacketParams
                0x00000000000081fc       0xa8 .pio/build/cubecell_board/libFrameworkArduino.a(sx126x.c.o)
                0x00000000000081fc                SX126xSetPacketParams
 .text.SX126xSetCadParams
                0x00000000000082a4       0x30 .pio/build/cubecell_board/libFrameworkArduino.a(sx126x.c.o)
                0x00000000000082a4                SX126xSetCadParams
 .text.SX126xSetBufferBaseAddress
                0x00000000000082d4       0x14 .pio/build/cubecell_board/libFrameworkArduino.a(sx126x.c.o)
                0x00000000000082d4                SX126xSetBufferBaseAddress
 .text.SX126xGetRssiInst
                0x00000000000082e8       0x16 .pio/build/cubecell_board/libFrameworkArduino.a(sx126x.c.o)
                0x00000000000082e8                SX126xGetRssiInst
 *fill*         0x00000000000082fe        0x2 
 .text.SX126xGetRxBufferStatus
                0x0000000000008300       0x4c .pio/build/cubecell_board/libFrameworkArduino.a(sx126x.c.o)
                0x0000000000008300                SX126xGetRxBufferStatus
 .text.SX126xGetPayload
                0x000000000000834c       0x2c .pio/build/cubecell_board/libFrameworkArduino.a(sx126x.c.o)
                0x000000000000834c                SX126xGetPayload
 .text.SX126xGetPacketStatus
                0x0000000000008378       0x78 .pio/build/cubecell_board/libFrameworkArduino.a(sx126x.c.o)
                0x0000000000008378                SX126xGetPacketStatus
 .text.SX126xClearIrqStatus
                0x00000000000083f0       0x12 .pio/build/cubecell_board/libFrameworkArduino.a(sx126x.c.o)
                0x00000000000083f0                SX126xClearIrqStatus
 *fill*         0x0000000000008402        0x2 
 .text.SetMlmeScheduleUplinkIndication
                0x0000000000008404       0x14 .pio/build/cubecell_board/libFrameworkArduino.a(LoRaMac.c.o)
 .text.AddMacCommand
                0x0000000000008418      0x188 .pio/build/cubecell_board/libFrameworkArduino.a(LoRaMac.c.o)
 .text.ResetMacParameters
                0x00000000000085a0       0x9c .pio/build/cubecell_board/libFrameworkArduino.a(LoRaMac.c.o)
 .text.OnAckTimeoutTimerEvent
                0x000000000000863c       0x44 .pio/build/cubecell_board/libFrameworkArduino.a(LoRaMac.c.o)
 .text.ValidatePayloadLength
                0x0000000000008680       0x58 .pio/build/cubecell_board/libFrameworkArduino.a(LoRaMac.c.o)
 .text.PrepareRxDoneAbort
                0x00000000000086d8       0x40 .pio/build/cubecell_board/libFrameworkArduino.a(LoRaMac.c.o)
 .text.ProcessMacCommands
                0x0000000000008718      0x428 .pio/build/cubecell_board/libFrameworkArduino.a(LoRaMac.c.o)
 .text.OnRadioRxDone
                0x0000000000008b40      0x5e0 .pio/build/cubecell_board/libFrameworkArduino.a(LoRaMac.c.o)
                0x0000000000008b40                OnRadioRxDone
 .text.RxWindowSetup
                0x0000000000009120       0x18 .pio/build/cubecell_board/libFrameworkArduino.a(LoRaMac.c.o)
 .text.OnRxWindow1TimerEvent
                0x0000000000009138       0x80 .pio/build/cubecell_board/libFrameworkArduino.a(LoRaMac.c.o)
 .text.OnRxWindow2TimerEvent
                0x00000000000091b8       0x74 .pio/build/cubecell_board/libFrameworkArduino.a(LoRaMac.c.o)
 .text.OpenContinuousRx2Window
                0x000000000000922c       0x14 .pio/build/cubecell_board/libFrameworkArduino.a(LoRaMac.c.o)
 .text.OnRadioRxTimeout
                0x0000000000009240       0xf8 .pio/build/cubecell_board/libFrameworkArduino.a(LoRaMac.c.o)
 .text.OnRadioTxTimeout
                0x0000000000009338       0x44 .pio/build/cubecell_board/libFrameworkArduino.a(LoRaMac.c.o)
 .text.OnRadioRxError
                0x000000000000937c       0xf8 .pio/build/cubecell_board/libFrameworkArduino.a(LoRaMac.c.o)
 .text.OnRadioTxDone
                0x0000000000009474      0x14c .pio/build/cubecell_board/libFrameworkArduino.a(LoRaMac.c.o)
 .text.PrepareFrame
                0x00000000000095c0      0x344 .pio/build/cubecell_board/libFrameworkArduino.a(LoRaMac.c.o)
                0x00000000000095c0                PrepareFrame
 .text.SendFrameOnChannel
                0x0000000000009904      0x11c .pio/build/cubecell_board/libFrameworkArduino.a(LoRaMac.c.o)
                0x0000000000009904                SendFrameOnChannel
 .text.ScheduleTx
                0x0000000000009a20      0x1c8 .pio/build/cubecell_board/libFrameworkArduino.a(LoRaMac.c.o)
 .text.Send     0x0000000000009be8       0x4c .pio/build/cubecell_board/libFrameworkArduino.a(LoRaMac.c.o)
                0x0000000000009be8                Send
 .text.OnTxDelayedTimerEvent
                0x0000000000009c34       0x74 .pio/build/cubecell_board/libFrameworkArduino.a(LoRaMac.c.o)
 .text.OnMacStateCheckTimerEvent
                0x0000000000009ca8      0x324 .pio/build/cubecell_board/libFrameworkArduino.a(LoRaMac.c.o)
 .text.SetTxContinuousWave
                0x0000000000009fcc       0x64 .pio/build/cubecell_board/libFrameworkArduino.a(LoRaMac.c.o)
                0x0000000000009fcc                SetTxContinuousWave
 .text.SetTxContinuousWave1
                0x000000000000a030       0x3c .pio/build/cubecell_board/libFrameworkArduino.a(LoRaMac.c.o)
                0x000000000000a030                SetTxContinuousWave1
 .text.LoRaMacInitialization
                0x000000000000a06c      0x2f0 .pio/build/cubecell_board/libFrameworkArduino.a(LoRaMac.c.o)
                0x000000000000a06c                LoRaMacInitialization
 .text.LoRaMacQueryTxPossible
                0x000000000000a35c       0xd0 .pio/build/cubecell_board/libFrameworkArduino.a(LoRaMac.c.o)
                0x000000000000a35c                LoRaMacQueryTxPossible
 .text.LoRaMacMibGetRequestConfirm
                0x000000000000a42c      0x13c .pio/build/cubecell_board/libFrameworkArduino.a(LoRaMac.c.o)
                0x000000000000a42c                LoRaMacMibGetRequestConfirm
 .text.LoRaMacChannelAdd
                0x000000000000a568       0x34 .pio/build/cubecell_board/libFrameworkArduino.a(LoRaMac.c.o)
                0x000000000000a568                LoRaMacChannelAdd
 .text.LoRaMacMulticastChannelLink
                0x000000000000a59c       0x3c .pio/build/cubecell_board/libFrameworkArduino.a(LoRaMac.c.o)
                0x000000000000a59c                LoRaMacMulticastChannelLink
 .text.LoRaMacMulticastChannelUnlink
                0x000000000000a5d8       0x40 .pio/build/cubecell_board/libFrameworkArduino.a(LoRaMac.c.o)
                0x000000000000a5d8                LoRaMacMulticastChannelUnlink
 .text.LoRaMacMibSetRequestConfirm
                0x000000000000a618      0x36c .pio/build/cubecell_board/libFrameworkArduino.a(LoRaMac.c.o)
                0x000000000000a618                LoRaMacMibSetRequestConfirm
 .text.LoRaMacMlmeRequest
                0x000000000000a984      0x228 .pio/build/cubecell_board/libFrameworkArduino.a(LoRaMac.c.o)
                0x000000000000a984                LoRaMacMlmeRequest
 .text.LoRaMacMcpsRequest
                0x000000000000abac      0x14c .pio/build/cubecell_board/libFrameworkArduino.a(LoRaMac.c.o)
                0x000000000000abac                LoRaMacMcpsRequest
 .text.LoRaMacConfirmQueueInit
                0x000000000000acf8       0x28 .pio/build/cubecell_board/libFrameworkArduino.a(LoRaMacConfirmQueue.c.o)
                0x000000000000acf8                LoRaMacConfirmQueueInit
 .text.LoRaMacConfirmQueueAdd
                0x000000000000ad20       0x3c .pio/build/cubecell_board/libFrameworkArduino.a(LoRaMacConfirmQueue.c.o)
                0x000000000000ad20                LoRaMacConfirmQueueAdd
 .text.LoRaMacConfirmQueueRemoveLast
                0x000000000000ad5c       0x28 .pio/build/cubecell_board/libFrameworkArduino.a(LoRaMacConfirmQueue.c.o)
                0x000000000000ad5c                LoRaMacConfirmQueueRemoveLast
 .text.LoRaMacConfirmQueueRemoveFirst
                0x000000000000ad84       0x28 .pio/build/cubecell_board/libFrameworkArduino.a(LoRaMacConfirmQueue.c.o)
                0x000000000000ad84                LoRaMacConfirmQueueRemoveFirst
 .text.LoRaMacConfirmQueueSetStatus
                0x000000000000adac       0x38 .pio/build/cubecell_board/libFrameworkArduino.a(LoRaMacConfirmQueue.c.o)
                0x000000000000adac                LoRaMacConfirmQueueSetStatus
 .text.LoRaMacConfirmQueueGetStatus
                0x000000000000ade4       0x38 .pio/build/cubecell_board/libFrameworkArduino.a(LoRaMacConfirmQueue.c.o)
                0x000000000000ade4                LoRaMacConfirmQueueGetStatus
 .text.LoRaMacConfirmQueueSetStatusCmn
                0x000000000000ae1c       0x38 .pio/build/cubecell_board/libFrameworkArduino.a(LoRaMacConfirmQueue.c.o)
                0x000000000000ae1c                LoRaMacConfirmQueueSetStatusCmn
 .text.LoRaMacConfirmQueueGetStatusCmn
                0x000000000000ae54        0xc .pio/build/cubecell_board/libFrameworkArduino.a(LoRaMacConfirmQueue.c.o)
                0x000000000000ae54                LoRaMacConfirmQueueGetStatusCmn
 .text.LoRaMacConfirmQueueIsCmdActive
                0x000000000000ae60       0x30 .pio/build/cubecell_board/libFrameworkArduino.a(LoRaMacConfirmQueue.c.o)
                0x000000000000ae60                LoRaMacConfirmQueueIsCmdActive
 .text.LoRaMacConfirmQueueHandleCb
                0x000000000000ae90       0x54 .pio/build/cubecell_board/libFrameworkArduino.a(LoRaMacConfirmQueue.c.o)
                0x000000000000ae90                LoRaMacConfirmQueueHandleCb
 .text.LoRaMacConfirmQueueGetCnt
                0x000000000000aee4        0xc .pio/build/cubecell_board/libFrameworkArduino.a(LoRaMacConfirmQueue.c.o)
                0x000000000000aee4                LoRaMacConfirmQueueGetCnt
 .text.LoRaMacConfirmQueueIsFull
                0x000000000000aef0       0x14 .pio/build/cubecell_board/libFrameworkArduino.a(LoRaMacConfirmQueue.c.o)
                0x000000000000aef0                LoRaMacConfirmQueueIsFull
 .text.LoRaMacComputeMic
                0x000000000000af04       0x84 .pio/build/cubecell_board/libFrameworkArduino.a(LoRaMacCrypto.c.o)
                0x000000000000af04                LoRaMacComputeMic
 .text.LoRaMacPayloadEncrypt
                0x000000000000af88       0xe0 .pio/build/cubecell_board/libFrameworkArduino.a(LoRaMacCrypto.c.o)
                0x000000000000af88                LoRaMacPayloadEncrypt
 .text.LoRaMacPayloadDecrypt
                0x000000000000b068       0x1a .pio/build/cubecell_board/libFrameworkArduino.a(LoRaMacCrypto.c.o)
                0x000000000000b068                LoRaMacPayloadDecrypt
 *fill*         0x000000000000b082        0x2 
 .text.LoRaMacJoinComputeMic
                0x000000000000b084       0x50 .pio/build/cubecell_board/libFrameworkArduino.a(LoRaMacCrypto.c.o)
                0x000000000000b084                LoRaMacJoinComputeMic
 .text.LoRaMacJoinDecrypt
                0x000000000000b0d4       0x44 .pio/build/cubecell_board/libFrameworkArduino.a(LoRaMacCrypto.c.o)
                0x000000000000b0d4                LoRaMacJoinDecrypt
 .text.LoRaMacJoinComputeSKeys
                0x000000000000b118       0x9c .pio/build/cubecell_board/libFrameworkArduino.a(LoRaMacCrypto.c.o)
                0x000000000000b118                LoRaMacJoinComputeSKeys
 .text.LoRaMacBeaconComputePingOffset
                0x000000000000b1b4       0x74 .pio/build/cubecell_board/libFrameworkArduino.a(LoRaMacCrypto.c.o)
                0x000000000000b1b4                LoRaMacBeaconComputePingOffset
 .text.RegionIsActive
                0x000000000000b228        0xa .pio/build/cubecell_board/libFrameworkArduino.a(Region.c.o)
                0x000000000000b228                RegionIsActive
 .text.RegionGetPhyParam
                0x000000000000b232       0x18 .pio/build/cubecell_board/libFrameworkArduino.a(Region.c.o)
                0x000000000000b232                RegionGetPhyParam
 .text.RegionSetBandTxDone
                0x000000000000b24a        0xe .pio/build/cubecell_board/libFrameworkArduino.a(Region.c.o)
                0x000000000000b24a                RegionSetBandTxDone
 .text.RegionInitDefaults
                0x000000000000b258        0xe .pio/build/cubecell_board/libFrameworkArduino.a(Region.c.o)
                0x000000000000b258                RegionInitDefaults
 .text.RegionVerify
                0x000000000000b266       0x18 .pio/build/cubecell_board/libFrameworkArduino.a(Region.c.o)
                0x000000000000b266                RegionVerify
 .text.RegionApplyCFList
                0x000000000000b27e        0xe .pio/build/cubecell_board/libFrameworkArduino.a(Region.c.o)
                0x000000000000b27e                RegionApplyCFList
 .text.RegionChanMaskSet
                0x000000000000b28c       0x14 .pio/build/cubecell_board/libFrameworkArduino.a(Region.c.o)
                0x000000000000b28c                RegionChanMaskSet
 .text.RegionAdrNext
                0x000000000000b2a0       0x1c .pio/build/cubecell_board/libFrameworkArduino.a(Region.c.o)
                0x000000000000b2a0                RegionAdrNext
 .text.RegionComputeRxWindowParameters
                0x000000000000b2bc       0x16 .pio/build/cubecell_board/libFrameworkArduino.a(Region.c.o)
                0x000000000000b2bc                RegionComputeRxWindowParameters
 .text.RegionRxConfig
                0x000000000000b2d2       0x18 .pio/build/cubecell_board/libFrameworkArduino.a(Region.c.o)
                0x000000000000b2d2                RegionRxConfig
 .text.RegionTxConfig
                0x000000000000b2ea       0x1a .pio/build/cubecell_board/libFrameworkArduino.a(Region.c.o)
                0x000000000000b2ea                RegionTxConfig
 .text.RegionLinkAdrReq
                0x000000000000b304       0x20 .pio/build/cubecell_board/libFrameworkArduino.a(Region.c.o)
                0x000000000000b304                RegionLinkAdrReq
 .text.RegionRxParamSetupReq
                0x000000000000b324       0x14 .pio/build/cubecell_board/libFrameworkArduino.a(Region.c.o)
                0x000000000000b324                RegionRxParamSetupReq
 .text.RegionNewChannelReq
                0x000000000000b338       0x14 .pio/build/cubecell_board/libFrameworkArduino.a(Region.c.o)
                0x000000000000b338                RegionNewChannelReq
 .text.RegionTxParamSetupReq
                0x000000000000b34c       0x14 .pio/build/cubecell_board/libFrameworkArduino.a(Region.c.o)
                0x000000000000b34c                RegionTxParamSetupReq
 .text.RegionDlChannelReq
                0x000000000000b360       0x14 .pio/build/cubecell_board/libFrameworkArduino.a(Region.c.o)
                0x000000000000b360                RegionDlChannelReq
 .text.RegionAlternateDr
                0x000000000000b374       0x14 .pio/build/cubecell_board/libFrameworkArduino.a(Region.c.o)
                0x000000000000b374                RegionAlternateDr
 .text.RegionCalcBackOff
                0x000000000000b388        0xe .pio/build/cubecell_board/libFrameworkArduino.a(Region.c.o)
                0x000000000000b388                RegionCalcBackOff
 .text.RegionNextChannel
                0x000000000000b396       0x1c .pio/build/cubecell_board/libFrameworkArduino.a(Region.c.o)
                0x000000000000b396                RegionNextChannel
 .text.RegionChannelAdd
                0x000000000000b3b2       0x14 .pio/build/cubecell_board/libFrameworkArduino.a(Region.c.o)
                0x000000000000b3b2                RegionChannelAdd
 .text.RegionSetContinuousWave
                0x000000000000b3c6        0xe .pio/build/cubecell_board/libFrameworkArduino.a(Region.c.o)
                0x000000000000b3c6                RegionSetContinuousWave
 .text.RegionApplyDrOffset
                0x000000000000b3d4       0x1a .pio/build/cubecell_board/libFrameworkArduino.a(Region.c.o)
                0x000000000000b3d4                RegionApplyDrOffset
 .text.RegionRxBeaconSetup
                0x000000000000b3ee       0x12 .pio/build/cubecell_board/libFrameworkArduino.a(Region.c.o)
                0x000000000000b3ee                RegionRxBeaconSetup
 .text.VerifyTxFreq
                0x000000000000b400       0x9c .pio/build/cubecell_board/libFrameworkArduino.a(RegionEU868.c.o)
 .text.RegionEU868GetPhyParam
                0x000000000000b49c      0x108 .pio/build/cubecell_board/libFrameworkArduino.a(RegionEU868.c.o)
                0x000000000000b49c                RegionEU868GetPhyParam
 .text.RegionEU868SetBandTxDone
                0x000000000000b5a4       0x28 .pio/build/cubecell_board/libFrameworkArduino.a(RegionEU868.c.o)
                0x000000000000b5a4                RegionEU868SetBandTxDone
 .text.RegionEU868InitDefaults
                0x000000000000b5cc       0x54 .pio/build/cubecell_board/libFrameworkArduino.a(RegionEU868.c.o)
                0x000000000000b5cc                RegionEU868InitDefaults
 .text.RegionEU868Verify
                0x000000000000b620       0x54 .pio/build/cubecell_board/libFrameworkArduino.a(RegionEU868.c.o)
                0x000000000000b620                RegionEU868Verify
 .text.RegionEU868ChanMaskSet
                0x000000000000b674       0x34 .pio/build/cubecell_board/libFrameworkArduino.a(RegionEU868.c.o)
                0x000000000000b674                RegionEU868ChanMaskSet
 .text.RegionEU868AdrNext
                0x000000000000b6a8       0x74 .pio/build/cubecell_board/libFrameworkArduino.a(RegionEU868.c.o)
                0x000000000000b6a8                RegionEU868AdrNext
 .text.RegionEU868ComputeRxWindowParameters
                0x000000000000b71c       0x78 .pio/build/cubecell_board/libFrameworkArduino.a(RegionEU868.c.o)
                0x000000000000b71c                RegionEU868ComputeRxWindowParameters
 .text.RegionEU868RxConfig
                0x000000000000b794       0xe8 .pio/build/cubecell_board/libFrameworkArduino.a(RegionEU868.c.o)
                0x000000000000b794                RegionEU868RxConfig
 .text.RegionEU868TxConfig
                0x000000000000b87c      0x120 .pio/build/cubecell_board/libFrameworkArduino.a(RegionEU868.c.o)
                0x000000000000b87c                RegionEU868TxConfig
 .text.RegionEU868LinkAdrReq
                0x000000000000b99c      0x128 .pio/build/cubecell_board/libFrameworkArduino.a(RegionEU868.c.o)
                0x000000000000b99c                RegionEU868LinkAdrReq
 .text.RegionEU868RxParamSetupReq
                0x000000000000bac4       0x48 .pio/build/cubecell_board/libFrameworkArduino.a(RegionEU868.c.o)
                0x000000000000bac4                RegionEU868RxParamSetupReq
 .text.RegionEU868TxParamSetupReq
                0x000000000000bb0c        0x6 .pio/build/cubecell_board/libFrameworkArduino.a(RegionEU868.c.o)
                0x000000000000bb0c                RegionEU868TxParamSetupReq
 *fill*         0x000000000000bb12        0x2 
 .text.RegionEU868DlChannelReq
                0x000000000000bb14       0x40 .pio/build/cubecell_board/libFrameworkArduino.a(RegionEU868.c.o)
                0x000000000000bb14                RegionEU868DlChannelReq
 .text.RegionEU868AlternateDr
                0x000000000000bb54       0x3c .pio/build/cubecell_board/libFrameworkArduino.a(RegionEU868.c.o)
                0x000000000000bb54                RegionEU868AlternateDr
 .text.RegionEU868CalcBackOff
                0x000000000000bb90       0x88 .pio/build/cubecell_board/libFrameworkArduino.a(RegionEU868.c.o)
                0x000000000000bb90                RegionEU868CalcBackOff
 .text.RegionEU868NextChannel
                0x000000000000bc18      0x150 .pio/build/cubecell_board/libFrameworkArduino.a(RegionEU868.c.o)
                0x000000000000bc18                RegionEU868NextChannel
 .text.RegionEU868ChannelAdd
                0x000000000000bd68       0xcc .pio/build/cubecell_board/libFrameworkArduino.a(RegionEU868.c.o)
                0x000000000000bd68                RegionEU868ChannelAdd
 .text.RegionEU868ChannelsRemove
                0x000000000000be34       0x30 .pio/build/cubecell_board/libFrameworkArduino.a(RegionEU868.c.o)
                0x000000000000be34                RegionEU868ChannelsRemove
 .text.RegionEU868ApplyCFList
                0x000000000000be64       0x6e .pio/build/cubecell_board/libFrameworkArduino.a(RegionEU868.c.o)
                0x000000000000be64                RegionEU868ApplyCFList
 *fill*         0x000000000000bed2        0x2 
 .text.RegionEU868NewChannelReq
                0x000000000000bed4       0x40 .pio/build/cubecell_board/libFrameworkArduino.a(RegionEU868.c.o)
                0x000000000000bed4                RegionEU868NewChannelReq
 .text.RegionEU868SetContinuousWave
                0x000000000000bf14       0x50 .pio/build/cubecell_board/libFrameworkArduino.a(RegionEU868.c.o)
                0x000000000000bf14                RegionEU868SetContinuousWave
 .text.RegionEU868ApplyDrOffset
                0x000000000000bf64       0x10 .pio/build/cubecell_board/libFrameworkArduino.a(RegionEU868.c.o)
                0x000000000000bf64                RegionEU868ApplyDrOffset
 .text.RegionEU868RxBeaconSetup
                0x000000000000bf74       0x38 .pio/build/cubecell_board/libFrameworkArduino.a(RegionEU868.c.o)
                0x000000000000bf74                RegionEU868RxBeaconSetup
 .text.xor_block
                0x000000000000bfac       0x82 .pio/build/cubecell_board/libFrameworkArduino.a(aes.c.o)
 .text.copy_and_key
                0x000000000000c02e       0x84 .pio/build/cubecell_board/libFrameworkArduino.a(aes.c.o)
 *fill*         0x000000000000c0b2        0x2 
 .text.aes_set_key
                0x000000000000c0b4      0x10c .pio/build/cubecell_board/libFrameworkArduino.a(aes.c.o)
                0x000000000000c0b4                aes_set_key
 .text.aes_encrypt
                0x000000000000c1c0      0x28c .pio/build/cubecell_board/libFrameworkArduino.a(aes.c.o)
                0x000000000000c1c0                aes_encrypt
 .text.AES_CMAC_Init
                0x000000000000c44c       0x1e .pio/build/cubecell_board/libFrameworkArduino.a(cmac.c.o)
                0x000000000000c44c                AES_CMAC_Init
 .text.AES_CMAC_SetKey
                0x000000000000c46a       0x12 .pio/build/cubecell_board/libFrameworkArduino.a(cmac.c.o)
                0x000000000000c46a                AES_CMAC_SetKey
 .text.AES_CMAC_Update
                0x000000000000c47c       0xba .pio/build/cubecell_board/libFrameworkArduino.a(cmac.c.o)
                0x000000000000c47c                AES_CMAC_Update
 .text.AES_CMAC_Final
                0x000000000000c536      0x14e .pio/build/cubecell_board/libFrameworkArduino.a(cmac.c.o)
                0x000000000000c536                AES_CMAC_Final
 .text.DelayMs  0x000000000000c684       0x10 .pio/build/cubecell_board/libFrameworkArduino.a(delay.c.o)
                0x000000000000c684                DelayMs
 .text.lowPowerHandler
                0x000000000000c694       0x6c .pio/build/cubecell_board/libFrameworkArduino.a(low_power.c.o)
                0x000000000000c694                lowPowerHandler
 .text.rand1    0x000000000000c700       0x2c .pio/build/cubecell_board/libFrameworkArduino.a(utilities.c.o)