Archive member included to satisfy reference by file (symbol)

/home/fuj/.platformio/packages/framework-arduinoasrmicro650x/cores/asr650x/projects/CubeCellLib.a(AT_Command.o)
                              .pio/build/cubecell_board/src/main.ino.cpp.o (enableAt)
/home/fuj/.platformio/packages/framework-arduinoasrmicro650x/cores/asr650x/projects/CubeCellLib.a(UART_1.o)
                              /home/fuj/.platformio/packages/framework-arduinoasrmicro650x/cores/asr650x/projects/CubeCellLib.a(AT_Command.o) (UART_1_Start)
/home/fuj/.platformio/packages/framework-arduinoasrmicro650x/cores/asr650x/projects/CubeCellLib.a(ASR_Arduino.o)
                              /home/fuj/.platformio/packages/framework-arduinoasrmicro650x/cores/asr650x/projects/CubeCellLib.a(AT_Command.o) (license_check)
/home/fuj/.platformio/packages/framework-arduinoasrmicro650x/cores/asr650x/projects/CubeCellLib.a(timeServer.o)
                              /home/fuj/.platformio/packages/framework-arduinoasrmicro650x/cores/asr650x/projects/CubeCellLib.a(AT_Command.o) (TimerInit)
/home/fuj/.platformio/packages/framework-arduinoasrmicro650x/cores/asr650x/projects/CubeCellLib.a(lorawan_port.o)
                              /home/fuj/.platformio/packages/framework-arduinoasrmicro650x/cores/asr650x/projects/CubeCellLib.a(timeServer.o) (aos_lrwan_time_itf)
/home/fuj/.platformio/packages/framework-arduinoasrmicro650x/cores/asr650x/projects/CubeCellLib.a(asr_timer.o)
                              /home/fuj/.platformio/packages/framework-arduinoasrmicro650x/cores/asr650x/projects/CubeCellLib.a(lorawan_port.o) (Asr_Timer_RegisterAlarmCallback)
/home/fuj/.platformio/packages/framework-arduinoasrmicro650x/cores/asr650x/projects/CubeCellLib.a(cyfitter_cfg.o)
                              /home/fuj/.platformio/packages/framework-arduinoasrmicro650x/cores/asr650x/projects/CubeCellLib.a(ASR_Arduino.o) (systime)
.pio/build/cubecell_board/libea6/libGrove - Barometer Sensor BME280.a(Seeed_BME280.cpp.o)
                              .pio/build/cubecell_board/src/main.ino.cpp.o (BME280::init())
.pio/build/cubecell_board/lib459/libCayenneLPP.a(CayenneLPP.cpp.o)
                              .pio/build/cubecell_board/src/main.ino.cpp.o (CayenneLPP::CayenneLPP(unsigned char))
.pio/build/cubecell_board/libf04/libLoRa.a(LoRaWan_APP.cpp.o)
                              .pio/build/cubecell_board/src/main.ino.cpp.o (getBatteryVoltage)
.pio/build/cubecell_board/libf04/libLoRa.a(LoRa_APP.cpp.o)
                              /home/fuj/.platformio/packages/framework-arduinoasrmicro650x/cores/asr650x/projects/CubeCellLib.a(AT_Command.o) (LoraRxTimeout)
.pio/build/cubecell_board/libFrameworkArduino.a(HardwareSerial.cpp.o)
                              .pio/build/cubecell_board/src/main.ino.cpp.o (HardwareSerial::begin(unsigned long, signed char, unsigned long, bool, unsigned long))
.pio/build/cubecell_board/libFrameworkArduino.a(Wire.cpp.o)
                              .pio/build/cubecell_board/libea6/libGrove - Barometer Sensor BME280.a(Seeed_BME280.cpp.o) (TwoWire::available())
.pio/build/cubecell_board/libFrameworkArduino.a(asr_board.c.o)
                              .pio/build/cubecell_board/src/main.ino.cpp.o (boardInitMcu)
.pio/build/cubecell_board/libFrameworkArduino.a(gpio.c.o)
                              .pio/build/cubecell_board/libFrameworkArduino.a(asr_board.c.o) (GpioInit)
.pio/build/cubecell_board/libFrameworkArduino.a(spi-board.c.o)
                              .pio/build/cubecell_board/libFrameworkArduino.a(asr_board.c.o) (SpiInit)
.pio/build/cubecell_board/libFrameworkArduino.a(ADC_SAR_Seq.c.o)
                              /home/fuj/.platformio/packages/framework-arduinoasrmicro650x/cores/asr650x/projects/CubeCellLib.a(ASR_Arduino.o) (ADC_SAR_Seq_Start)
.pio/build/cubecell_board/libFrameworkArduino.a(ADC_SAR_Seq_INT.c.o)
                              .pio/build/cubecell_board/libFrameworkArduino.a(ADC_SAR_Seq.c.o) (ADC_SAR_Seq_ISR)
.pio/build/cubecell_board/libFrameworkArduino.a(I2C_1_I2C_MASTER.c.o)
                              .pio/build/cubecell_board/libFrameworkArduino.a(Wire.cpp.o) (I2C_1_I2CMasterSendStart)
.pio/build/cubecell_board/libFrameworkArduino.a(I2C_I2C_MASTER.c.o)
                              .pio/build/cubecell_board/libFrameworkArduino.a(Wire.cpp.o) (I2C_I2CMasterSendStart)
.pio/build/cubecell_board/libFrameworkArduino.a(PWM1.c.o)
                              /home/fuj/.platformio/packages/framework-arduinoasrmicro650x/cores/asr650x/projects/CubeCellLib.a(ASR_Arduino.o) (PWM1_Stop)
.pio/build/cubecell_board/libFrameworkArduino.a(PWM2.c.o)
                              /home/fuj/.platformio/packages/framework-arduinoasrmicro650x/cores/asr650x/projects/CubeCellLib.a(ASR_Arduino.o) (PWM2_Stop)
.pio/build/cubecell_board/libFrameworkArduino.a(Print.cpp.o)
                              .pio/build/cubecell_board/libf04/libLoRa.a(LoRaWan_APP.cpp.o) (Print::printf(char const*, ...))
[...]
Memory Configuration

Name             Origin             Length             Attributes
rom              0x0000000000000000 0x0000000000020000 xr
ram              0x0000000020000000 0x0000000000004000 xrw
*default*        0x0000000000000000 0xffffffffffffffff

Linker script and memory map

LOAD /home/fuj/.platformio/packages/toolchain-gccarmnoneeabi/bin/../lib/gcc/arm-none-eabi/9.2.1/thumb/v6-m/nofp/crti.o
LOAD /home/fuj/.platformio/packages/toolchain-gccarmnoneeabi/bin/../lib/gcc/arm-none-eabi/9.2.1/thumb/v6-m/nofp/crtbegin.o
LOAD /home/fuj/.platformio/packages/toolchain-gccarmnoneeabi/bin/../lib/gcc/arm-none-eabi/9.2.1/../../../../arm-none-eabi/lib/thumb/v6-m/nofp/crt0.o
LOAD .pio/build/cubecell_board/src/main.ino.cpp.o
START GROUP
LOAD /home/fuj/.platformio/packages/framework-arduinoasrmicro650x/cores/asr650x/projects/CubeCellLib.a
LOAD .pio/build/cubecell_board/libea6/libGrove - Barometer Sensor BME280.a
LOAD .pio/build/cubecell_board/libbaf/libArduinoJson.a
LOAD .pio/build/cubecell_board/lib459/libCayenneLPP.a
LOAD .pio/build/cubecell_board/lib815/libRGB.a
LOAD .pio/build/cubecell_board/lib0ab/libOLED.a
LOAD .pio/build/cubecell_board/libf04/libLoRa.a
LOAD .pio/build/cubecell_board/libFrameworkArduinoVariant.a
LOAD .pio/build/cubecell_board/libFrameworkArduino.a
LOAD /home/fuj/.platformio/packages/toolchain-gccarmnoneeabi/bin/../lib/gcc/arm-none-eabi/9.2.1/../../../../arm-none-eabi/lib/thumb/v6-m/nofp/libstdc++_nano.a
END GROUP
LOAD /home/fuj/.platformio/packages/toolchain-gccarmnoneeabi/bin/../lib/gcc/arm-none-eabi/9.2.1/../../../../arm-none-eabi/lib/thumb/v6-m/nofp/libstdc++_nano.a
LOAD /home/fuj/.platformio/packages/toolchain-gccarmnoneeabi/bin/../lib/gcc/arm-none-eabi/9.2.1/../../../../arm-none-eabi/lib/thumb/v6-m/nofp/libm.a
START GROUP
LOAD /home/fuj/.platformio/packages/toolchain-gccarmnoneeabi/bin/../lib/gcc/arm-none-eabi/9.2.1/thumb/v6-m/nofp/libgcc.a
LOAD /home/fuj/.platformio/packages/toolchain-gccarmnoneeabi/bin/../lib/gcc/arm-none-eabi/9.2.1/../../../../arm-none-eabi/lib/thumb/v6-m/nofp/libc_nano.a
END GROUP
START GROUP
LOAD /home/fuj/.platformio/packages/toolchain-gccarmnoneeabi/bin/../lib/gcc/arm-none-eabi/9.2.1/thumb/v6-m/nofp/libgcc.a
LOAD /home/fuj/.platformio/packages/toolchain-gccarmnoneeabi/bin/../lib/gcc/arm-none-eabi/9.2.1/../../../../arm-none-eabi/lib/thumb/v6-m/nofp/libc_nano.a
END GROUP
LOAD /home/fuj/.platformio/packages/toolchain-gccarmnoneeabi/bin/../lib/gcc/arm-none-eabi/9.2.1/thumb/v6-m/nofp/crtend.o
LOAD /home/fuj/.platformio/packages/toolchain-gccarmnoneeabi/bin/../lib/gcc/arm-none-eabi/9.2.1/thumb/v6-m/nofp/crtn.o
START GROUP
LOAD /home/fuj/.platformio/packages/toolchain-gccarmnoneeabi/bin/../lib/gcc/arm-none-eabi/9.2.1/thumb/v6-m/nofp/libgcc.a
LOAD /home/fuj/.platformio/packages/toolchain-gccarmnoneeabi/bin/../lib/gcc/arm-none-eabi/9.2.1/../../../../arm-none-eabi/lib/thumb/v6-m/nofp/libc.a
LOAD /home/fuj/.platformio/packages/toolchain-gccarmnoneeabi/bin/../lib/gcc/arm-none-eabi/9.2.1/../../../../arm-none-eabi/lib/thumb/v6-m/nofp/libnosys.a
END GROUP
                0x0000000000000000                CY_APPL_ORIGIN = 0x0
                0x0000000000000100                CY_FLASH_ROW_SIZE = 0x100
                0x0000000000000001                CY_APPL_NUM = 0x1
                0x0000000000000001                CY_APPL_MAX = 0x1
                0x0000000000000040                CY_METADATA_SIZE = 0x40
                0x0000000000000001                CY_APPL_LOADABLE = 0x1
                0x0000000000000000                CY_CHECKSUM_EXCLUDE_SIZE = ALIGN (0x0, CY_FLASH_ROW_SIZE)
                0x0000000000000000                CY_APP_FOR_STACK_AND_COPIER = 0x0
                [!provide]                        PROVIDE (__cy_heap_start = _end)
                0x0000000000000001                PROVIDE (__cy_region_num = ((__cy_regions_end - __cy_regions) / 0x10))
                0x0000000020004000                PROVIDE (__cy_stack = (ORIGIN (ram) + LENGTH (ram)))
                [!provide]                        PROVIDE (__cy_heap_end = (__cy_stack - 0x800))

.cybootloader   0x0000000000000000     0x2200
 *(.cybootloader)
 .cybootloader  0x0000000000000000     0x2200 .pio/build/cubecell_board/libFrameworkArduino.a(cybootloader.c.o)
                0x0000000000000000                cy_bootloader
                0x0000000000002200                appl1_start = CY_APPL_ORIGIN?CY_APPL_ORIGIN:ALIGN (CY_FLASH_ROW_SIZE)
                0x0000000000011000                appl2_start = (appl1_start + ALIGN ((((LENGTH (rom) - appl1_start) - (0x2 * CY_FLASH_ROW_SIZE)) / 0x2), CY_FLASH_ROW_SIZE))
                0x0000000000002200                appl_start = (CY_APPL_NUM == 0x1)?appl1_start:appl2_start
                0x0000000000000000                cy_project_type_bootloader = (appl_start == 0x0)?0x1:0x0
                0x0000000000000000                cy_project_type_app_for_stack_and_copier = (CY_APP_FOR_STACK_AND_COPIER == 0x1)?0x1:0x0

.text           0x0000000000002200    0x12120
 CREATE_OBJECT_SYMBOLS
                0x0000000000002200                PROVIDE (__cy_interrupt_vector = RomVectors)
 *(.romvectors)
 .romvectors    0x0000000000002200       0x10 .pio/build/cubecell_board/libFrameworkArduino.a(Cm0plusStart.c.o)
                0x0000000000002200                RomVectors
                0x0000000000000001                ASSERT ((. != __cy_interrupt_vector), No interrupt vector)
                0x0000000000000001                ASSERT (CY_APPL_ORIGIN?(SIZEOF (.cybootloader) <= CY_APPL_ORIGIN):0x1, Wrong image location)
                0x0000000000002210                PROVIDE (__cy_reset = Reset)
 *(.text.Reset)
 .text.Reset    0x0000000000002210       0x18 .pio/build/cubecell_board/libFrameworkArduino.a(Cm0plusStart.c.o)
                0x0000000000002210                Reset
                0x0000000000000001                ASSERT ((. != __cy_reset), No reset code)
 *(.psocinit)
 .psocinit      0x0000000000002228      0x1b4 /home/fuj/.platformio/packages/framework-arduinoasrmicro650x/cores/asr650x/projects/CubeCellLib.a(cyfitter_cfg.o)
                0x0000000000002228                cyfitter_cfg
                0x00000000000023dc                . = MAX (., 0x100)
 *(.text .text.* .gnu.linkonce.t.*)
 .text.__do_global_dtors_aux
                0x00000000000023dc       0x28 /home/fuj/.platformio/packages/toolchain-gccarmnoneeabi/bin/../lib/gcc/arm-none-eabi/9.2.1/thumb/v6-m/nofp/crtbegin.o
 .text.frame_dummy
                0x0000000000002404       0x20 /home/fuj/.platformio/packages/toolchain-gccarmnoneeabi/bin/../lib/gcc/arm-none-eabi/9.2.1/thumb/v6-m/nofp/crtbegin.o
 .text._Z5setupv
                0x0000000000002424       0x4c .pio/build/cubecell_board/src/main.ino.cpp.o
                0x0000000000002424                setup()
 .text._Z4loopv
                0x0000000000002470      0x180 .pio/build/cubecell_board/src/main.ino.cpp.o
                0x0000000000002470                loop()
 .text.unlikely.printLoraPara
                0x00000000000025f0       0x5c /home/fuj/.platformio/packages/framework-arduinoasrmicro650x/cores/asr650x/projects/CubeCellLib.a(AT_Command.o)
 .text.getLoraPara
                0x000000000000264c       0xb0 /home/fuj/.platformio/packages/framework-arduinoasrmicro650x/cores/asr650x/projects/CubeCellLib.a(AT_Command.o)
 .text.saveLoraPara
                0x00000000000026fc       0xb0 /home/fuj/.platformio/packages/framework-arduinoasrmicro650x/cores/asr650x/projects/CubeCellLib.a(AT_Command.o)
 .text.unlikely.updateLicence
                0x00000000000027ac       0x68 /home/fuj/.platformio/packages/framework-arduinoasrmicro650x/cores/asr650x/projects/CubeCellLib.a(AT_Command.o)
 .text.initAt   0x0000000000002814       0x30 /home/fuj/.platformio/packages/framework-arduinoasrmicro650x/cores/asr650x/projects/CubeCellLib.a(AT_Command.o)
 .text.onAutoLpm
                0x0000000000002844       0x58 /home/fuj/.platformio/packages/framework-arduinoasrmicro650x/cores/asr650x/projects/CubeCellLib.a(AT_Command.o)
 .text.unlikely.print_Para.isra.1
                0x000000000000289c      0x130 /home/fuj/.platformio/packages/framework-arduinoasrmicro650x/cores/asr650x/projects/CubeCellLib.a(AT_Command.o)
 .text.unlikely.checkLoraParaformat.isra.2
                0x00000000000029cc       0x84 /home/fuj/.platformio/packages/framework-arduinoasrmicro650x/cores/asr650x/projects/CubeCellLib.a(AT_Command.o)
 .text.unlikely.check_content.isra.5
                0x0000000000002a50      0x390 /home/fuj/.platformio/packages/framework-arduinoasrmicro650x/cores/asr650x/projects/CubeCellLib.a(AT_Command.o)
 .text.wakefromUart
                0x0000000000002de0       0xa4 /home/fuj/.platformio/packages/framework-arduinoasrmicro650x/cores/asr650x/projects/CubeCellLib.a(AT_Command.o)
 .text.ReceiveCommand
                0x0000000000002e84       0x64 /home/fuj/.platformio/packages/framework-arduinoasrmicro650x/cores/asr650x/projects/CubeCellLib.a(AT_Command.o)
 .text.updatePrintCopyright
                0x0000000000002ee8       0x3c /home/fuj/.platformio/packages/framework-arduinoasrmicro650x/cores/asr650x/projects/CubeCellLib.a(AT_Command.o)
                0x0000000000002ee8                updatePrintCopyright
 .text.checkUserAt
                0x0000000000002f24        0x4 /home/fuj/.platformio/packages/framework-arduinoasrmicro650x/cores/asr650x/projects/CubeCellLib.a(AT_Command.o)
                0x0000000000002f24                checkUserAt
 .text.enableAt
                0x0000000000002f28       0x2c /home/fuj/.platformio/packages/framework-arduinoasrmicro650x/cores/asr650x/projects/CubeCellLib.a(AT_Command.o)
                0x0000000000002f28                enableAt
 .text.print_para_1
                0x0000000000002f54       0x20 /home/fuj/.platformio/packages/framework-arduinoasrmicro650x/cores/asr650x/projects/CubeCellLib.a(AT_Command.o)
                0x0000000000002f54                print_para_1
 .text.getDevParam
                0x0000000000002f74      0x208 /home/fuj/.platformio/packages/framework-arduinoasrmicro650x/cores/asr650x/projects/CubeCellLib.a(AT_Command.o)
                0x0000000000002f74                getDevParam
 .text.netInfoDisable
                0x000000000000317c       0x1a /home/fuj/.platformio/packages/framework-arduinoasrmicro650x/cores/asr650x/projects/CubeCellLib.a(AT_Command.o)
                0x000000000000317c                netInfoDisable
 *fill*         0x0000000000003196        0x2 
 .text.onUartEvent
                0x0000000000003198      0xc4c /home/fuj/.platformio/packages/framework-arduinoasrmicro650x/cores/asr650x/projects/CubeCellLib.a(AT_Command.o)
 .text.saveNetInfo
                0x0000000000003de4       0x58 /home/fuj/.platformio/packages/framework-arduinoasrmicro650x/cores/asr650x/projects/CubeCellLib.a(AT_Command.o)
                0x0000000000003de4                saveNetInfo
 .text.checkNetInfo
                0x0000000000003e3c       0x28 /home/fuj/.platformio/packages/framework-arduinoasrmicro650x/cores/asr650x/projects/CubeCellLib.a(AT_Command.o)
                0x0000000000003e3c                checkNetInfo
 .text.saveDownCnt
                0x0000000000003e64       0x40 /home/fuj/.platformio/packages/framework-arduinoasrmicro650x/cores/asr650x/projects/CubeCellLib.a(AT_Command.o)
                0x0000000000003e64                saveDownCnt
 .text.getNetInfo
                0x0000000000003ea4      0x120 /home/fuj/.platformio/packages/framework-arduinoasrmicro650x/cores/asr650x/projects/CubeCellLib.a(AT_Command.o)
                0x0000000000003ea4                getNetInfo
 .text.printDevParam
                0x0000000000003fc4      0x224 /home/fuj/.platformio/packages/framework-arduinoasrmicro650x/cores/asr650x/projects/CubeCellLib.a(AT_Command.o)
                0x0000000000003fc4                printDevParam
 .text.UART_1_Enable
                0x00000000000041e8       0x20 /home/fuj/.platformio/packages/framework-arduinoasrmicro650x/cores/asr650x/projects/CubeCellLib.a(UART_1.o)
                0x00000000000041e8                UART_1_Enable
 .text.UART_1_Start
                0x0000000000004208       0x54 /home/fuj/.platformio/packages/framework-arduinoasrmicro650x/cores/asr650x/projects/CubeCellLib.a(UART_1.o)
                0x0000000000004208                UART_1_Start
 .text.UART_1_Stop
                0x000000000000425c       0x54 /home/fuj/.platformio/packages/framework-arduinoasrmicro650x/cores/asr650x/projects/CubeCellLib.a(UART_1.o)
                0x000000000000425c                UART_1_Stop
 .text.globalGpioIsrEntry
                0x00000000000042b0       0x58 /home/fuj/.platformio/packages/framework-arduinoasrmicro650x/cores/asr650x/projects/CubeCellLib.a(ASR_Arduino.o)
                0x00000000000042b0                globalGpioIsrEntry
 .text.getID    0x0000000000004308       0x18 /home/fuj/.platformio/packages/framework-arduinoasrmicro650x/cores/asr650x/projects/CubeCellLib.a(ASR_Arduino.o)
                0x0000000000004308                getID
 .text.license_check
                0x0000000000004320      0x268 /home/fuj/.platformio/packages/framework-arduinoasrmicro650x/cores/asr650x/projects/CubeCellLib.a(ASR_Arduino.o)
                0x0000000000004320                license_check
 .text.pinMode  0x0000000000004588       0x6c /home/fuj/.platformio/packages/framework-arduinoasrmicro650x/cores/asr650x/projects/CubeCellLib.a(ASR_Arduino.o)
                0x0000000000004588                pinMode
 .text.digitalWrite
                0x00000000000045f4       0x68 /home/fuj/.platformio/packages/framework-arduinoasrmicro650x/cores/asr650x/projects/CubeCellLib.a(ASR_Arduino.o)
                0x00000000000045f4                digitalWrite
 .text.digitalRead
                0x000000000000465c       0x20 /home/fuj/.platformio/packages/framework-arduinoasrmicro650x/cores/asr650x/projects/CubeCellLib.a(ASR_Arduino.o)
                0x000000000000465c                digitalRead
 .text.ClearPinInterrupt
                0x000000000000467c       0x1c /home/fuj/.platformio/packages/framework-arduinoasrmicro650x/cores/asr650x/projects/CubeCellLib.a(ASR_Arduino.o)
                0x000000000000467c                ClearPinInterrupt
 .text.attachInterrupt
                0x0000000000004698       0x7c /home/fuj/.platformio/packages/framework-arduinoasrmicro650x/cores/asr650x/projects/CubeCellLib.a(ASR_Arduino.o)
                0x0000000000004698                attachInterrupt
 .text.detachInterrupt
                0x0000000000004714       0x6c /home/fuj/.platformio/packages/framework-arduinoasrmicro650x/cores/asr650x/projects/CubeCellLib.a(ASR_Arduino.o)
                0x0000000000004714                detachInterrupt
 .text.analogRead
                0x0000000000004780       0x70 /home/fuj/.platformio/packages/framework-arduinoasrmicro650x/cores/asr650x/projects/CubeCellLib.a(ASR_Arduino.o)
                0x0000000000004780                analogRead
 .text.delay    0x00000000000047f0        0x8 /home/fuj/.platformio/packages/framework-arduinoasrmicro650x/cores/asr650x/projects/CubeCellLib.a(ASR_Arduino.o)
                0x00000000000047f0                delay
 .text.millis   0x00000000000047f8        0xc /home/fuj/.platformio/packages/framework-arduinoasrmicro650x/cores/asr650x/projects/CubeCellLib.a(ASR_Arduino.o)
                0x00000000000047f8                millis
 .text.SPI_BUSY_SetDriveMode
                0x0000000000004804        0x2 /home/fuj/.platformio/packages/framework-arduinoasrmicro650x/cores/asr650x/projects/CubeCellLib.a(ASR_Arduino.o)
                0x0000000000004804                SPI_BUSY_SetDriveMode
 .text.SPI_NRESET_SetDriveMode
                0x0000000000004806        0x2 /home/fuj/.platformio/packages/framework-arduinoasrmicro650x/cores/asr650x/projects/CubeCellLib.a(ASR_Arduino.o)
                0x0000000000004806                SPI_NRESET_SetDriveMode
 .text.antpow_SetDriveMode
                0x0000000000004808        0x2 /home/fuj/.platformio/packages/framework-arduinoasrmicro650x/cores/asr650x/projects/CubeCellLib.a(ASR_Arduino.o)
                0x0000000000004808                antpow_SetDriveMode
 .text.SPI_1_miso_m_SetDriveMode
                0x000000000000480a        0x2 /home/fuj/.platformio/packages/framework-arduinoasrmicro650x/cores/asr650x/projects/CubeCellLib.a(ASR_Arduino.o)
                0x000000000000480a                SPI_1_miso_m_SetDriveMode
 .text.SPI_1_mosi_m_SetDriveMode
                0x000000000000480c        0x2 /home/fuj/.platformio/packages/framework-arduinoasrmicro650x/cores/asr650x/projects/CubeCellLib.a(ASR_Arduino.o)
                0x000000000000480c                SPI_1_mosi_m_SetDriveMode
 .text.SPI_1_sclk_m_SetDriveMode
                0x000000000000480e        0x2 /home/fuj/.platformio/packages/framework-arduinoasrmicro650x/cores/asr650x/projects/CubeCellLib.a(ASR_Arduino.o)
                0x000000000000480e                SPI_1_sclk_m_SetDriveMode
 .text.TimeStampsUpdate
                0x0000000000004810       0x38 /home/fuj/.platformio/packages/framework-arduinoasrmicro650x/cores/asr650x/projects/CubeCellLib.a(timeServer.o)
 .text.TimerSetTimeout
                0x0000000000004848       0x10 /home/fuj/.platformio/packages/framework-arduinoasrmicro650x/cores/asr650x/projects/CubeCellLib.a(timeServer.o)
 .text.TimerInsertNewHeadTimer
                0x0000000000004858       0x1c /home/fuj/.platformio/packages/framework-arduinoasrmicro650x/cores/asr650x/projects/CubeCellLib.a(timeServer.o)
 .text.TimerSetSysTime
                0x0000000000004874       0x10 /home/fuj/.platformio/packages/framework-arduinoasrmicro650x/cores/asr650x/projects/CubeCellLib.a(timeServer.o)
                0x0000000000004874                TimerSetSysTime
 .text.TimerGetSysTime
                0x0000000000004884       0x28 /home/fuj/.platformio/packages/framework-arduinoasrmicro650x/cores/asr650x/projects/CubeCellLib.a(timeServer.o)
                0x0000000000004884                TimerGetSysTime
 .text.TimerInit
                0x00000000000048ac        0xe /home/fuj/.platformio/packages/framework-arduinoasrmicro650x/cores/asr650x/projects/CubeCellLib.a(timeServer.o)
                0x00000000000048ac                TimerInit
 *fill*         0x00000000000048ba        0x2 
 .text.TimerStart
                0x00000000000048bc       0x88 /home/fuj/.platformio/packages/framework-arduinoasrmicro650x/cores/asr650x/projects/CubeCellLib.a(timeServer.o)
                0x00000000000048bc                TimerStart
 .text.TimerIrqHandler
                0x0000000000004944       0x70 /home/fuj/.platformio/packages/framework-arduinoasrmicro650x/cores/asr650x/projects/CubeCellLib.a(timeServer.o)
                0x0000000000004944                TimerIrqHandler
 .text.TimerStop
                0x00000000000049b4       0x68 /home/fuj/.platformio/packages/framework-arduinoasrmicro650x/cores/asr650x/projects/CubeCellLib.a(timeServer.o)
                0x00000000000049b4                TimerStop
 .text.TimerSetValue
                0x0000000000004a1c       0x1c /home/fuj/.platformio/packages/framework-arduinoasrmicro650x/cores/asr650x/projects/CubeCellLib.a(timeServer.o)
                0x0000000000004a1c                TimerSetValue
 .text.TimerGetCurrentTime
                0x0000000000004a38       0x10 /home/fuj/.platformio/packages/framework-arduinoasrmicro650x/cores/asr650x/projects/CubeCellLib.a(timeServer.o)
                0x0000000000004a38                TimerGetCurrentTime
 .text.TimerGetElapsedTime
                0x0000000000004a48       0x10 /home/fuj/.platformio/packages/framework-arduinoasrmicro650x/cores/asr650x/projects/CubeCellLib.a(timeServer.o)
                0x0000000000004a48                TimerGetElapsedTime
 .text.TimerTempCompensation
                0x0000000000004a58        0x2 /home/fuj/.platformio/packages/framework-arduinoasrmicro650x/cores/asr650x/projects/CubeCellLib.a(timeServer.o)
                0x0000000000004a58                TimerTempCompensation
 *fill*         0x0000000000004a5a        0x2 
 .text.get_timer_context
                0x0000000000004a5c        0xc /home/fuj/.platformio/packages/framework-arduinoasrmicro650x/cores/asr650x/projects/CubeCellLib.a(lorawan_port.o)
 .text.set_timer_val
                0x0000000000004a68        0xc /home/fuj/.platformio/packages/framework-arduinoasrmicro650x/cores/asr650x/projects/CubeCellLib.a(lorawan_port.o)
 .text.radio_rw_dis
                0x0000000000004a74        0x2 /home/fuj/.platformio/packages/framework-arduinoasrmicro650x/cores/asr650x/projects/CubeCellLib.a(lorawan_port.o)
 .text.radio_rw
                0x0000000000004a76        0x4 /home/fuj/.platformio/packages/framework-arduinoasrmicro650x/cores/asr650x/projects/CubeCellLib.a(lorawan_port.o)
 *fill*         0x0000000000004a7a        0x2 
 .text.RTC_Update_ASR
                0x0000000000004a7c       0x28 /home/fuj/.platformio/packages/framework-arduinoasrmicro650x/cores/asr650x/projects/CubeCellLib.a(lorawan_port.o)
                0x0000000000004a7c                RTC_Update_ASR
 .text.get_current_time
                0x0000000000004aa4       0x54 /home/fuj/.platformio/packages/framework-arduinoasrmicro650x/cores/asr650x/projects/CubeCellLib.a(lorawan_port.o)
                0x0000000000004aa4                get_current_time
 .text.get_sys_time
                0x0000000000004af8       0x28 /home/fuj/.platformio/packages/framework-arduinoasrmicro650x/cores/asr650x/projects/CubeCellLib.a(lorawan_port.o)
                0x0000000000004af8                get_sys_time
 .text.set_sys_time
                0x0000000000004b20       0x44 /home/fuj/.platformio/packages/framework-arduinoasrmicro650x/cores/asr650x/projects/CubeCellLib.a(lorawan_port.o)
                0x0000000000004b20                set_sys_time
 .text.compute_elapsed_time
                0x0000000000004b64       0x10 /home/fuj/.platformio/packages/framework-arduinoasrmicro650x/cores/asr650x/projects/CubeCellLib.a(lorawan_port.o)
 .text.get_timer_elapsed_time
                0x0000000000004b74       0x14 /home/fuj/.platformio/packages/framework-arduinoasrmicro650x/cores/asr650x/projects/CubeCellLib.a(lorawan_port.o)
 .text.set_timer_context
                0x0000000000004b88       0x14 /home/fuj/.platformio/packages/framework-arduinoasrmicro650x/cores/asr650x/projects/CubeCellLib.a(lorawan_port.o)
 .text.enter_sleep_mode
                0x0000000000004b9c        0x8 /home/fuj/.platformio/packages/framework-arduinoasrmicro650x/cores/asr650x/projects/CubeCellLib.a(lorawan_port.o)
 .text.set_alarm
                0x0000000000004ba4       0x20 /home/fuj/.platformio/packages/framework-arduinoasrmicro650x/cores/asr650x/projects/CubeCellLib.a(lorawan_port.o)
 .text.set_timeout
                0x0000000000004bc4       0x2e /home/fuj/.platformio/packages/framework-arduinoasrmicro650x/cores/asr650x/projects/CubeCellLib.a(lorawan_port.o)
 .text.AlarmBackHandler
                0x0000000000004bf2        0x8 /home/fuj/.platformio/packages/framework-arduinoasrmicro650x/cores/asr650x/projects/CubeCellLib.a(lorawan_port.o)
 .text.stop_alarm
                0x0000000000004bfa        0x8 /home/fuj/.platformio/packages/framework-arduinoasrmicro650x/cores/asr650x/projects/CubeCellLib.a(lorawan_port.o)
 .text.delay_ms
                0x0000000000004c02        0x8 /home/fuj/.platformio/packages/framework-arduinoasrmicro650x/cores/asr650x/projects/CubeCellLib.a(lorawan_port.o)
 .text.get_mft_baud
                0x0000000000004c0a        0x8 /home/fuj/.platformio/packages/framework-arduinoasrmicro650x/cores/asr650x/projects/CubeCellLib.a(lorawan_port.o)
 .text.set_mft_baud
                0x0000000000004c12        0x8 /home/fuj/.platformio/packages/framework-arduinoasrmicro650x/cores/asr650x/projects/CubeCellLib.a(lorawan_port.o)
 .text.get_mft_sn
                0x0000000000004c1a        0x8 /home/fuj/.platformio/packages/framework-arduinoasrmicro650x/cores/asr650x/projects/CubeCellLib.a(lorawan_port.o)
 .text.get_mft_rev
                0x0000000000004c22        0x8 /home/fuj/.platformio/packages/framework-arduinoasrmicro650x/cores/asr650x/projects/CubeCellLib.a(lorawan_port.o)
 .text.get_mft_model
                0x0000000000004c2a        0x8 /home/fuj/.platformio/packages/framework-arduinoasrmicro650x/cores/asr650x/projects/CubeCellLib.a(lorawan_port.o)
 .text.get_mft_id
                0x0000000000004c32        0x8 /home/fuj/.platformio/packages/framework-arduinoasrmicro650x/cores/asr650x/projects/CubeCellLib.a(lorawan_port.o)
 .text.radio_rw_en
                0x0000000000004c3a        0x2 /home/fuj/.platformio/packages/framework-arduinoasrmicro650x/cores/asr650x/projects/CubeCellLib.a(lorawan_port.o)
 .text.exit_stop_mode
                0x0000000000004c3c        0x2 /home/fuj/.platformio/packages/framework-arduinoasrmicro650x/cores/asr650x/projects/CubeCellLib.a(lorawan_port.o)
 .text.set_uc_wakeup_time
                0x0000000000004c3e        0x2 /home/fuj/.platformio/packages/framework-arduinoasrmicro650x/cores/asr650x/projects/CubeCellLib.a(lorawan_port.o)
 .text.radio_reset
                0x0000000000004c40        0x2 /home/fuj/.platformio/packages/framework-arduinoasrmicro650x/cores/asr650x/projects/CubeCellLib.a(lorawan_port.o)
 .text.radio_reset_cfg_input
                0x0000000000004c42        0x2 /home/fuj/.platformio/packages/framework-arduinoasrmicro650x/cores/asr650x/projects/CubeCellLib.a(lorawan_port.o)
 .text.BackupGpioDriveMode
                0x0000000000004c44      0x114 /home/fuj/.platformio/packages/framework-arduinoasrmicro650x/cores/asr650x/projects/CubeCellLib.a(lorawan_port.o)
                0x0000000000004c44                BackupGpioDriveMode
 .text.RestoreGpioDriveMode
                0x0000000000004d58      0x118 /home/fuj/.platformio/packages/framework-arduinoasrmicro650x/cores/asr650x/projects/CubeCellLib.a(lorawan_port.o)
                0x0000000000004d58                RestoreGpioDriveMode
 .text.SetPinHIZ
                0x0000000000004e70       0x2e /home/fuj/.platformio/packages/framework-arduinoasrmicro650x/cores/asr650x/projects/CubeCellLib.a(lorawan_port.o)
                0x0000000000004e70                SetPinHIZ
 .text.UartDeepsleep
                0x0000000000004e9e       0x28 /home/fuj/.platformio/packages/framework-arduinoasrmicro650x/cores/asr650x/projects/CubeCellLib.a(lorawan_port.o)
                0x0000000000004e9e                UartDeepsleep
 *fill*         0x0000000000004ec6        0x2 
 .text.enter_stop_mode
                0x0000000000004ec8       0x3c /home/fuj/.platformio/packages/framework-arduinoasrmicro650x/cores/asr650x/projects/CubeCellLib.a(lorawan_port.o)
 .text.RtcInit  0x0000000000004f04       0x3c /home/fuj/.platformio/packages/framework-arduinoasrmicro650x/cores/asr650x/projects/CubeCellLib.a(lorawan_port.o)
                0x0000000000004f04                RtcInit
 .text.Asr_Timer_RegisterAlarmCallback
                0x0000000000004f40       0x10 /home/fuj/.platformio/packages/framework-arduinoasrmicro650x/cores/asr650x/projects/CubeCellLib.a(asr_timer.o)
                0x0000000000004f40                Asr_Timer_RegisterAlarmCallback
 .text.Asr_SetTimeout
                0x0000000000004f50       0xc4 /home/fuj/.platformio/packages/framework-arduinoasrmicro650x/cores/asr650x/projects/CubeCellLib.a(asr_timer.o)
                0x0000000000004f50                Asr_SetTimeout
 .text.Asr_Timer_Init
                0x0000000000005014       0x68 /home/fuj/.platformio/packages/framework-arduinoasrmicro650x/cores/asr650x/projects/CubeCellLib.a(asr_timer.o)
                0x0000000000005014                Asr_Timer_Init
 .text.Asr_Timer_Disable
                0x000000000000507c       0x18 /home/fuj/.platformio/packages/framework-arduinoasrmicro650x/cores/asr650x/projects/CubeCellLib.a(asr_timer.o)
                0x000000000000507c                Asr_Timer_Disable
 .text.Timer0IsrCallback
                0x0000000000005094       0x1c /home/fuj/.platformio/packages/framework-arduinoasrmicro650x/cores/asr650x/projects/CubeCellLib.a(asr_timer.o)
                0x0000000000005094                Timer0IsrCallback
 .text.Timer1IsrCallback
                0x00000000000050b0       0x28 /home/fuj/.platformio/packages/framework-arduinoasrmicro650x/cores/asr650x/projects/CubeCellLib.a(asr_timer.o)
                0x00000000000050b0                Timer1IsrCallback
 .text.systemTimer
                0x00000000000050d8       0x10 /home/fuj/.platformio/packages/framework-arduinoasrmicro650x/cores/asr650x/projects/CubeCellLib.a(cyfitter_cfg.o)
                0x00000000000050d8                systemTimer
 .text.SetAnalogRoutingPumps
                0x00000000000050e8       0x1c /home/fuj/.platformio/packages/framework-arduinoasrmicro650x/cores/asr650x/projects/CubeCellLib.a(cyfitter_cfg.o)
                0x00000000000050e8                SetAnalogRoutingPumps
 .text._ZN6BME28013writeRegisterEhh
                0x0000000000005104       0x2c .pio/build/cubecell_board/libea6/libGrove - Barometer Sensor BME280.a(Seeed_BME280.cpp.o)
                0x0000000000005104                BME280::writeRegister(unsigned char, unsigned char)
 .text._ZN6BME28011BME280Read8Eh
                0x0000000000005130       0x40 .pio/build/cubecell_board/libea6/libGrove - Barometer Sensor BME280.a(Seeed_BME280.cpp.o)
                0x0000000000005130                BME280::BME280Read8(unsigned char)
 .text._ZN6BME28012BME280Read16Eh
                0x0000000000005170       0x4c .pio/build/cubecell_board/libea6/libGrove - Barometer Sensor BME280.a(Seeed_BME280.cpp.o)
                0x0000000000005170                BME280::BME280Read16(unsigned char)
 .text._ZN6BME28014BME280Read16LEEh
                0x00000000000051bc        0xc .pio/build/cubecell_board/libea6/libGrove - Barometer Sensor BME280.a(Seeed_BME280.cpp.o)
                0x00000000000051bc                BME280::BME280Read16LE(unsigned char)
 .text._ZN6BME2804initEv
                0x00000000000051c8      0x118 .pio/build/cubecell_board/libea6/libGrove - Barometer Sensor BME280.a(Seeed_BME280.cpp.o)
                0x00000000000051c8                BME280::init()
 .text._ZN6BME28012BME280Read24Eh
                0x00000000000052e0       0x50 .pio/build/cubecell_board/libea6/libGrove - Barometer Sensor BME280.a(Seeed_BME280.cpp.o)
                0x00000000000052e0                BME280::BME280Read24(unsigned char)
 .text._ZN6BME28014getTemperatureEv
                0x0000000000005330       0x48 .pio/build/cubecell_board/libea6/libGrove - Barometer Sensor BME280.a(Seeed_BME280.cpp.o)
                0x0000000000005330                BME280::getTemperature()
 .text._ZN6BME28011getHumidityEv
                0x0000000000005378       0x9c .pio/build/cubecell_board/libea6/libGrove - Barometer Sensor BME280.a(Seeed_BME280.cpp.o)
                0x0000000000005378                BME280::getHumidity()
 .text._ZN6BME28011getPressureEv
                0x0000000000005414      0x17c .pio/build/cubecell_board/libea6/libGrove - Barometer Sensor BME280.a(Seeed_BME280.cpp.o)
                0x0000000000005414                BME280::getPressure()
 .text._ZN10CayenneLPPC2Eh
                0x0000000000005590       0x18 .pio/build/cubecell_board/lib459/libCayenneLPP.a(CayenneLPP.cpp.o)
                0x0000000000005590                CayenneLPP::CayenneLPP(unsigned char)
                0x0000000000005590                CayenneLPP::CayenneLPP(unsigned char)
 .text._ZN10CayenneLPPD2Ev
                0x00000000000055a8        0xe .pio/build/cubecell_board/lib459/libCayenneLPP.a(CayenneLPP.cpp.o)
                0x00000000000055a8                CayenneLPP::~CayenneLPP()
                0x00000000000055a8                CayenneLPP::~CayenneLPP()
 .text._ZN10CayenneLPP7getSizeEv
                0x00000000000055b6        0x4 .pio/build/cubecell_board/lib459/libCayenneLPP.a(CayenneLPP.cpp.o)
                0x00000000000055b6                CayenneLPP::getSize()
 .text._ZN10CayenneLPP9getBufferEv
                0x00000000000055ba        0x4 .pio/build/cubecell_board/lib459/libCayenneLPP.a(CayenneLPP.cpp.o)
                0x00000000000055ba                CayenneLPP::getBuffer()
 *fill*         0x00000000000055be        0x2 
 .text._ZN10CayenneLPP6isTypeEh
                0x00000000000055c0       0x38 .pio/build/cubecell_board/lib459/libCayenneLPP.a(CayenneLPP.cpp.o)
                0x00000000000055c0                CayenneLPP::isType(unsigned char)
 .text._ZN10CayenneLPP11getTypeSizeEh
                0x00000000000055f8       0x88 .pio/build/cubecell_board/lib459/libCayenneLPP.a(CayenneLPP.cpp.o)
                0x00000000000055f8                CayenneLPP::getTypeSize(unsigned char)
 .text._ZN10CayenneLPP17getTypeMultiplierEh
                0x0000000000005680       0x88 .pio/build/cubecell_board/lib459/libCayenneLPP.a(CayenneLPP.cpp.o)
                0x0000000000005680                CayenneLPP::getTypeMultiplier(unsigned char)
 .text._ZN10CayenneLPP13getTypeSignedEh
                0x0000000000005708       0x24 .pio/build/cubecell_board/lib459/libCayenneLPP.a(CayenneLPP.cpp.o)
                0x0000000000005708                CayenneLPP::getTypeSigned(unsigned char)
 .text._ZN10CayenneLPP8addFieldIfEEhhhT_
                0x000000000000572c       0xca .pio/build/cubecell_board/lib459/libCayenneLPP.a(CayenneLPP.cpp.o)
                0x000000000000572c                unsigned char CayenneLPP::addField<float>(unsigned char, unsigned char, float)
 .text._ZN10CayenneLPP14addTemperatureEhf
                0x00000000000057f6        0xe .pio/build/cubecell_board/lib459/libCayenneLPP.a(CayenneLPP.cpp.o)
                0x00000000000057f6                CayenneLPP::addTemperature(unsigned char, float)
 .text._ZN10CayenneLPP19addRelativeHumidityEhf
                0x0000000000005804        0xe .pio/build/cubecell_board/lib459/libCayenneLPP.a(CayenneLPP.cpp.o)
                0x0000000000005804                CayenneLPP::addRelativeHumidity(unsigned char, float)
 .text._ZN10CayenneLPP10addVoltageEhf
                0x0000000000005812        0xe .pio/build/cubecell_board/lib459/libCayenneLPP.a(CayenneLPP.cpp.o)
                0x0000000000005812                CayenneLPP::addVoltage(unsigned char, float)
 .text._ZN10CayenneLPP21addBarometricPressureEhf
                0x0000000000005820        0xe .pio/build/cubecell_board/lib459/libCayenneLPP.a(CayenneLPP.cpp.o)
                0x0000000000005820                CayenneLPP::addBarometricPressure(unsigned char, float)
 *fill*         0x000000000000582e        0x2 
 .text._ZL11McpsConfirmP12sMcpsConfirm
                0x0000000000005830        0xc .pio/build/cubecell_board/libf04/libLoRa.a(LoRaWan_APP.cpp.o)
 .text._ZL11MlmeConfirmP12sMlmeConfirm
                0x000000000000583c       0x54 .pio/build/cubecell_board/libf04/libLoRa.a(LoRaWan_APP.cpp.o)
 .text._ZL24OnTxNextPacketTimerEventv
                0x0000000000005890       0x68 .pio/build/cubecell_board/libf04/libLoRa.a(LoRaWan_APP.cpp.o)
 .text._ZL14MlmeIndicationP15sMlmeIndication
                0x00000000000058f8        0xe .pio/build/cubecell_board/libf04/libLoRa.a(LoRaWan_APP.cpp.o)
 .text.getBatteryVoltage
                0x0000000000005906       0x28 .pio/build/cubecell_board/libf04/libLoRa.a(LoRaWan_APP.cpp.o)
                0x0000000000005906                getBatteryVoltage
 *fill*         0x000000000000592e        0x2 
 .text.BoardGetBatteryLevel
                0x0000000000005930       0x7c .pio/build/cubecell_board/libf04/libLoRa.a(LoRaWan_APP.cpp.o)
                0x0000000000005930                BoardGetBatteryLevel
 .text.downLinkDataHandle
                0x00000000000059ac       0x58 .pio/build/cubecell_board/libf04/libLoRa.a(LoRaWan_APP.cpp.o)
                0x00000000000059ac                downLinkDataHandle
 .text._ZL14McpsIndicationP15sMcpsIndication
                0x0000000000005a04       0x38 .pio/build/cubecell_board/libf04/libLoRa.a(LoRaWan_APP.cpp.o)
 .text.lwan_dev_params_update
                0x0000000000005a3c       0xa0 .pio/build/cubecell_board/libf04/libLoRa.a(LoRaWan_APP.cpp.o)
                0x0000000000005a3c                lwan_dev_params_update
 .text.SendFrame
                0x0000000000005adc       0x8c .pio/build/cubecell_board/libf04/libLoRa.a(LoRaWan_APP.cpp.o)
                0x0000000000005adc                SendFrame
 .text._ZN12LoRaWanClass4initE12eDeviceClass16eLoRaMacRegion_t
                0x0000000000005b68      0x114 .pio/build/cubecell_board/libf04/libLoRa.a(LoRaWan_APP.cpp.o)
                0x0000000000005b68                LoRaWanClass::init(eDeviceClass, eLoRaMacRegion_t)
 .text._ZN12LoRaWanClass4joinEv
                0x0000000000005c7c       0xb0 .pio/build/cubecell_board/libf04/libLoRa.a(LoRaWan_APP.cpp.o)
                0x0000000000005c7c                LoRaWanClass::join()
 .text._ZN12LoRaWanClass4sendEv
                0x0000000000005d2c       0x3c .pio/build/cubecell_board/libf04/libLoRa.a(LoRaWan_APP.cpp.o)
                0x0000000000005d2c                LoRaWanClass::send()
 .text._ZN12LoRaWanClass5cycleEm
                0x0000000000005d68       0x18 .pio/build/cubecell_board/libf04/libLoRa.a(LoRaWan_APP.cpp.o)
                0x0000000000005d68                LoRaWanClass::cycle(unsigned long)
 .text._ZN12LoRaWanClass5sleepEv
                0x0000000000005d80       0x14 .pio/build/cubecell_board/libf04/libLoRa.a(LoRaWan_APP.cpp.o)
                0x0000000000005d80                LoRaWanClass::sleep()
 .text._ZN12LoRaWanClass10ifskipjoinEv
                0x0000000000005d94       0xfc .pio/build/cubecell_board/libf04/libLoRa.a(LoRaWan_APP.cpp.o)
                0x0000000000005d94                LoRaWanClass::ifskipjoin()
 .text._ZN6Stream9readBytesEPhj
                0x0000000000005e90        0xa .pio/build/cubecell_board/libFrameworkArduino.a(HardwareSerial.cpp.o)
                0x0000000000005e90                Stream::readBytes(unsigned char*, unsigned int)
 .text._ZN14HardwareSerial17availableForWriteEv
                0x0000000000005e9a        0x4 .pio/build/cubecell_board/libFrameworkArduino.a(HardwareSerial.cpp.o)
                0x0000000000005e9a                HardwareSerial::peek()
                0x0000000000005e9a                HardwareSerial::availableForWrite()
 .text._ZN14HardwareSerialD2Ev
                0x0000000000005e9e        0x2 .pio/build/cubecell_board/libFrameworkArduino.a(HardwareSerial.cpp.o)
                0x0000000000005e9e                HardwareSerial::~HardwareSerial()
                0x0000000000005e9e                HardwareSerial::~HardwareSerial()
 .text._ZN14HardwareSerial9availableEv
                0x0000000000005ea0       0x16 .pio/build/cubecell_board/libFrameworkArduino.a(HardwareSerial.cpp.o)
                0x0000000000005ea0                HardwareSerial::available()
 .text._ZN14HardwareSerial4readEv
                0x0000000000005eb6       0x26 .pio/build/cubecell_board/libFrameworkArduino.a(HardwareSerial.cpp.o)
                0x0000000000005eb6                HardwareSerial::read()
 .text._ZN14HardwareSerial5flushEv
                0x0000000000005edc       0x1c .pio/build/cubecell_board/libFrameworkArduino.a(HardwareSerial.cpp.o)
                0x0000000000005edc                HardwareSerial::flush()
 .text._ZN14HardwareSerial5writeEh
                0x0000000000005ef8       0x1a .pio/build/cubecell_board/libFrameworkArduino.a(HardwareSerial.cpp.o)
                0x0000000000005ef8                HardwareSerial::write(unsigned char)
 .text._ZN14HardwareSerial5writeEPKhj
                0x0000000000005f12       0x28 .pio/build/cubecell_board/libFrameworkArduino.a(HardwareSerial.cpp.o)
                0x0000000000005f12                HardwareSerial::write(unsigned char const*, unsigned int)
 .text._ZN14HardwareSerialD0Ev
                0x0000000000005f3a        0xe .pio/build/cubecell_board/libFrameworkArduino.a(HardwareSerial.cpp.o)
                0x0000000000005f3a                HardwareSerial::~HardwareSerial()
 .text._ZN14HardwareSerial5beginEmambm
                0x0000000000005f48       0xb0 .pio/build/cubecell_board/libFrameworkArduino.a(HardwareSerial.cpp.o)
                0x0000000000005f48                HardwareSerial::begin(unsigned long, signed char, unsigned long, bool, unsigned long)
 .text.startup._GLOBAL__sub_I_Serial
                0x0000000000005ff8       0x5c .pio/build/cubecell_board/libFrameworkArduino.a(HardwareSerial.cpp.o)
 .text._ZN7TwoWireD2Ev
                0x0000000000006054        0x2 .pio/build/cubecell_board/libFrameworkArduino.a(Wire.cpp.o)
                0x0000000000006054                TwoWire::~TwoWire()
                0x0000000000006054                TwoWire::~TwoWire()
 .text._ZN7TwoWire5writeEPKhj
                0x0000000000006056       0x24 .pio/build/cubecell_board/libFrameworkArduino.a(Wire.cpp.o)
                0x0000000000006056                TwoWire::write(unsigned char const*, unsigned int)
 .text._ZN7TwoWire9availableEv
                0x000000000000607a        0xe .pio/build/cubecell_board/libFrameworkArduino.a(Wire.cpp.o)
                0x000000000000607a                TwoWire::available()
 .text._ZN7TwoWire4readEv
                0x0000000000006088       0x20 .pio/build/cubecell_board/libFrameworkArduino.a(Wire.cpp.o)
                0x0000000000006088                TwoWire::read()
 .text._ZN7TwoWire4peekEv
                0x00000000000060a8       0x1c .pio/build/cubecell_board/libFrameworkArduino.a(Wire.cpp.o)
                0x00000000000060a8                TwoWire::peek()
 .text._ZN7TwoWireD0Ev
                0x00000000000060c4       0x10 .pio/build/cubecell_board/libFrameworkArduino.a(Wire.cpp.o)
                0x00000000000060c4                TwoWire::~TwoWire()
 .text._ZN7TwoWire5writeEh
                0x00000000000060d4       0x40 .pio/build/cubecell_board/libFrameworkArduino.a(Wire.cpp.o)
                0x00000000000060d4                TwoWire::write(unsigned char)
 .text._ZN7TwoWire5flushEv
                0x0000000000006114       0x78 .pio/build/cubecell_board/libFrameworkArduino.a(Wire.cpp.o)
                0x0000000000006114                TwoWire::flush()
 .text._ZN7TwoWireC2Ea
                0x000000000000618c       0x3c .pio/build/cubecell_board/libFrameworkArduino.a(Wire.cpp.o)
                0x000000000000618c                TwoWire::TwoWire(signed char)
                0x000000000000618c                TwoWire::TwoWire(signed char)
 .text._ZN7TwoWire5beginEma
                0x00000000000061c8       0x6c .pio/build/cubecell_board/libFrameworkArduino.a(Wire.cpp.o)
                0x00000000000061c8                TwoWire::begin(unsigned long, signed char)
 .text._ZN7TwoWire3endEv
                0x0000000000006234       0x16 .pio/build/cubecell_board/libFrameworkArduino.a(Wire.cpp.o)
                0x0000000000006234                TwoWire::end()
 .text._ZN7TwoWire17writeTransmissionEtPhtb
                0x000000000000624a       0x88 .pio/build/cubecell_board/libFrameworkArduino.a(Wire.cpp.o)
                0x000000000000624a                TwoWire::writeTransmission(unsigned short, unsigned char*, unsigned short, bool)
 .text._ZN7TwoWire16readTransmissionEtPhtbPm
                0x00000000000062d2       0xa0 .pio/build/cubecell_board/libFrameworkArduino.a(Wire.cpp.o)
                0x00000000000062d2                TwoWire::readTransmission(unsigned short, unsigned char*, unsigned short, bool, unsigned long*)
 .text._ZN7TwoWire15endTransmissionEb
                0x0000000000006372       0x68 .pio/build/cubecell_board/libFrameworkArduino.a(Wire.cpp.o)
                0x0000000000006372                TwoWire::endTransmission(bool)
 .text._ZN7TwoWire11requestFromEthb
                0x00000000000063da       0x74 .pio/build/cubecell_board/libFrameworkArduino.a(Wire.cpp.o)
                0x00000000000063da                TwoWire::requestFrom(unsigned short, unsigned char, bool)
 .text._ZN7TwoWire11requestFromEii
                0x000000000000644e        0xe .pio/build/cubecell_board/libFrameworkArduino.a(Wire.cpp.o)
                0x000000000000644e                TwoWire::requestFrom(int, int)
 .text._ZN7TwoWire17beginTransmissionEi
                0x000000000000645c       0x12 .pio/build/cubecell_board/libFrameworkArduino.a(Wire.cpp.o)
                0x000000000000645c                TwoWire::beginTransmission(int)
 .text._ZN7TwoWire15endTransmissionEv
                0x000000000000646e        0xa .pio/build/cubecell_board/libFrameworkArduino.a(Wire.cpp.o)
                0x000000000000646e                TwoWire::endTransmission()
 .text.startup._GLOBAL__sub_I__ZN7TwoWireC2Ea
                0x0000000000006478       0x40 .pio/build/cubecell_board/libFrameworkArduino.a(Wire.cpp.o)
 .text.SX126xIoInit
                0x00000000000064b8       0x44 .pio/build/cubecell_board/libFrameworkArduino.a(asr_board.c.o)
                0x00000000000064b8                SX126xIoInit
 .text.SX126xIoIrqInit
                0x00000000000064fc       0x14 .pio/build/cubecell_board/libFrameworkArduino.a(asr_board.c.o)
                0x00000000000064fc                SX126xIoIrqInit
 .text.SX126xGetBoardTcxoWakeupTime
                0x0000000000006510        0x4 .pio/build/cubecell_board/libFrameworkArduino.a(asr_board.c.o)
                0x0000000000006510                SX126xGetBoardTcxoWakeupTime
 .text.SX126xReset
                0x0000000000006514       0x50 .pio/build/cubecell_board/libFrameworkArduino.a(asr_board.c.o)
                0x0000000000006514                SX126xReset
 .text.SX126xWaitOnBusy
                0x0000000000006564       0x14 .pio/build/cubecell_board/libFrameworkArduino.a(asr_board.c.o)
                0x0000000000006564                SX126xWaitOnBusy
 .text.SX126xWakeup
                0x0000000000006578       0x38 .pio/build/cubecell_board/libFrameworkArduino.a(asr_board.c.o)
                0x0000000000006578                SX126xWakeup
 .text.SX126xWriteCommand
                0x00000000000065b0       0x50 .pio/build/cubecell_board/libFrameworkArduino.a(asr_board.c.o)
                0x00000000000065b0                SX126xWriteCommand
 .text.SX126xReadCommand
                0x0000000000006600       0x54 .pio/build/cubecell_board/libFrameworkArduino.a(asr_board.c.o)
                0x0000000000006600                SX126xReadCommand
 .text.SX126xWriteRegisters
                0x0000000000006654       0x5c .pio/build/cubecell_board/libFrameworkArduino.a(asr_board.c.o)
                0x0000000000006654                SX126xWriteRegisters
 .text.SX126xWriteRegister
                0x00000000000066b0       0x12 .pio/build/cubecell_board/libFrameworkArduino.a(asr_board.c.o)
                0x00000000000066b0                SX126xWriteRegister
 *fill*         0x00000000000066c2        0x2 
 .text.SX126xReadRegisters
                0x00000000000066c4       0x64 .pio/build/cubecell_board/libFrameworkArduino.a(asr_board.c.o)
                0x00000000000066c4                SX126xReadRegisters
 .text.SX126xReadRegister
                0x0000000000006728       0x12 .pio/build/cubecell_board/libFrameworkArduino.a(asr_board.c.o)
                0x0000000000006728                SX126xReadRegister
 *fill*         0x000000000000673a        0x2 
 .text.SX126xWriteBuffer
                0x000000000000673c       0x54 .pio/build/cubecell_board/libFrameworkArduino.a(asr_board.c.o)
                0x000000000000673c                SX126xWriteBuffer
 .text.SX126xReadBuffer
                0x0000000000006790       0x5c .pio/build/cubecell_board/libFrameworkArduino.a(asr_board.c.o)
                0x0000000000006790                SX126xReadBuffer
 .text.SX126xSetRfTxPower
                0x00000000000067ec        0xa .pio/build/cubecell_board/libFrameworkArduino.a(asr_board.c.o)
                0x00000000000067ec                SX126xSetRfTxPower
 .text.SX126xGetPaSelect
                0x00000000000067f6        0x4 .pio/build/cubecell_board/libFrameworkArduino.a(asr_board.c.o)
                0x00000000000067f6                SX126xGetPaSelect
 .text.SX126xAntSwOn
                0x00000000000067fa        0x2 .pio/build/cubecell_board/libFrameworkArduino.a(asr_board.c.o)
                0x00000000000067fa                SX126xAntSwOn
 .text.SX126xAntSwOff
                0x00000000000067fc        0x2 .pio/build/cubecell_board/libFrameworkArduino.a(asr_board.c.o)
                0x00000000000067fc                SX126xAntSwOff
 .text.BoardDisableIrq
                0x00000000000067fe        0x4 .pio/build/cubecell_board/libFrameworkArduino.a(asr_board.c.o)
                0x00000000000067fe                BoardDisableIrq
 .text.BoardEnableIrq
                0x0000000000006802        0x4 .pio/build/cubecell_board/libFrameworkArduino.a(asr_board.c.o)
                0x0000000000006802                BoardEnableIrq
 *fill*         0x0000000000006806        0x2 
 .text.boardInitMcu
                0x0000000000006808       0x54 .pio/build/cubecell_board/libFrameworkArduino.a(asr_board.c.o)
                0x0000000000006808                boardInitMcu
 .text.HW_Get_MFT_ID
                0x000000000000685c        0x8 .pio/build/cubecell_board/libFrameworkArduino.a(asr_board.c.o)
                0x000000000000685c                HW_Get_MFT_ID
 .text.HW_Get_MFT_Model
                0x0000000000006864        0x8 .pio/build/cubecell_board/libFrameworkArduino.a(asr_board.c.o)
                0x0000000000006864                HW_Get_MFT_Model
 .text.HW_Get_MFT_Rev
                0x000000000000686c        0x8 .pio/build/cubecell_board/libFrameworkArduino.a(asr_board.c.o)
                0x000000000000686c                HW_Get_MFT_Rev
 .text.HW_Get_MFT_SN
                0x0000000000006874       0x24 .pio/build/cubecell_board/libFrameworkArduino.a(asr_board.c.o)
                0x0000000000006874                HW_Get_MFT_SN
 .text.HW_Set_MFT_Baud
                0x0000000000006898       0x64 .pio/build/cubecell_board/libFrameworkArduino.a(asr_board.c.o)
                0x0000000000006898                HW_Set_MFT_Baud
 .text.HW_Get_MFT_Baud
                0x00000000000068fc        0xc .pio/build/cubecell_board/libFrameworkArduino.a(asr_board.c.o)
                0x00000000000068fc                HW_Get_MFT_Baud
 .text.GpioInit
                0x0000000000006908       0x12 .pio/build/cubecell_board/libFrameworkArduino.a(gpio.c.o)
                0x0000000000006908                GpioInit
 .text.GpioSetInterrupt
                0x000000000000691a        0x8 .pio/build/cubecell_board/libFrameworkArduino.a(gpio.c.o)
                0x000000000000691a                GpioSetInterrupt
 .text.GpioWrite
                0x0000000000006922        0x8 .pio/build/cubecell_board/libFrameworkArduino.a(gpio.c.o)
                0x0000000000006922                GpioWrite
 .text.GpioRead
                0x000000000000692a        0x8 .pio/build/cubecell_board/libFrameworkArduino.a(gpio.c.o)
                0x000000000000692a                GpioRead
 .text.SpiInit  0x0000000000006932        0x8 .pio/build/cubecell_board/libFrameworkArduino.a(spi-board.c.o)
                0x0000000000006932                SpiInit
 *fill*         0x000000000000693a        0x2 
 .text.SpiInOut
                0x000000000000693c       0x34 .pio/build/cubecell_board/libFrameworkArduino.a(spi-board.c.o)
                0x000000000000693c                SpiInOut
 .text.ADC_SAR_Seq_Init
                0x0000000000006970       0xd8 .pio/build/cubecell_board/libFrameworkArduino.a(ADC_SAR_Seq.c.o)
                0x0000000000006970                ADC_SAR_Seq_Init
 .text.ADC_SAR_Seq_Enable
                0x0000000000006a48       0x2c .pio/build/cubecell_board/libFrameworkArduino.a(ADC_SAR_Seq.c.o)
                0x0000000000006a48                ADC_SAR_Seq_Enable
 .text.ADC_SAR_Seq_Start
                0x0000000000006a74       0x1c .pio/build/cubecell_board/libFrameworkArduino.a(ADC_SAR_Seq.c.o)
                0x0000000000006a74                ADC_SAR_Seq_Start
 .text.ADC_SAR_Seq_Stop
                0x0000000000006a90       0x10 .pio/build/cubecell_board/libFrameworkArduino.a(ADC_SAR_Seq.c.o)
                0x0000000000006a90                ADC_SAR_Seq_Stop
 .text.ADC_SAR_Seq_StartConvert
                0x0000000000006aa0        0xc .pio/build/cubecell_board/libFrameworkArduino.a(ADC_SAR_Seq.c.o)
                0x0000000000006aa0                ADC_SAR_Seq_StartConvert
 .text.ADC_SAR_Seq_StopConvert
                0x0000000000006aac        0x2 .pio/build/cubecell_board/libFrameworkArduino.a(ADC_SAR_Seq.c.o)
                0x0000000000006aac                ADC_SAR_Seq_StopConvert
 *fill*         0x0000000000006aae        0x2 
 .text.ADC_SAR_Seq_IsEndConversion
                0x0000000000006ab0       0x2c .pio/build/cubecell_board/libFrameworkArduino.a(ADC_SAR_Seq.c.o)
                0x0000000000006ab0                ADC_SAR_Seq_IsEndConversion
 .text.ADC_SAR_Seq_GetResult16
                0x0000000000006adc       0x20 .pio/build/cubecell_board/libFrameworkArduino.a(ADC_SAR_Seq.c.o)
                0x0000000000006adc                ADC_SAR_Seq_GetResult16
 .text.ADC_SAR_Seq_CountsTo_mVolts
                0x0000000000006afc       0x50 .pio/build/cubecell_board/libFrameworkArduino.a(ADC_SAR_Seq.c.o)
                0x0000000000006afc                ADC_SAR_Seq_CountsTo_mVolts
 .text.ADC_SAR_Seq_ISR
                0x0000000000006b4c        0xc .pio/build/cubecell_board/libFrameworkArduino.a(ADC_SAR_Seq_INT.c.o)
                0x0000000000006b4c                ADC_SAR_Seq_ISR
 .text.I2C_1_I2CMasterHandleStatus
                0x0000000000006b58       0x94 .pio/build/cubecell_board/libFrameworkArduino.a(I2C_1_I2C_MASTER.c.o)
 .text.I2C_1_I2CMasterWaitOneUnit
                0x0000000000006bec       0x24 .pio/build/cubecell_board/libFrameworkArduino.a(I2C_1_I2C_MASTER.c.o)
 .text.I2C_1_I2CMasterSendStart
                0x0000000000006c10       0xbc .pio/build/cubecell_board/libFrameworkArduino.a(I2C_1_I2C_MASTER.c.o)
                0x0000000000006c10                I2C_1_I2CMasterSendStart
 .text.I2C_1_I2CMasterSendStop
                0x0000000000006ccc       0x54 .pio/build/cubecell_board/libFrameworkArduino.a(I2C_1_I2C_MASTER.c.o)
                0x0000000000006ccc                I2C_1_I2CMasterSendStop
 .text.I2C_1_I2CMasterWriteByte
                0x0000000000006d20       0x44 .pio/build/cubecell_board/libFrameworkArduino.a(I2C_1_I2C_MASTER.c.o)
                0x0000000000006d20                I2C_1_I2CMasterWriteByte
 .text.I2C_1_I2CMasterReadByte
                0x0000000000006d64       0x78 .pio/build/cubecell_board/libFrameworkArduino.a(I2C_1_I2C_MASTER.c.o)
                0x0000000000006d64                I2C_1_I2CMasterReadByte
 .text.I2C_1_I2CMasterClearReadBuf
                0x0000000000006ddc       0x24 .pio/build/cubecell_board/libFrameworkArduino.a(I2C_1_I2C_MASTER.c.o)
                0x0000000000006ddc                I2C_1_I2CMasterClearReadBuf
 .text.I2C_1_I2CMasterClearWriteBuf
                0x0000000000006e00       0x24 .pio/build/cubecell_board/libFrameworkArduino.a(I2C_1_I2C_MASTER.c.o)
                0x0000000000006e00                I2C_1_I2CMasterClearWriteBuf
 .text.I2C_1_I2CMasterClearStatus
                0x0000000000006e24       0x20 .pio/build/cubecell_board/libFrameworkArduino.a(I2C_1_I2C_MASTER.c.o)
                0x0000000000006e24                I2C_1_I2CMasterClearStatus
 .text.I2C_I2CMasterHandleStatus
                0x0000000000006e44       0x94 .pio/build/cubecell_board/libFrameworkArduino.a(I2C_I2C_MASTER.c.o)
 .text.I2C_I2CMasterWaitOneUnit
                0x0000000000006ed8       0x24 .pio/build/cubecell_board/libFrameworkArduino.a(I2C_I2C_MASTER.c.o)
 .text.I2C_I2CMasterSendStart
                0x0000000000006efc       0xbc .pio/build/cubecell_board/libFrameworkArduino.a(I2C_I2C_MASTER.c.o)
                0x0000000000006efc                I2C_I2CMasterSendStart
 .text.I2C_I2CMasterSendStop
                0x0000000000006fb8       0x54 .pio/build/cubecell_board/libFrameworkArduino.a(I2C_I2C_MASTER.c.o)
                0x0000000000006fb8                I2C_I2CMasterSendStop
 .text.I2C_I2CMasterWriteByte
                0x000000000000700c       0x44 .pio/build/cubecell_board/libFrameworkArduino.a(I2C_I2C_MASTER.c.o)
                0x000000000000700c                I2C_I2CMasterWriteByte
 .text.I2C_I2CMasterReadByte
                0x0000000000007050       0x78 .pio/build/cubecell_board/libFrameworkArduino.a(I2C_I2C_MASTER.c.o)
                0x0000000000007050                I2C_I2CMasterReadByte
 .text.I2C_I2CMasterClearReadBuf
                0x00000000000070c8       0x24 .pio/build/cubecell_board/libFrameworkArduino.a(I2C_I2C_MASTER.c.o)
                0x00000000000070c8                I2C_I2CMasterClearReadBuf
 .text.I2C_I2CMasterClearWriteBuf
                0x00000000000070ec       0x24 .pio/build/cubecell_board/libFrameworkArduino.a(I2C_I2C_MASTER.c.o)
                0x00000000000070ec                I2C_I2CMasterClearWriteBuf
 .text.I2C_I2CMasterClearStatus
                0x0000000000007110       0x20 .pio/build/cubecell_board/libFrameworkArduino.a(I2C_I2C_MASTER.c.o)
                0x0000000000007110                I2C_I2CMasterClearStatus
 .text.PWM1_Stop
                0x0000000000007130       0x34 .pio/build/cubecell_board/libFrameworkArduino.a(PWM1.c.o)
                0x0000000000007130                PWM1_Stop
 .text.PWM2_Stop
                0x0000000000007164       0x34 .pio/build/cubecell_board/libFrameworkArduino.a(PWM2.c.o)
                0x0000000000007164                PWM2_Stop
 .text._ZN5Print5writeEPKc
                0x0000000000007198       0x1c .pio/build/cubecell_board/libFrameworkArduino.a(Print.cpp.o)
                0x0000000000007198                Print::write(char const*)
 .text._ZN5Print6printfEPKcz
                0x00000000000071b4       0x5a .pio/build/cubecell_board/libFrameworkArduino.a(Print.cpp.o)
                0x00000000000071b4                Print::printf(char const*, ...)
 .text._ZN5Print5printEPKc
                0x000000000000720e        0x8 .pio/build/cubecell_board/libFrameworkArduino.a(Print.cpp.o)
                0x000000000000720e                Print::print(char const*)
 *fill*         0x0000000000007216        0x2 
 .text._ZN5Print7printlnEv
                0x0000000000007218       0x10 .pio/build/cubecell_board/libFrameworkArduino.a(Print.cpp.o)
                0x0000000000007218                Print::println()
 .text._ZN5Print7printlnEPKc
                0x0000000000007228       0x14 .pio/build/cubecell_board/libFrameworkArduino.a(Print.cpp.o)
                0x0000000000007228                Print::println(char const*)
 .text._ZN6Stream9timedReadEv
                0x000000000000723c       0x2a .pio/build/cubecell_board/libFrameworkArduino.a(Stream.cpp.o)
                0x000000000000723c                Stream::timedRead()
 .text._ZN6Stream9readBytesEPcj
                0x0000000000007266       0x22 .pio/build/cubecell_board/libFrameworkArduino.a(Stream.cpp.o)
                0x0000000000007266                Stream::readBytes(char*, unsigned int)
 .text._ZN6Stream10readStringEv
                0x0000000000007288       0x28 .pio/build/cubecell_board/libFrameworkArduino.a(Stream.cpp.o)
                0x0000000000007288                Stream::readString()
 .text._ZN6String10invalidateEv
                0x00000000000072b0       0x18 .pio/build/cubecell_board/libFrameworkArduino.a(WString.cpp.o)
                0x00000000000072b0                String::invalidate()
 .text._ZN6String12changeBufferEj
                0x00000000000072c8       0x3a .pio/build/cubecell_board/libFrameworkArduino.a(WString.cpp.o)
                0x00000000000072c8                String::changeBuffer(unsigned int)
 .text._ZN6String7reserveEj
                0x0000000000007302       0x2a .pio/build/cubecell_board/libFrameworkArduino.a(WString.cpp.o)
                0x0000000000007302                String::reserve(unsigned int)
 .text._ZN6String4copyEPKcj
                0x000000000000732c       0x28 .pio/build/cubecell_board/libFrameworkArduino.a(WString.cpp.o)
                0x000000000000732c                String::copy(char const*, unsigned int)
 .text._ZN6StringC2EPKc
                0x0000000000007354       0x26 .pio/build/cubecell_board/libFrameworkArduino.a(WString.cpp.o)
                0x0000000000007354                String::String(char const*)
                0x0000000000007354                String::String(char const*)
 .text._ZN6String6concatEPKcj
                0x000000000000737a       0x32 .pio/build/cubecell_board/libFrameworkArduino.a(WString.cpp.o)
                0x000000000000737a                String::concat(char const*, unsigned int)
 .text._ZN6String6concatEc
                0x00000000000073ac       0x16 .pio/build/cubecell_board/libFrameworkArduino.a(WString.cpp.o)
                0x00000000000073ac                String::concat(char)
 *fill*         0x00000000000073c2        0x2 
 .text.global_irq_SetPriority
                0x00000000000073c4       0x20 .pio/build/cubecell_board/libFrameworkArduino.a(irq.c.o)
                0x00000000000073c4                global_irq_SetPriority
 .text.global_irq_StartEx
                0x00000000000073e4       0x24 .pio/build/cubecell_board/libFrameworkArduino.a(irq.c.o)
                0x00000000000073e4                global_irq_StartEx
 .text.global_irq_Disable
                0x0000000000007408        0xc .pio/build/cubecell_board/libFrameworkArduino.a(irq.c.o)
                0x0000000000007408                global_irq_Disable
 .text.RadioCheckRfFrequency
                0x0000000000007414        0x4 .pio/build/cubecell_board/libFrameworkArduino.a(radio.c.o)
                0x0000000000007414                RadioCheckRfFrequency
 .text.RadioOnDioIrq
                0x0000000000007418        0xc .pio/build/cubecell_board/libFrameworkArduino.a(radio.c.o)
                0x0000000000007418                RadioOnDioIrq
 .text.RadioStandby
                0x0000000000007424        0xa .pio/build/cubecell_board/libFrameworkArduino.a(radio.c.o)
                0x0000000000007424                RadioStandby
 *fill*         0x000000000000742e        0x2 
 .text.RadioInit
                0x0000000000007430       0x6c .pio/build/cubecell_board/libFrameworkArduino.a(radio.c.o)
                0x0000000000007430                RadioInit
 .text.RadioGetStatus
                0x000000000000749c       0x1a .pio/build/cubecell_board/libFrameworkArduino.a(radio.c.o)
                0x000000000000749c                RadioGetStatus
 .text.RadioSetChannel
                0x00000000000074b6        0x8 .pio/build/cubecell_board/libFrameworkArduino.a(radio.c.o)
                0x00000000000074b6                RadioSetChannel
 .text.RadioRssi
                0x00000000000074be        0xa .pio/build/cubecell_board/libFrameworkArduino.a(radio.c.o)
                0x00000000000074be                RadioRssi
 .text.RadioSyncWord
                0x00000000000074c8       0x10 .pio/build/cubecell_board/libFrameworkArduino.a(radio.c.o)
                0x00000000000074c8                RadioSyncWord
 .text.RadioSend
                0x00000000000074d8       0x58 .pio/build/cubecell_board/libFrameworkArduino.a(radio.c.o)
                0x00000000000074d8                RadioSend
 .text.RadioSleep
                0x0000000000007530       0x10 .pio/build/cubecell_board/libFrameworkArduino.a(radio.c.o)
                0x0000000000007530                RadioSleep
 .text.RadioSetRxDutyCycle
                0x0000000000007540        0x8 .pio/build/cubecell_board/libFrameworkArduino.a(radio.c.o)
                0x0000000000007540                RadioSetRxDutyCycle
 .text.RadioStartCad
                0x0000000000007548       0x64 .pio/build/cubecell_board/libFrameworkArduino.a(radio.c.o)
                0x0000000000007548                RadioStartCad
 .text.RadioSetTxContinuousWave
                0x00000000000075ac       0x44 .pio/build/cubecell_board/libFrameworkArduino.a(radio.c.o)
                0x00000000000075ac                RadioSetTxContinuousWave
 .text.RadioWrite
                0x00000000000075f0        0x8 .pio/build/cubecell_board/libFrameworkArduino.a(radio.c.o)
                0x00000000000075f0                RadioWrite
 .text.RadioRead
                0x00000000000075f8        0x8 .pio/build/cubecell_board/libFrameworkArduino.a(radio.c.o)
                0x00000000000075f8                RadioRead
 .text.RadioWriteBuffer
                0x0000000000007600        0x8 .pio/build/cubecell_board/libFrameworkArduino.a(radio.c.o)
                0x0000000000007600                RadioWriteBuffer
 .text.RadioReadBuffer
                0x0000000000007608        0x8 .pio/build/cubecell_board/libFrameworkArduino.a(radio.c.o)
                0x0000000000007608                RadioReadBuffer
 .text.RadioGetWakeupTime
                0x0000000000007610        0xa .pio/build/cubecell_board/libFrameworkArduino.a(radio.c.o)
                0x0000000000007610                RadioGetWakeupTime
 *fill*         0x000000000000761a        0x2 
 .text.RadioOnTxTimeoutIrq
                0x000000000000761c       0x20 .pio/build/cubecell_board/libFrameworkArduino.a(radio.c.o)
                0x000000000000761c                RadioOnTxTimeoutIrq
 .text.RadioOnRxTimeoutIrq
                0x000000000000763c       0x20 .pio/build/cubecell_board/libFrameworkArduino.a(radio.c.o)
                0x000000000000763c                RadioOnRxTimeoutIrq
 .text.RadioOnCadTimeoutIrq
                0x000000000000765c       0x20 .pio/build/cubecell_board/libFrameworkArduino.a(radio.c.o)
                0x000000000000765c                RadioOnCadTimeoutIrq
 .text.RadioGetFskBandwidthRegValue
                0x000000000000767c       0x34 .pio/build/cubecell_board/libFrameworkArduino.a(radio.c.o)
 .text.RadioSetMaxPayloadLength
                0x00000000000076b0       0x38 .pio/build/cubecell_board/libFrameworkArduino.a(radio.c.o)
                0x00000000000076b0                RadioSetMaxPayloadLength
 .text.RadioRx  0x00000000000076e8       0x54 .pio/build/cubecell_board/libFrameworkArduino.a(radio.c.o)
                0x00000000000076e8                RadioRx
 .text.RadioRxBoosted
                0x000000000000773c       0x48 .pio/build/cubecell_board/libFrameworkArduino.a(radio.c.o)
                0x000000000000773c                RadioRxBoosted
 .text.RadioIrqProcess
                0x0000000000007784      0x13c .pio/build/cubecell_board/libFrameworkArduino.a(radio.c.o)
                0x0000000000007784                RadioIrqProcess
 .text.RadioSetPublicNetwork
                0x00000000000078c0       0x40 .pio/build/cubecell_board/libFrameworkArduino.a(radio.c.o)
                0x00000000000078c0                RadioSetPublicNetwork
 .text.RadioSetModem.part.0
                0x0000000000007900       0x20 .pio/build/cubecell_board/libFrameworkArduino.a(radio.c.o)
 .text.RadioSetModem
                0x0000000000007920       0x20 .pio/build/cubecell_board/libFrameworkArduino.a(radio.c.o)
                0x0000000000007920                RadioSetModem
 .text.RadioIsChannelFree
                0x0000000000007940       0x50 .pio/build/cubecell_board/libFrameworkArduino.a(radio.c.o)
                0x0000000000007940                RadioIsChannelFree
 .text.RadioRandom
                0x0000000000007990       0x38 .pio/build/cubecell_board/libFrameworkArduino.a(radio.c.o)
                0x0000000000007990                RadioRandom
 .text.RadioSymbTime
                0x00000000000079c8       0x2c .pio/build/cubecell_board/libFrameworkArduino.a(radio.c.o)
                0x00000000000079c8                RadioSymbTime
 .text.RadioSetRxConfig
                0x00000000000079f4      0x23c .pio/build/cubecell_board/libFrameworkArduino.a(radio.c.o)
                0x00000000000079f4                RadioSetRxConfig
 .text.RadioSetTxConfig
                0x0000000000007c30      0x1c4 .pio/build/cubecell_board/libFrameworkArduino.a(radio.c.o)
                0x0000000000007c30                RadioSetTxConfig
 .text.RadioTimeOnAir
                0x0000000000007df4      0x198 .pio/build/cubecell_board/libFrameworkArduino.a(radio.c.o)
                0x0000000000007df4                RadioTimeOnAir
 .text.SX126xGetOperatingMode
                0x0000000000007f8c        0xc .pio/build/cubecell_board/libFrameworkArduino.a(sx126x.c.o)
                0x0000000000007f8c                SX126xGetOperatingMode
 .text.SX126xSetOperatingMode
                0x0000000000007f98        0xc .pio/build/cubecell_board/libFrameworkArduino.a(sx126x.c.o)
                0x0000000000007f98                SX126xSetOperatingMode
 .text.SX126xCheckDeviceReady
                0x0000000000007fa4       0x24 .pio/build/cubecell_board/libFrameworkArduino.a(sx126x.c.o)
                0x0000000000007fa4                SX126xCheckDeviceReady
 .text.SX126xSetPayload
                0x0000000000007fc8        0xe .pio/build/cubecell_board/libFrameworkArduino.a(sx126x.c.o)
                0x0000000000007fc8                SX126xSetPayload
 .text.SX126xSetSyncWord
                0x0000000000007fd6       0x10 .pio/build/cubecell_board/libFrameworkArduino.a(sx126x.c.o)
                0x0000000000007fd6                SX126xSetSyncWord
 *fill*         0x0000000000007fe6        0x2 
 .text.SX126xSetCrcSeed
                0x0000000000007fe8       0x24 .pio/build/cubecell_board/libFrameworkArduino.a(sx126x.c.o)
                0x0000000000007fe8                SX126xSetCrcSeed
 .text.SX126xSetCrcPolynomial
                0x000000000000800c       0x24 .pio/build/cubecell_board/libFrameworkArduino.a(sx126x.c.o)
                0x000000000000800c                SX126xSetCrcPolynomial
 .text.SX126xSetWhiteningSeed
                0x0000000000008030       0x3c .pio/build/cubecell_board/libFrameworkArduino.a(sx126x.c.o)
                0x0000000000008030                SX126xSetWhiteningSeed
 .text.SX126xSetSleep
                0x000000000000806c       0x20 .pio/build/cubecell_board/libFrameworkArduino.a(sx126x.c.o)
                0x000000000000806c                SX126xSetSleep
 .text.SX126xSetStandby
                0x000000000000808c       0x28 .pio/build/cubecell_board/libFrameworkArduino.a(sx126x.c.o)
                0x000000000000808c                SX126xSetStandby
 .text.SX126xSetTx
                0x00000000000080b4       0x24 .pio/build/cubecell_board/libFrameworkArduino.a(sx126x.c.o)
                0x00000000000080b4                SX126xSetTx
 .text.SX126xSendPayload
                0x00000000000080d8       0x10 .pio/build/cubecell_board/libFrameworkArduino.a(sx126x.c.o)
                0x00000000000080d8                SX126xSendPayload
 .text.SX126xSetRx
                0x00000000000080e8       0x24 .pio/build/cubecell_board/libFrameworkArduino.a(sx126x.c.o)
                0x00000000000080e8                SX126xSetRx
 .text.SX126xSetRxBoosted
                0x000000000000810c       0x30 .pio/build/cubecell_board/libFrameworkArduino.a(sx126x.c.o)
                0x000000000000810c                SX126xSetRxBoosted
 .text.SX126xSetRxDutyCycle
                0x000000000000813c       0x2c .pio/build/cubecell_board/libFrameworkArduino.a(sx126x.c.o)
                0x000000000000813c                SX126xSetRxDutyCycle
 .text.SX126xSetCad
                0x0000000000008168       0x18 .pio/build/cubecell_board/libFrameworkArduino.a(sx126x.c.o)
                0x0000000000008168                SX126xSetCad
 .text.SX126xSetTxContinuousWave
                0x0000000000008180        0xe .pio/build/cubecell_board/libFrameworkArduino.a(sx126x.c.o)
                0x0000000000008180                SX126xSetTxContinuousWave
 .text.SX126xSetStopRxTimerOnPreambleDetect
                0x000000000000818e       0x12 .pio/build/cubecell_board/libFrameworkArduino.a(sx126x.c.o)
                0x000000000000818e                SX126xSetStopRxTimerOnPreambleDetect
 .text.SX126xSetLoRaSymbNumTimeout
                0x00000000000081a0       0x12 .pio/build/cubecell_board/libFrameworkArduino.a(sx126x.c.o)
                0x00000000000081a0                SX126xSetLoRaSymbNumTimeout
 .text.SX126xSetRegulatorMode
                0x00000000000081b2       0x12 .pio/build/cubecell_board/libFrameworkArduino.a(sx126x.c.o)
                0x00000000000081b2                SX126xSetRegulatorMode
 .text.SX126xCalibrate
                0x00000000000081c4       0x10 .pio/build/cubecell_board/libFrameworkArduino.a(sx126x.c.o)
                0x00000000000081c4                SX126xCalibrate
 .text.SX126xCalibrateImage
                0x00000000000081d4       0x68 .pio/build/cubecell_board/libFrameworkArduino.a(sx126x.c.o)
                0x00000000000081d4                SX126xCalibrateImage
 .text.SX126xSetPaConfig
                0x000000000000823c       0x18 .pio/build/cubecell_board/libFrameworkArduino.a(sx126x.c.o)
                0x000000000000823c                SX126xSetPaConfig
 .text.SX126xSetDioIrqParams
                0x0000000000008254       0x20 .pio/build/cubecell_board/libFrameworkArduino.a(sx126x.c.o)
                0x0000000000008254                SX126xSetDioIrqParams
 .text.SX126xGetIrqStatus
                0x0000000000008274       0x1a .pio/build/cubecell_board/libFrameworkArduino.a(sx126x.c.o)
                0x0000000000008274                SX126xGetIrqStatus
 .text.SX126xSetDio2AsRfSwitchCtrl
                0x000000000000828e       0x12 .pio/build/cubecell_board/libFrameworkArduino.a(sx126x.c.o)
                0x000000000000828e                SX126xSetDio2AsRfSwitchCtrl
 .text.SX126xSetDio3AsTcxoCtrl
                0x00000000000082a0       0x1e .pio/build/cubecell_board/libFrameworkArduino.a(sx126x.c.o)
                0x00000000000082a0                SX126xSetDio3AsTcxoCtrl
 *fill*         0x00000000000082be        0x2 
 .text.SX126xInit
                0x00000000000082c0       0x4c .pio/build/cubecell_board/libFrameworkArduino.a(sx126x.c.o)
                0x00000000000082c0                SX126xInit
 .text.SX126xSetRfFrequency
                0x000000000000830c       0x40 .pio/build/cubecell_board/libFrameworkArduino.a(sx126x.c.o)
                0x000000000000830c                SX126xSetRfFrequency
 .text.SX126xSetPacketType
                0x000000000000834c       0x1c .pio/build/cubecell_board/libFrameworkArduino.a(sx126x.c.o)
                0x000000000000834c                SX126xSetPacketType
 .text.SX126xGetPacketType
                0x0000000000008368        0xc .pio/build/cubecell_board/libFrameworkArduino.a(sx126x.c.o)
                0x0000000000008368                SX126xGetPacketType
 .text.SX126xSetTxParams
                0x0000000000008374       0xb4 .pio/build/cubecell_board/libFrameworkArduino.a(sx126x.c.o)
                0x0000000000008374                SX126xSetTxParams
 .text.SX126xSetModulationParams
                0x0000000000008428       0xa0 .pio/build/cubecell_board/libFrameworkArduino.a(sx126x.c.o)
                0x0000000000008428                SX126xSetModulationParams
 .text.SX126xSetPacketParams
                0x00000000000084c8       0xa8 .pio/build/cubecell_board/libFrameworkArduino.a(sx126x.c.o)
                0x00000000000084c8                SX126xSetPacketParams
 .text.SX126xSetCadParams
                0x0000000000008570       0x30 .pio/build/cubecell_board/libFrameworkArduino.a(sx126x.c.o)
                0x0000000000008570                SX126xSetCadParams
 .text.SX126xSetBufferBaseAddress
                0x00000000000085a0       0x14 .pio/build/cubecell_board/libFrameworkArduino.a(sx126x.c.o)
                0x00000000000085a0                SX126xSetBufferBaseAddress
 .text.SX126xGetRssiInst
                0x00000000000085b4       0x16 .pio/build/cubecell_board/libFrameworkArduino.a(sx126x.c.o)
                0x00000000000085b4                SX126xGetRssiInst
 *fill*         0x00000000000085ca        0x2 
 .text.SX126xGetRxBufferStatus
                0x00000000000085cc       0x4c .pio/build/cubecell_board/libFrameworkArduino.a(sx126x.c.o)
                0x00000000000085cc                SX126xGetRxBufferStatus
 .text.SX126xGetPayload
                0x0000000000008618       0x2c .pio/build/cubecell_board/libFrameworkArduino.a(sx126x.c.o)
                0x0000000000008618                SX126xGetPayload
 .text.SX126xGetPacketStatus
                0x0000000000008644       0x78 .pio/build/cubecell_board/libFrameworkArduino.a(sx126x.c.o)
                0x0000000000008644                SX126xGetPacketStatus
 .text.SX126xClearIrqStatus
                0x00000000000086bc       0x12 .pio/build/cubecell_board/libFrameworkArduino.a(sx126x.c.o)
                0x00000000000086bc                SX126xClearIrqStatus
 *fill*         0x00000000000086ce        0x2 
 .text.SetMlmeScheduleUplinkIndication
                0x00000000000086d0       0x14 .pio/build/cubecell_board/libFrameworkArduino.a(LoRaMac.c.o)
 .text.AddMacCommand
                0x00000000000086e4      0x188 .pio/build/cubecell_board/libFrameworkArduino.a(LoRaMac.c.o)
 .text.ResetMacParameters
                0x000000000000886c       0x9c .pio/build/cubecell_board/libFrameworkArduino.a(LoRaMac.c.o)
 .text.OnAckTimeoutTimerEvent
                0x0000000000008908       0x44 .pio/build/cubecell_board/libFrameworkArduino.a(LoRaMac.c.o)
 .text.ValidatePayloadLength
                0x000000000000894c       0x58 .pio/build/cubecell_board/libFrameworkArduino.a(LoRaMac.c.o)
 .text.PrepareRxDoneAbort
                0x00000000000089a4       0x40 .pio/build/cubecell_board/libFrameworkArduino.a(LoRaMac.c.o)
 .text.ProcessMacCommands
                0x00000000000089e4      0x428 .pio/build/cubecell_board/libFrameworkArduino.a(LoRaMac.c.o)
 .text.OnRadioRxDone
                0x0000000000008e0c      0x5e0 .pio/build/cubecell_board/libFrameworkArduino.a(LoRaMac.c.o)
                0x0000000000008e0c                OnRadioRxDone
 .text.RxWindowSetup
                0x00000000000093ec       0x18 .pio/build/cubecell_board/libFrameworkArduino.a(LoRaMac.c.o)
 .text.OnRxWindow1TimerEvent
                0x0000000000009404       0x80 .pio/build/cubecell_board/libFrameworkArduino.a(LoRaMac.c.o)
 .text.OnRxWindow2TimerEvent
                0x0000000000009484       0x74 .pio/build/cubecell_board/libFrameworkArduino.a(LoRaMac.c.o)
 .text.OpenContinuousRx2Window
                0x00000000000094f8       0x14 .pio/build/cubecell_board/libFrameworkArduino.a(LoRaMac.c.o)
 .text.OnRadioRxTimeout
                0x000000000000950c       0xf8 .pio/build/cubecell_board/libFrameworkArduino.a(LoRaMac.c.o)
 .text.OnRadioTxTimeout
                0x0000000000009604       0x44 .pio/build/cubecell_board/libFrameworkArduino.a(LoRaMac.c.o)
 .text.OnRadioRxError
                0x0000000000009648       0xf8 .pio/build/cubecell_board/libFrameworkArduino.a(LoRaMac.c.o)
 .text.OnRadioTxDone
                0x0000000000009740      0x14c .pio/build/cubecell_board/libFrameworkArduino.a(LoRaMac.c.o)
 .text.PrepareFrame
                0x000000000000988c      0x344 .pio/build/cubecell_board/libFrameworkArduino.a(LoRaMac.c.o)
                0x000000000000988c                PrepareFrame
 .text.SendFrameOnChannel
                0x0000000000009bd0      0x11c .pio/build/cubecell_board/libFrameworkArduino.a(LoRaMac.c.o)
                0x0000000000009bd0                SendFrameOnChannel
 .text.ScheduleTx
                0x0000000000009cec      0x1c8 .pio/build/cubecell_board/libFrameworkArduino.a(LoRaMac.c.o)
 .text.Send     0x0000000000009eb4       0x4c .pio/build/cubecell_board/libFrameworkArduino.a(LoRaMac.c.o)
                0x0000000000009eb4                Send
 .text.OnTxDelayedTimerEvent
                0x0000000000009f00       0x74 .pio/build/cubecell_board/libFrameworkArduino.a(LoRaMac.c.o)
 .text.OnMacStateCheckTimerEvent
                0x0000000000009f74      0x324 .pio/build/cubecell_board/libFrameworkArduino.a(LoRaMac.c.o)
 .text.SetTxContinuousWave
                0x000000000000a298       0x64 .pio/build/cubecell_board/libFrameworkArduino.a(LoRaMac.c.o)
                0x000000000000a298                SetTxContinuousWave
 .text.SetTxContinuousWave1
                0x000000000000a2fc       0x3c .pio/build/cubecell_board/libFrameworkArduino.a(LoRaMac.c.o)
                0x000000000000a2fc                SetTxContinuousWave1
 .text.LoRaMacInitialization
                0x000000000000a338      0x2f0 .pio/build/cubecell_board/libFrameworkArduino.a(LoRaMac.c.o)
                0x000000000000a338                LoRaMacInitialization
 .text.LoRaMacQueryTxPossible
                0x000000000000a628       0xd0 .pio/build/cubecell_board/libFrameworkArduino.a(LoRaMac.c.o)
                0x000000000000a628                LoRaMacQueryTxPossible
 .text.LoRaMacMibGetRequestConfirm
                0x000000000000a6f8      0x13c .pio/build/cubecell_board/libFrameworkArduino.a(LoRaMac.c.o)
                0x000000000000a6f8                LoRaMacMibGetRequestConfirm
 .text.LoRaMacChannelAdd
                0x000000000000a834       0x34 .pio/build/cubecell_board/libFrameworkArduino.a(LoRaMac.c.o)
                0x000000000000a834                LoRaMacChannelAdd
 .text.LoRaMacMulticastChannelLink
                0x000000000000a868       0x3c .pio/build/cubecell_board/libFrameworkArduino.a(LoRaMac.c.o)
                0x000000000000a868                LoRaMacMulticastChannelLink
 .text.LoRaMacMulticastChannelUnlink
                0x000000000000a8a4       0x40 .pio/build/cubecell_board/libFrameworkArduino.a(LoRaMac.c.o)
                0x000000000000a8a4                LoRaMacMulticastChannelUnlink
 .text.LoRaMacMibSetRequestConfirm
                0x000000000000a8e4      0x36c .pio/build/cubecell_board/libFrameworkArduino.a(LoRaMac.c.o)
                0x000000000000a8e4                LoRaMacMibSetRequestConfirm
 .text.LoRaMacMlmeRequest
                0x000000000000ac50      0x228 .pio/build/cubecell_board/libFrameworkArduino.a(LoRaMac.c.o)
                0x000000000000ac50                LoRaMacMlmeRequest
 .text.LoRaMacMcpsRequest
                0x000000000000ae78      0x14c .pio/build/cubecell_board/libFrameworkArduino.a(LoRaMac.c.o)
                0x000000000000ae78                LoRaMacMcpsRequest
 .text.LoRaMacConfirmQueueInit
                0x000000000000afc4       0x28 .pio/build/cubecell_board/libFrameworkArduino.a(LoRaMacConfirmQueue.c.o)
                0x000000000000afc4                LoRaMacConfirmQueueInit
 .text.LoRaMacConfirmQueueAdd
                0x000000000000afec       0x3c .pio/build/cubecell_board/libFrameworkArduino.a(LoRaMacConfirmQueue.c.o)
                0x000000000000afec                LoRaMacConfirmQueueAdd
 .text.LoRaMacConfirmQueueRemoveLast
                0x000000000000b028       0x28 .pio/build/cubecell_board/libFrameworkArduino.a(LoRaMacConfirmQueue.c.o)
                0x000000000000b028                LoRaMacConfirmQueueRemoveLast
 .text.LoRaMacConfirmQueueRemoveFirst
                0x000000000000b050       0x28 .pio/build/cubecell_board/libFrameworkArduino.a(LoRaMacConfirmQueue.c.o)
                0x000000000000b050                LoRaMacConfirmQueueRemoveFirst
 .text.LoRaMacConfirmQueueSetStatus
                0x000000000000b078       0x38 .pio/build/cubecell_board/libFrameworkArduino.a(LoRaMacConfirmQueue.c.o)
                0x000000000000b078                LoRaMacConfirmQueueSetStatus
 .text.LoRaMacConfirmQueueGetStatus
                0x000000000000b0b0       0x38 .pio/build/cubecell_board/libFrameworkArduino.a(LoRaMacConfirmQueue.c.o)
                0x000000000000b0b0                LoRaMacConfirmQueueGetStatus
 .text.LoRaMacConfirmQueueSetStatusCmn
                0x000000000000b0e8       0x38 .pio/build/cubecell_board/libFrameworkArduino.a(LoRaMacConfirmQueue.c.o)
                0x000000000000b0e8                LoRaMacConfirmQueueSetStatusCmn
 .text.LoRaMacConfirmQueueGetStatusCmn
                0x000000000000b120        0xc .pio/build/cubecell_board/libFrameworkArduino.a(LoRaMacConfirmQueue.c.o)
                0x000000000000b120                LoRaMacConfirmQueueGetStatusCmn
 .text.LoRaMacConfirmQueueIsCmdActive
                0x000000000000b12c       0x30 .pio/build/cubecell_board/libFrameworkArduino.a(LoRaMacConfirmQueue.c.o)
                0x000000000000b12c                LoRaMacConfirmQueueIsCmdActive
 .text.LoRaMacConfirmQueueHandleCb
                0x000000000000b15c       0x54 .pio/build/cubecell_board/libFrameworkArduino.a(LoRaMacConfirmQueue.c.o)
                0x000000000000b15c                LoRaMacConfirmQueueHandleCb
 .text.LoRaMacConfirmQueueGetCnt
                0x000000000000b1b0        0xc .pio/build/cubecell_board/libFrameworkArduino.a(LoRaMacConfirmQueue.c.o)
                0x000000000000b1b0                LoRaMacConfirmQueueGetCnt
 .text.LoRaMacConfirmQueueIsFull
                0x000000000000b1bc       0x14 .pio/build/cubecell_board/libFrameworkArduino.a(LoRaMacConfirmQueue.c.o)
                0x000000000000b1bc                LoRaMacConfirmQueueIsFull
 .text.LoRaMacComputeMic
                0x000000000000b1d0       0x84 .pio/build/cubecell_board/libFrameworkArduino.a(LoRaMacCrypto.c.o)
                0x000000000000b1d0                LoRaMacComputeMic
 .text.LoRaMacPayloadEncrypt
                0x000000000000b254       0xe0 .pio/build/cubecell_board/libFrameworkArduino.a(LoRaMacCrypto.c.o)
                0x000000000000b254                LoRaMacPayloadEncrypt
 .text.LoRaMacPayloadDecrypt
                0x000000000000b334       0x1a .pio/build/cubecell_board/libFrameworkArduino.a(LoRaMacCrypto.c.o)
                0x000000000000b334                LoRaMacPayloadDecrypt
 *fill*         0x000000000000b34e        0x2 
 .text.LoRaMacJoinComputeMic
                0x000000000000b350       0x50 .pio/build/cubecell_board/libFrameworkArduino.a(LoRaMacCrypto.c.o)
                0x000000000000b350                LoRaMacJoinComputeMic
 .text.LoRaMacJoinDecrypt
                0x000000000000b3a0       0x44 .pio/build/cubecell_board/libFrameworkArduino.a(LoRaMacCrypto.c.o)
                0x000000000000b3a0                LoRaMacJoinDecrypt
 .text.LoRaMacJoinComputeSKeys
                0x000000000000b3e4       0x9c .pio/build/cubecell_board/libFrameworkArduino.a(LoRaMacCrypto.c.o)
                0x000000000000b3e4                LoRaMacJoinComputeSKeys
 .text.LoRaMacBeaconComputePingOffset
                0x000000000000b480       0x74 .pio/build/cubecell_board/libFrameworkArduino.a(LoRaMacCrypto.c.o)
                0x000000000000b480                LoRaMacBeaconComputePingOffset
 .text.RegionIsActive
                0x000000000000b4f4        0xa .pio/build/cubecell_board/libFrameworkArduino.a(Region.c.o)
                0x000000000000b4f4                RegionIsActive
 .text.RegionGetPhyParam
                0x000000000000b4fe       0x18 .pio/build/cubecell_board/libFrameworkArduino.a(Region.c.o)
                0x000000000000b4fe                RegionGetPhyParam
 .text.RegionSetBandTxDone
                0x000000000000b516        0xe .pio/build/cubecell_board/libFrameworkArduino.a(Region.c.o)
                0x000000000000b516                RegionSetBandTxDone
 .text.RegionInitDefaults
                0x000000000000b524        0xe .pio/build/cubecell_board/libFrameworkArduino.a(Region.c.o)
                0x000000000000b524                RegionInitDefaults
 .text.RegionVerify
                0x000000000000b532       0x18 .pio/build/cubecell_board/libFrameworkArduino.a(Region.c.o)
                0x000000000000b532                RegionVerify
 .text.RegionApplyCFList
                0x000000000000b54a        0xe .pio/build/cubecell_board/libFrameworkArduino.a(Region.c.o)
                0x000000000000b54a                RegionApplyCFList
 .text.RegionChanMaskSet
                0x000000000000b558       0x14 .pio/build/cubecell_board/libFrameworkArduino.a(Region.c.o)
                0x000000000000b558                RegionChanMaskSet
 .text.RegionAdrNext
                0x000000000000b56c       0x1c .pio/build/cubecell_board/libFrameworkArduino.a(Region.c.o)
                0x000000000000b56c                RegionAdrNext
 .text.RegionComputeRxWindowParameters
                0x000000000000b588       0x16 .pio/build/cubecell_board/libFrameworkArduino.a(Region.c.o)
                0x000000000000b588                RegionComputeRxWindowParameters
 .text.RegionRxConfig
                0x000000000000b59e       0x18 .pio/build/cubecell_board/libFrameworkArduino.a(Region.c.o)
                0x000000000000b59e                RegionRxConfig
 .text.RegionTxConfig
                0x000000000000b5b6       0x1a .pio/build/cubecell_board/libFrameworkArduino.a(Region.c.o)
                0x000000000000b5b6                RegionTxConfig
 .text.RegionLinkAdrReq
                0x000000000000b5d0       0x20 .pio/build/cubecell_board/libFrameworkArduino.a(Region.c.o)
                0x000000000000b5d0                RegionLinkAdrReq
 .text.RegionRxParamSetupReq
                0x000000000000b5f0       0x14 .pio/build/cubecell_board/libFrameworkArduino.a(Region.c.o)
                0x000000000000b5f0                RegionRxParamSetupReq
 .text.RegionNewChannelReq
                0x000000000000b604       0x14 .pio/build/cubecell_board/libFrameworkArduino.a(Region.c.o)
                0x000000000000b604                RegionNewChannelReq
 .text.RegionTxParamSetupReq
                0x000000000000b618       0x14 .pio/build/cubecell_board/libFrameworkArduino.a(Region.c.o)
                0x000000000000b618                RegionTxParamSetupReq
 .text.RegionDlChannelReq
                0x000000000000b62c       0x14 .pio/build/cubecell_board/libFrameworkArduino.a(Region.c.o)
                0x000000000000b62c                RegionDlChannelReq
 .text.RegionAlternateDr
                0x000000000000b640       0x14 .pio/build/cubecell_board/libFrameworkArduino.a(Region.c.o)
                0x000000000000b640                RegionAlternateDr
 .text.RegionCalcBackOff
                0x000000000000b654        0xe .pio/build/cubecell_board/libFrameworkArduino.a(Region.c.o)
                0x000000000000b654                RegionCalcBackOff
 .text.RegionNextChannel
                0x000000000000b662       0x1c .pio/build/cubecell_board/libFrameworkArduino.a(Region.c.o)
                0x000000000000b662                RegionNextChannel
 .text.RegionChannelAdd
                0x000000000000b67e       0x14 .pio/build/cubecell_board/libFrameworkArduino.a(Region.c.o)
                0x000000000000b67e                RegionChannelAdd
 .text.RegionSetContinuousWave
                0x000000000000b692        0xe .pio/build/cubecell_board/libFrameworkArduino.a(Region.c.o)
                0x000000000000b692                RegionSetContinuousWave
 .text.RegionApplyDrOffset
                0x000000000000b6a0       0x1a .pio/build/cubecell_board/libFrameworkArduino.a(Region.c.o)
                0x000000000000b6a0                RegionApplyDrOffset
 .text.RegionRxBeaconSetup
                0x000000000000b6ba       0x12 .pio/build/cubecell_board/libFrameworkArduino.a(Region.c.o)
                0x000000000000b6ba                RegionRxBeaconSetup
 .text.VerifyTxFreq
                0x000000000000b6cc       0x9c .pio/build/cubecell_board/libFrameworkArduino.a(RegionEU868.c.o)
 .text.RegionEU868GetPhyParam
                0x000000000000b768      0x108 .pio/build/cubecell_board/libFrameworkArduino.a(RegionEU868.c.o)
                0x000000000000b768                RegionEU868GetPhyParam
 .text.RegionEU868SetBandTxDone
                0x000000000000b870       0x28 .pio/build/cubecell_board/libFrameworkArduino.a(RegionEU868.c.o)
                0x000000000000b870                RegionEU868SetBandTxDone
 .text.RegionEU868InitDefaults
                0x000000000000b898       0x54 .pio/build/cubecell_board/libFrameworkArduino.a(RegionEU868.c.o)
                0x000000000000b898                RegionEU868InitDefaults
 .text.RegionEU868Verify
                0x000000000000b8ec       0x54 .pio/build/cubecell_board/libFrameworkArduino.a(RegionEU868.c.o)
                0x000000000000b8ec                RegionEU868Verify
 .text.RegionEU868ChanMaskSet
                0x000000000000b940       0x34 .pio/build/cubecell_board/libFrameworkArduino.a(RegionEU868.c.o)
                0x000000000000b940                RegionEU868ChanMaskSet
 .text.RegionEU868AdrNext
                0x000000000000b974       0x74 .pio/build/cubecell_board/libFrameworkArduino.a(RegionEU868.c.o)
                0x000000000000b974                RegionEU868AdrNext
 .text.RegionEU868ComputeRxWindowParameters
                0x000000000000b9e8       0x78 .pio/build/cubecell_board/libFrameworkArduino.a(RegionEU868.c.o)
                0x000000000000b9e8                RegionEU868ComputeRxWindowParameters
 .text.RegionEU868RxConfig
                0x000000000000ba60       0xe8 .pio/build/cubecell_board/libFrameworkArduino.a(RegionEU868.c.o)
                0x000000000000ba60                RegionEU868RxConfig
 .text.RegionEU868TxConfig
                0x000000000000bb48      0x120 .pio/build/cubecell_board/libFrameworkArduino.a(RegionEU868.c.o)
                0x000000000000bb48                RegionEU868TxConfig
 .text.RegionEU868LinkAdrReq
                0x000000000000bc68      0x128 .pio/build/cubecell_board/libFrameworkArduino.a(RegionEU868.c.o)
                0x000000000000bc68                RegionEU868LinkAdrReq
 .text.RegionEU868RxParamSetupReq
                0x000000000000bd90       0x48 .pio/build/cubecell_board/libFrameworkArduino.a(RegionEU868.c.o)
                0x000000000000bd90                RegionEU868RxParamSetupReq
 .text.RegionEU868TxParamSetupReq
                0x000000000000bdd8        0x6 .pio/build/cubecell_board/libFrameworkArduino.a(RegionEU868.c.o)
                0x000000000000bdd8                RegionEU868TxParamSetupReq
 *fill*         0x000000000000bdde        0x2 
 .text.RegionEU868DlChannelReq
                0x000000000000bde0       0x40 .pio/build/cubecell_board/libFrameworkArduino.a(RegionEU868.c.o)
                0x000000000000bde0                RegionEU868DlChannelReq
 .text.RegionEU868AlternateDr
                0x000000000000be20       0x3c .pio/build/cubecell_board/libFrameworkArduino.a(RegionEU868.c.o)
                0x000000000000be20                RegionEU868AlternateDr
 .text.RegionEU868CalcBackOff
                0x000000000000be5c       0x88 .pio/build/cubecell_board/libFrameworkArduino.a(RegionEU868.c.o)
                0x000000000000be5c                RegionEU868CalcBackOff
 .text.RegionEU868NextChannel
                0x000000000000bee4      0x150 .pio/build/cubecell_board/libFrameworkArduino.a(RegionEU868.c.o)